--------- beginning of main
02-03 13:24:00.864 26346 26384 I ajgg    : (REDACTED) listConversations finished with size:%s and nextPageToken:%s
02-03 13:24:00.864 26346 26376 I agzj    : Fetch throttled for advanced mode state
02-03 13:24:00.868  3274  3878 D skia    : Could not invert viewmatrix
02-03 13:24:01.036  3274  3878 D skia    : Could not invert viewmatrix
02-03 13:24:01.048  3274  3878 D skia    : Could not invert viewmatrix
02-03 13:24:01.257  3274  3878 D skia    : Could not invert viewmatrix
02-03 13:24:01.272  1074  1391 W Netd    : No subsystem found in netlink event
--------- beginning of system
02-03 13:24:01.272  1911  2031 E NetdConnector: RCV <- {614 Address updated 2407:4d00:9c00:9158:2707:bacc:75c6:f3e0/64 wlan0 0 0}
02-03 13:24:01.273  1911  2031 E NetdConnector: RCV <- {614 Address updated 2407:4d00:9c00:9158:30d1:e396:5072:e0ad/64 wlan0 1 0}
02-03 13:24:01.273  1911  2031 E NetdConnector: RCV <- {615 DnsInfo servers wlan0 86400 2407:4d00:9c00:9158:38ad:2bff:fe39:f0f4,2001:4546:1::1,2001:4546:2::1}
02-03 13:24:01.381  3274  5576 D ActivityManagerWrapper: startActivityFromRecentsAsync display nums: 1 UserID: 0 launchDisplayId: -1 component: ComponentInfo{com.example.wakeonlanhomephone/com.example.wakeonlanhomephone.MainActivity}
02-03 13:24:01.384  3274  3878 D skia    : Could not invert viewmatrix
02-03 13:24:01.390  3274  3878 D skia    : Could not invert viewmatrix
02-03 13:24:01.390   704   704 I QTI PowerHAL: power_hint =8
02-03 13:24:01.390  3274  3878 D skia    : Could not invert viewmatrix
02-03 13:24:01.390   704   704 I QTI PowerHAL: power_hint_override hint=8
02-03 13:24:01.395   720   720 E         : perfHint : 1003, type -1, pl_time -1, com.example.wakeonlanhomephone/com.example.wakeonlanhomephone.MainActivity/2
02-03 13:24:01.395   720   720 E         : perfHint : 1004, type -1, pl_time -1, com.asus.launcher/com.android.launcher3.Launcher/1560001138
02-03 13:24:01.402  3274  3274 D LauncherLife: [onPause] called, Launcher@76bc5e0
02-03 13:24:01.403  3274  3274 I Launcher: [NowClient onPause]
02-03 13:24:01.403  3274  3274 V Launcher: LauncherAppState unregisterBadge
02-03 13:24:01.403  3879  3879 I bpnz    : onPause
02-03 13:24:01.404  3274  3274 V LauncherLife: Time spent in onPause: 2 ms
02-03 13:24:01.405  3879  3879 I bpnz    : onStop
02-03 13:24:01.411   720   720 E         : perfHint : 1003, type -1, pl_time -1, com.example.wakeonlanhomephone/com.example.wakeonlanhomephone.MainActivity/2
02-03 13:24:01.416   720   720 E         : perfHint : 1083, type -1, pl_time -1, com.example.wakeonlanhomephone
02-03 13:24:01.438  1911  2237 D ActivityManager: [MemInfo] Before resuming ActivityRecord{6da1c90 u0 com.example.wakeonlanhomephone/.MainActivity t229}. System free memory=4673208320
02-03 13:24:01.470  3274  3812 D OverviewFlags: setBackButtonAlpha: 1.0
02-03 13:24:01.472  3274  3274 W LauncherLife: [onWindowFocusChanged] called, hasFocus = false, Launcher@76bc5e0
02-03 13:24:01.472  3274  3274 V LauncherLife: Time spent in onWindowFocusChanged: 0 ms
02-03 13:24:01.472  3274  3878 D skia    : Could not invert viewmatrix
02-03 13:24:01.472  3274  3878 D skia    : Could not invert viewmatrix
02-03 13:24:01.477  2134  2134 D OverviewProxyService: [notifyBackButtonAlphaChanged] alpha: 1.0 callBackNum: 2 displayId: 0
02-03 13:24:01.477  2134  2134 D ReflectionMethods: [setBackGestureEnable] enable: true
02-03 13:24:01.478  2134  2134 V ReflectionMethods: ========ReflectionMethods.setBackGestureEnable fail ========
02-03 13:24:01.478  2134  2134 D ReflectionMethods: java.lang.NoSuchMethodException: setBackGestureEnabled [boolean]
02-03 13:24:01.478  3274  3812 D OverviewFlags: setBackButtonAlpha: 1.0
02-03 13:24:01.479  3274  3878 D skia    : Could not invert viewmatrix
02-03 13:24:01.479  3274  3878 D skia    : Could not invert viewmatrix
02-03 13:24:01.485  2441  2591 D PowerSaverHandler: PACKAGE_NAME: com.example.wakeonlanhomephone, isAutoStart: false
02-03 13:24:01.485  2134  2134 D StatusBar: setSystemUiVisibility originVis=922a vis=922a mask=ffffffff oldVal=962a newVal=922a diff=400
02-03 13:24:01.490  3274  3878 D skia    : Could not invert viewmatrix
02-03 13:24:01.490  3274  3878 D skia    : Could not invert viewmatrix
02-03 13:24:01.493  2134  2134 D OverviewProxyService: [notifyBackButtonAlphaChanged] alpha: 1.0 callBackNum: 2 displayId: 0
02-03 13:24:01.493  2134  2134 D ReflectionMethods: [setBackGestureEnable] enable: true
02-03 13:24:01.493  2134  2134 V ReflectionMethods: ========ReflectionMethods.setBackGestureEnable fail ========
02-03 13:24:01.493  2134  2134 D ReflectionMethods: java.lang.NoSuchMethodException: setBackGestureEnabled [boolean]
02-03 13:24:01.494  2134  2134 D StatusBar: setSystemUiVisibility originVis=902a vis=902a mask=ffffffff oldVal=922a newVal=902a diff=200
02-03 13:24:01.494  2441  2591 D OpenedTimeAppInfoProvider: Update DB : number of affected records : 1
02-03 13:24:01.495  2441  2441 D TaskWatcherService: pkgName: com.example.wakeonlanhomephone taskId: 229 game app:0
02-03 13:24:01.495  2441  2441 W ContextImpl: Calling a method in the system process without a qualified user: android.app.ContextImpl.startService:1531 android.content.ContextWrapper.startService:671 com.asus.powersaver.TaskWatcherService$IncomingHandler.handleMessage:112 android.os.Handler.dispatchMessage:106 android.os.Looper.loop:198 
02-03 13:24:01.496  2441  2441 W ContextImpl: Calling a method in the system process without a qualified user: android.app.ContextImpl.sendBroadcast:1005 android.content.ContextWrapper.sendBroadcast:451 com.asus.powersaver.TaskWatcherService$IncomingHandler.handleMessage:127 android.os.Handler.dispatchMessage:106 android.os.Looper.loop:198 
02-03 13:24:01.497  2441  2591 I AppOpsStatusUpdateHandler: pkgName = com.example.wakeonlanhomephone
02-03 13:24:01.497  2441  2591 I AppOpsStatusUpdateHandler: taskId = 229
02-03 13:24:01.497  2441  2591 D CNAppLockHandler: CNAppLockHandler handleAppFocus
02-03 13:24:01.497  2441  2591 D AsusGAHandler: notifyGAInfo isFocused=false
02-03 13:24:01.497  2441  2591 D GameAppHandler: packageName: com.example.wakeonlanhomephone taskId: 229 reason: resumeTopActivityInnerLocked isExternalDisplay: false mTwinViewModeEnabled: false isFirstLaunchInMem: false
02-03 13:24:01.497  2441  2591 D GameAppHandler: intent: Intent { act=android.intent.action.MAIN cat=[android.intent.category.LAUNCHER] flg=0x10300000 cmp=com.example.wakeonlanhomephone/.MainActivity } action: android.intent.action.MAIN className: com.example.wakeonlanhomephone.MainActivity
02-03 13:24:01.498  2441  2592 D GameBrightnessHandler: PACKAGE_NAME: com.example.wakeonlanhomephone, isGame: false
02-03 13:24:01.499  2441  2591 D GameAppHandler: PACKAGE_NAME: com.example.wakeonlanhomephone, isAutoStart: false
02-03 13:24:01.499  2441  2592 D GameBrightnessHandler: PACKAGE_NAME: com.example.wakeonlanhomephone, isAutoStart: false
02-03 13:24:01.499  2441  2592 D GameBrightnessHandler: packageName: com.example.wakeonlanhomephone taskId: 229 reason: resumeTopActivityInnerLocked isExternalDisplay: false mIsAsusStationDocked: false
02-03 13:24:01.499  2441  2592 D GameBrightnessHandler: intent: Intent { act=android.intent.action.MAIN cat=[android.intent.category.LAUNCHER] flg=0x10300000 cmp=com.example.wakeonlanhomephone/.MainActivity } action: android.intent.action.MAIN className: com.example.wakeonlanhomephone.MainActivity
02-03 13:24:01.499  2441  2592 D GameBrightnessHandler: isGame: false isAutoStart: false mIsBrightnessModeOverwriten: false mCurrentBrightnessMode: 1
02-03 13:24:01.499  2441  2592 D GameBrightnessHandler: handleFocusChanged: mPhoneIsGame: false mStationIsGame: false mIsBrightnessModeOverwriten: false mCurrentBrightnessMode: 1 isDisableAutoBrightness: false
02-03 13:24:01.500  2441  2592 D GameBrightnessHandler: handleConnectProtection: isNetworkConnected: true, isEnabled: false
02-03 13:24:01.500  2441  2592 D GameBrightnessHandler: enableWifiConnection: true, mEnableWifiConnection: true
02-03 13:24:01.500  3274  3878 D skia    : Could not invert viewmatrix
02-03 13:24:01.500  3274  3878 D skia    : Could not invert viewmatrix
02-03 13:24:01.494 11222 11222 W sh      : type=1400 audit(0.0:11273): avc: denied { execute_no_trans } for path="/vendor/bin/toolbox" dev="sda18" ino=980 scontext=u:r:savelogmtp:s0 tcontext=u:object_r:vendor_toolbox_exec:s0 tclass=file permissive=0
02-03 13:24:01.506  2441  2441 D PowerSaverService: onStartCommand PowerSaverService:
02-03 13:24:01.507  2441  2591 D GameAppHandler: isGameGenieStart false
02-03 13:24:01.507  2441  2591 D GameAppHandler: triggerGameGenieIntent isKeyguradLocked: false
02-03 13:24:01.507  2441  2591 D GameAppHandler: mLastTriggerIntent: null
02-03 13:24:01.507  2441  2441 D PowerSaverService: current package:com.example.wakeonlanhomephone act:com.example.wakeonlanhomephone.MainActivity sMode:0 pMode:5, game:0
02-03 13:24:01.508  2441  2591 D GameAppHandler: PACKAGE_NAME: com.example.wakeonlanhomephone, isAutoStart: false
02-03 13:24:01.508  2441  2591 D GameAppHandler: PACKAGE_NAME: com.example.wakeonlanhomephone, isGame: false
02-03 13:24:01.508  2441  2591 V GameAppHandler: Start set gaming type
02-03 13:24:01.508  2441  2591 D GameAppHandler: isAutoStartApp = false, isGameApp = false, isExternalDisplay = false
02-03 13:24:01.508  2441  2591 V GameAppHandler-Power: End set gaming type
02-03 13:24:01.511  3274  3878 D skia    : Could not invert viewmatrix
02-03 13:24:01.511  3274  3878 D skia    : Could not invert viewmatrix
02-03 13:24:01.494 11223 11223 W sh      : type=1400 audit(0.0:11274): avc: denied { execute_no_trans } for path="/vendor/bin/toolbox" dev="sda18" ino=980 scontext=u:r:savelogmtp:s0 tcontext=u:object_r:vendor_toolbox_exec:s0 tclass=file permissive=0
02-03 13:24:01.498 11224 11224 W sh      : type=1400 audit(0.0:11275): avc: denied { execute_no_trans } for path="/vendor/bin/toolbox" dev="sda18" ino=980 scontext=u:r:savelogmtp:s0 tcontext=u:object_r:vendor_toolbox_exec:s0 tclass=file permissive=0
02-03 13:24:01.522  3274  3878 D skia    : Could not invert viewmatrix
02-03 13:24:01.546  1911  1943 V WindowOrientationListener: [SensorN] Result: currentRotation=0, proposedRotation=0, oldProposedRotation=0, predictedRotation=0, timeDeltaMS=66.66703, isAccelerating=false, isFlat=false, isSwinging=false, isOverhead=false, isTouched=false, timeUntilSettledMS=0.0, timeUntilAccelerationDelayExpiredMS=0.0, timeUntilFlatDelayExpiredMS=0.0, timeUntilSwingDelayExpiredMS=0.0, timeUntilTouchDelayExpiredMS=442.02594
02-03 13:24:01.579  3274  3878 D skia    : Could not invert viewmatrix
02-03 13:24:01.588 10628 10628 W eonlanhomephon: Accessing hidden method Landroid/view/RenderNode;->getScaleX()F (dark greylist, linking)
02-03 13:24:01.589  3274  3878 D skia    : Could not invert viewmatrix
02-03 13:24:01.612  3274  3878 D skia    : Could not invert viewmatrix
02-03 13:24:01.623  3274  3878 D skia    : Could not invert viewmatrix
02-03 13:24:01.633  3274  3878 D skia    : Could not invert viewmatrix
02-03 13:24:01.633 28524 11226 D NextAppTrainingJobService: insert data - Package:__na__, Previous1:com.example.wakeonlanhomephone, Previous2:com.asus.launcher, Previous3:com.google.android.googlequicksearchbox, Previous4:com.asus.launcher, Timestamp:1770096241481, p1_ts_diff:43, p2_ts_diff:3739, p3_ts_diff:4765, p4_ts_diff:7734, p1_dur:43, p2_dur:3654, p3_dur:995, p4_dur:2930, Hour:13, DayClass:12~18, Weekday:Tuesday, WeekClass:weekday, Timezone:Asia/Taipei, UTC:8, Plugged:1, LastPlugged:3974821, MobileRadioOn:0, LastMobileRadioOn:86400, WifiOn:1, LastWifiOn:86400, GpsOn:-1, LastGpsOn:9458736, SensorOn:-1, LastSensorOn:5744, WifiScan:-1, LastWifiScan:31318, WifiFullLock:-1, LastWifiFullLock:36742948, WifiRunning:1, LastWifiRunning:78390417, WifiMultiCastOn:-1, LastWifiMultiCastOn:53331618, AudioOn:-1, LastAudioOn:3243454, CameraOn:0, LastCameraOn:86400, VideoOn:0, LastVideoOn:86400, LowPowerModeOn:0, LastLowPowerModeOn:86400, FlashlightOn:0, LastFlashlightOn:86400, ChargingOn:1, LastChargingOn:73612533, PhoneInCall:0, LastPhoneInCall:86400, PhoneScanning:0, LastPhoneScanning:86400, BleScanning:1, LastBleScanning:276390, WifiHotspotOn:0, LastWifiHotspotOn:86400, 
02-03 13:24:01.641   704   704 I QTI PowerHAL: power_hint =8
02-03 13:24:01.641   704   704 I QTI PowerHAL: power_hint_override hint=8
02-03 13:24:01.645  3274  3878 D skia    : Could not invert viewmatrix
02-03 13:24:01.645  3274  3878 D skia    : Could not invert viewmatrix
02-03 13:24:01.655   743  1238 I chatty  : uid=1000(system) Binder:743_3 expire 2 lines
02-03 13:24:01.656  3274  3878 D skia    : Could not invert viewmatrix
02-03 13:24:01.656  3274  3878 D skia    : Could not invert viewmatrix
02-03 13:24:01.657 28524 11226 D NextAppCoreTrainingJobService: [gamemode] game mode list = [com.example.wakeonlanhomephone, com.google.android.googlequicksearchbox, com.brave.browser, com.android.vending, com.wo.voice2, com.apple.android.music, com.example.usbsoundconnect, com.asus.filemanager, com.asus.gallery, com.asus.gamecenter, com.asus.deskclock, com.asus.contacts, com.google.android.apps.messaging, com.limelight, com.google.android.apps.chromecast.app]
02-03 13:24:01.657 28524 11226 D NextAppCoreTrainingJobService: [filter predict result] current pkg = com.example.wakeonlanhomephone, predict 1 = com.example.wakeonlanhomephone:0.4768443703651428, predict 2 = com.google.android.googlequicksearchbox:0.11576049774885178, predict 3 = com.brave.browser:0.08708373457193375, predict 4 = com.android.vending:0.05756038799881935, predict 5 = com.wo.voice2:0.03282804787158966
02-03 13:24:01.657 28524 11226 D NextAppCoreTrainingJobService: [predict result] current pkg = com.example.wakeonlanhomephone, predict 1 = com.example.wakeonlanhomephone:0.4768443703651428, predict 2 = com.google.android.googlequicksearchbox:0.11576049774885178, predict 3 = com.brave.browser:0.08708373457193375, predict 4 = com.android.vending:0.05756038799881935, predict 5 = com.google.android.packageinstaller:0.05515347793698311
02-03 13:24:01.657 28524 11226 D NextAppCoreTrainingJobService: [20 launch app][filter predict result] current pkg = com.example.wakeonlanhomephone, predict 1 = com.example.wakeonlanhomephone:0.4768443703651428, predict 2 = com.google.android.googlequicksearchbox:0.11576049774885178, predict 3 = com.brave.browser:0.08708373457193375, predict 4 = com.android.vending:0.05756038799881935, predict 5 = com.wo.voice2:0.03282804787158966
02-03 13:24:01.657 28524 11226 D NextAppCoreTrainingJobService: [20 launch app][predict result] current pkg = com.example.wakeonlanhomephone, predict 1 = com.example.wakeonlanhomephone:0.4768443703651428, predict 2 = com.google.android.googlequicksearchbox:0.11576049774885178, predict 3 = com.brave.browser:0.08708373457193375, predict 4 = com.android.vending:0.05756038799881935, predict 5 = com.google.android.packageinstaller:0.05515347793698311
02-03 13:24:01.657 28524 11226 D NextAppCoreTrainingJobService: [predictAll] pkg = com.example.wakeonlanhomephone,com.google.android.googlequicksearchbox,com.brave.browser,com.android.vending,com.wo.voice2,com.apple.android.music,com.example.usbsoundconnect,com.asus.filemanager,com.asus.gallery,com.asus.gamecenter,com.asus.deskclock,com.asus.contacts,com.google.android.apps.messaging,com.limelight,com.google.android.apps.chromecast.app
02-03 13:24:01.657 28524 11226 D NextAppCoreTrainingJobService: [predictAll] rate= 4768,1157,870,575,328,307,150,145,96,3,2,2,2,2,2
02-03 13:24:01.657 28524 11226 D NextAppCoreTrainingJobService: [predictAll] userId= 0,0,0,0,0,0,0,0,0,0,0,0,0,0,0
02-03 13:24:01.659  3274  3274 D AppsPredictionProvider: NextAppCoreObserver onChange:false
02-03 13:24:01.664  3274  3632 D AppsPredictionProvider: app prediction list:com.example.wakeonlanhomephone,com.google.android.googlequicksearchbox,com.brave.browser,com.android.vending,com.wo.voice2,com.apple.android.music,com.example.usbsoundconnect,com.asus.filemanager,com.asus.gallery,com.asus.gamecenter,com.asus.deskclock,com.asus.contacts,com.google.android.apps.messaging,com.limelight,com.google.android.apps.chromecast.app
02-03 13:24:01.664  3274  3632 D AppsPredictionProvider: app prediction user id list:0,0,0,0,0,0,0,0,0,0,0,0,0,0,0
02-03 13:24:01.668  3274  3878 D skia    : Could not invert viewmatrix
02-03 13:24:01.779  3274  3878 D skia    : Could not invert viewmatrix
02-03 13:24:01.792  3274  3274 D GamingRotationHelper: notifyChange: setRequestedOrientation = 5
02-03 13:24:01.797  3274  3812 D OverviewFlags: setBackButtonAlpha: 1.0
02-03 13:24:01.797  3274  3878 D skia    : Could not invert viewmatrix
02-03 13:24:01.798  3274  3878 D skia    : Could not invert viewmatrix
02-03 13:24:01.817   720   720 E         : perfHint : 1002, type -1, pl_time -1, com.asus.launcher/com.android.launcher3.Launcher/1560001138
02-03 13:24:01.819  3274  3274 D LauncherLife: [onStop] called, Launcher@76bc5e0
02-03 13:24:01.820  3274  3274 V LauncherLife: Time spent in onStop: 0 ms
02-03 13:24:01.823  2134  2134 D OverviewProxyService: [notifyBackButtonAlphaChanged] alpha: 1.0 callBackNum: 2 displayId: 0
02-03 13:24:01.824  2134  2134 D ReflectionMethods: [setBackGestureEnable] enable: true
02-03 13:24:01.824  2134  2134 V ReflectionMethods: ========ReflectionMethods.setBackGestureEnable fail ========
02-03 13:24:01.824  2134  2134 D ReflectionMethods: java.lang.NoSuchMethodException: setBackGestureEnabled [boolean]
02-03 13:24:01.853   743   743 I chatty  : uid=1000(system) /system/bin/surfaceflinger expire 17 lines
02-03 13:24:01.994   720   720 E         : perfHint : 1087, type 1, pl_time -1, android
02-03 13:24:02.066  8953  8953 W msgr.AppComponentFactory: Instantiating Service
02-03 13:24:02.515   720   720 E         : perfHint : 1087, type 1, pl_time -1, android
02-03 13:24:02.582   720   720 E         : perfHint : 1080, type 1, pl_time 1357, android
02-03 13:24:02.660 10628 10628 W eonlanhomephon: Accessing hidden method Landroid/view/RenderNode;->getScaleX()F (dark greylist, linking)
02-03 13:24:02.917 26346 26365 I earchbox:searc: Explicit concurrent copying GC freed 490123(14MB) AllocSpace objects, 8(400KB) LOS objects, 49% free, 12MB/24MB, paused 350us total 117.100ms
02-03 13:24:03.005  1911  2043 I chatty  : uid=1000(system) WifiStateMachin expire 29 lines
02-03 13:24:03.036  8953  8961 W msgr.DefaultCloseableReference: Finalized without closing: f2478d7 ca325c4 (type = X.2Mm)
02-03 13:24:03.036  8953  8961 W msgr.27y: Finalized without closing: 13ac67d ca325c4 (type = X.2Mm)
02-03 13:24:03.036  8953  8961 W msgr.DefaultCloseableReference: Finalized without closing: 90fcad 5867be2 (type = X.2Mm)
02-03 13:24:03.036  8953  8961 W msgr.27y: Finalized without closing: 13ac67d 5867be2 (type = X.2Mm)
02-03 13:24:03.036  8953  8961 W msgr.DefaultCloseableReference: Finalized without closing: 6cdcb73 78eda30 (type = X.2Mm)
02-03 13:24:03.036  8953  8961 W msgr.27y: Finalized without closing: 13ac67d 78eda30 (type = X.2Mm)
02-03 13:24:03.036  8953  8961 W msgr.DefaultCloseableReference: Finalized without closing: f6db6a9 f14742e (type = X.2Mm)
02-03 13:24:03.037  8953  8961 W msgr.27y: Finalized without closing: 13ac67d f14742e (type = X.2Mm)
02-03 13:24:03.037  8953  8961 W msgr.DefaultCloseableReference: Finalized without closing: afabcf 23f695c (type = X.2Mm)
02-03 13:24:03.037  8953  8961 W msgr.27y: Finalized without closing: 13ac67d 23f695c (type = X.2Mm)
02-03 13:24:03.037  8953  8961 W msgr.DefaultCloseableReference: Finalized without closing: 421465 977a53a (type = X.2Mm)
02-03 13:24:03.037  8953  8961 W msgr.27y: Finalized without closing: 13ac67d 977a53a (type = X.2Mm)
02-03 13:24:03.037  8953  8961 W msgr.DefaultCloseableReference: Finalized without closing: 12535eb 207bf48 (type = X.2Mm)
02-03 13:24:03.037  8953  8961 W msgr.27y: Finalized without closing: 13ac67d 207bf48 (type = X.2Mm)
02-03 13:24:03.037  8953  8961 W msgr.DefaultCloseableReference: Finalized without closing: 34491e1 daadb06 (type = X.2Mm)
02-03 13:24:03.037  8953  8961 W msgr.27y: Finalized without closing: 13ac67d daadb06 (type = X.2Mm)
02-03 13:24:03.037  8953  8961 W msgr.DefaultCloseableReference: Finalized without closing: d1f45c7 c7d87f4 (type = X.2Mm)
02-03 13:24:03.037  8953  8961 W msgr.27y: Finalized without closing: 13ac67d c7d87f4 (type = X.2Mm)
02-03 13:24:03.037  8953  8961 W msgr.DefaultCloseableReference: Finalized without closing: b976b1d 789a192 (type = X.2Mm)
02-03 13:24:03.037  8953  8961 W msgr.27y: Finalized without closing: 13ac67d 789a192 (type = X.2Mm)
02-03 13:24:03.037  8953  8961 W msgr.DefaultCloseableReference: Finalized without closing: dc07763 8e52f60 (type = X.2Mm)
02-03 13:24:03.038  8953  8961 W msgr.27y: Finalized without closing: 13ac67d 8e52f60 (type = X.2Mm)
02-03 13:24:03.038  8953  8961 W msgr.DefaultCloseableReference: Finalized without closing: 2449c19 31c44de (type = X.2Mm)
02-03 13:24:03.038  8953  8961 W msgr.27y: Finalized without closing: 13ac67d 31c44de (type = X.2Mm)
02-03 13:24:03.038  8953  8961 W msgr.DefaultCloseableReference: Finalized without closing: 1b926bf c5de18c (type = X.2Mm)
02-03 13:24:03.038  8953  8961 W msgr.27y: Finalized without closing: 13ac67d c5de18c (type = X.2Mm)
02-03 13:24:03.039  8953  8961 W msgr.DefaultCloseableReference: Finalized without closing: cf9e0d5 2a3d0ea (type = X.2Mm)
02-03 13:24:03.039  8953  8961 W msgr.27y: Finalized without closing: 13ac67d 2a3d0ea (type = X.2Mm)
02-03 13:24:03.039  8953  8961 W msgr.DefaultCloseableReference: Finalized without closing: 8636fdb ccd8a78 (type = X.2Mm)
02-03 13:24:03.039  8953  8961 W msgr.27y: Finalized without closing: 13ac67d ccd8a78 (type = X.2Mm)
02-03 13:24:03.039  8953  8961 W msgr.DefaultCloseableReference: Finalized without closing: 484b551 96611b6 (type = X.2Mm)
02-03 13:24:03.039  8953  8961 W msgr.27y: Finalized without closing: 13ac67d 96611b6 (type = X.2Mm)
02-03 13:24:03.040  8953  8961 W msgr.DefaultCloseableReference: Finalized without closing: 29f2eb7 68cd624 (type = X.2Mm)
02-03 13:24:03.040  8953  8961 W msgr.27y: Finalized without closing: 13ac67d 68cd624 (type = X.2Mm)
02-03 13:24:03.040  8953  8961 W msgr.DefaultCloseableReference: Finalized without closing: 70e558d 7399342 (type = X.2Mm)
02-03 13:24:03.040  8953  8961 W msgr.27y: Finalized without closing: 13ac67d 7399342 (type = X.2Mm)
02-03 13:24:03.040  8953  8961 W msgr.DefaultCloseableReference: Finalized without closing: 56dff53 d33090 (type = X.2Mm)
02-03 13:24:03.040  8953  8961 W msgr.27y: Finalized without closing: 13ac67d d33090 (type = X.2Mm)
02-03 13:24:03.043 26346 26365 I earchbox:searc: Explicit concurrent copying GC freed 18579(705KB) AllocSpace objects, 0(0B) LOS objects, 50% free, 11MB/22MB, paused 220us total 104.484ms
02-03 13:24:03.043 26346 26365 I app_process64: Native memory cannot be purged, Android API level < 28.
02-03 13:24:03.750  1911  1943 V WindowOrientationListener: [SensorN] Proposed rotation changed!  proposedRotation=3, oldProposedRotation=-1
02-03 13:24:03.751  1911  1943 V WindowOrientationListener: [SensorN] setCurrentRotation=3
02-03 13:24:03.753   720   720 E         : perfHint : 1089, type -1, pl_time -1, 
02-03 13:24:03.780  1911  2084 D InadvertentTouchController: <MSG_DISPLAY_CHANGED> mInadvertentTouchEnable or mCompleteSetupWizard false. return
02-03 13:24:03.780  1911  1943 I chatty  : uid=1000(system) android.ui expire 12 lines
02-03 13:24:03.780  1911  2071 I chatty  : uid=1000(system) AudioService expire 4 lines
02-03 13:24:03.780   741  1033 V AudioFlinger: setParameters(): io 0, keyvalue rotation=270, calling pid 1911 calling uid 1000
02-03 13:24:03.780   741  1033 V AudioFlinger: setParameters: filtered keyvalue rotation=270
02-03 13:24:03.781   689  1474 D audio_hw_primary: adev_set_parameters: enter: rotation=270
02-03 13:24:03.781   689  1474 D audio_hw_extn: audio_extn_set_anc_parameters: anc_enabled:0
02-03 13:24:03.781   689  1474 D audio_hw_spkr_prot: audio_extn_fbsp_set_parameters: Speaker protection disabled
02-03 13:24:03.782  2134  2134 D keyguard: AsusFuManager:mDisplayState: 2, newState: 2
02-03 13:24:03.784   689  1474 E modules.usbaudio.audio_hal: adev_set_parameters: enter: rotation=270
02-03 13:24:03.794  2134  2163 D NavigationGestureService: [onRotationChanged] on display:0 old rotation: -1, new rotation:3
02-03 13:24:03.794  2134  2163 D AsusNaviGestureAlgorithm: [updateGestureRule] mActiveRange: 69 mTouchLegalArea: 52 mTouchLegalRange: 52 mTriggerDivider_first: 405.0 mTriggerDivider_second: 675.0 mCancelAreaTop: 1440 mCancelAreaBottom: 50 mTriggerAreaForExtra: 135.0 mTriggerAreaForTool: 945.0 mQuickTrigger: 1960 mCurrentRotation: 3 mForStation: false
02-03 13:24:03.794  2134  2163 D AsusRotationSuggestionController: [setVisibility] show: false
02-03 13:24:03.796  1911  1943 I ActivityManager: Config changes=20000480 {0 1.3 ?mcc?mnc [zh_TW,en_NZ] ldltr sw375dp w751dp h351dp 460dpi nrml long hdr widecg land night finger -keyb/v/h -nav/h winConfig={ mBounds=Rect(0, 0 - 0, 0) mAppBounds=Rect(0, 0 - 2160, 1080) mWindowingMode=fullscreen mActivityType=undefined} s.18}
02-03 13:24:03.809  8953  8953 W msgr.InitStatus: Not blocking Service (20640847)
02-03 13:24:03.814  2441  2441 I AlwaysOn:AlwaysOnApplication: Application onConfigurationChanged(): orientation=2
02-03 13:24:03.814  2441  4746 I AlwaysOn:Agent:  checkConfigurationChanged(): other configurations (old={0 1.3 ?mcc?mnc [zh_TW,en_NZ] ldltr sw375dp w375dp h727dp 460dpi nrml long hdr widecg port night finger -keyb/v/h -nav/h winConfig={ mBounds=Rect(0, 0 - 0, 0) mAppBounds=Rect(0, 0 - 1080, 2160) mWindowingMode=fullscreen mActivityType=undefined} s.17}  -->  new={0 1.3 ?mcc?mnc [zh_TW,en_NZ] ldltr sw375dp w751dp h351dp 460dpi nrml long hdr widecg land night finger -keyb/v/h -nav/h winConfig={ mBounds=Rect(0, 0 - 0, 0) mAppBounds=Rect(0, 0 - 2160, 1080) mWindowingMode=fullscreen mActivityType=undefined} s.18}) ...
02-03 13:24:03.814  2441  2441 D AlwaysOn:Agent:  handleUiMessage_CreateNewViewManager():  ...
02-03 13:24:03.815  2441  2441 D AlwaysOn:CommonUtils:  get always on. (result=false) ...
02-03 13:24:03.816  1911  1943 I ActivityManager: Override config changes=20000480 {0 1.3 ?mcc?mnc [zh_TW,en_NZ] ldltr sw375dp w751dp h351dp 460dpi nrml long hdr widecg land night finger -keyb/v/h -nav/h winConfig={ mBounds=Rect(0, 0 - 2160, 1080) mAppBounds=Rect(0, 0 - 2160, 1080) mWindowingMode=fullscreen mActivityType=undefined} s.18} for displayId=0
02-03 13:24:03.824  6264  6264 W fbservices-stub:InitStatus: Not blocking Service (59086411)
02-03 13:24:03.825  3351  3351 I LauncherApplication: isSystemFontChanged: false
02-03 13:24:03.827  2134  2134 D NavigationBarView: [updateNavButtonIcons] Home: vis= true alpha: 1.0, Back: vis= true alpha: 1.0, Recent: vis= true alpha: 1.0
02-03 13:24:03.827  4737  4737 D DialpadTwelveKeyViewFactory: resetControlView
02-03 13:24:03.827  4737  4737 D DialpadTwelveKeyViewFactory: resetDialerView
02-03 13:24:03.827  4737  4737 D DialpadTwelveKeyViewFactory: resetLanguageDialpad
02-03 13:24:03.827  1911  1911 D Telecom : AsusTelecomReceiver: AsusTelecomReceiver: onReceive()...action = android.intent.action.CONFIGURATION_CHANGED
02-03 13:24:03.828  2134  2328 D StatusBarClock: Received:android.intent.action.CONFIGURATION_CHANGED|mAmPmStyle: 1
02-03 13:24:03.828  2134  2134 D NavigationGestureView: update gesture icon order isRTL: false isDefaultLayoutMode: true rotation: 3
02-03 13:24:03.829  1911  2024 I chatty  : uid=1000(system) InputReader expire 11 lines
02-03 13:24:03.831  2543  2556 D [TELESERVICE][AsusPhoneUtils]: getMobileSlot(): slotId = 0
02-03 13:24:03.848 20755 20850 I chatty  : uid=10126(com.google.android.inputmethod.latin) sp-control-1 expire 16 lines
02-03 13:24:03.853   699   994 E SDM     : HWCDisplay::GetHWCLayer: [0] GetLayer(634) failed: no such layer
02-03 13:24:03.853   699   994 I chatty  : uid=1000(system) HwBinder:699_1 identical 6 lines
02-03 13:24:03.853   699   994 E SDM     : HWCDisplay::GetHWCLayer: [0] GetLayer(634) failed: no such layer
02-03 13:24:03.853   699   994 E SDM     : HWCDisplay::SetLayerZOrder: [0] updateLayerZ failed to find layer
02-03 13:24:03.853   699   994 E SDM     : HWCDisplay::GetHWCLayer: [0] GetLayer(634) failed: no such layer
02-03 13:24:03.853   699   994 E SDM     : HWCDisplay::GetHWCLayer: [0] GetLayer(634) failed: no such layer
02-03 13:24:03.854  2134  2134 D NavigationBarView: [updateNavButtonIcons] Home: vis= true alpha: 1.0, Back: vis= true alpha: 1.0, Recent: vis= true alpha: 1.0
02-03 13:24:03.857 20755 20861 I chatty  : uid=10126(com.google.android.inputmethod.latin) ExeSeq-P10-1 expire 6 lines
02-03 13:24:03.858 20755 11235 I chatty  : uid=10126(com.google.android.inputmethod.latin) expire 2 lines
02-03 13:24:03.858 20755 11234 I chatty  : uid=10126(com.google.android.inputmethod.latin) expire 3 lines
02-03 13:24:03.863  2134  2134 D Tracking_QSPanel_Layout: SystemUIAP onConfigurationChanged, 1:2
02-03 13:24:03.867  2134  2134 D StatusBar: disable1: 0x00000000 -> 0x00000000 (diff1: 0x00000000)
02-03 13:24:03.867  2134  2134 D StatusBar: disable2: 0x00000000 -> 0x00000000 (diff2: 0x00000000)
02-03 13:24:03.867  2134  2134 D StatusBar: disable<e i a s b h r c s > disable2<q i n >
02-03 13:24:03.867 10628 10628 V Monotype: SetAppTypeFace- try to flip, app = com.example.wakeonlanhomephone
02-03 13:24:03.867 10628 10628 V Monotype:     Typeface getFontPathFlipFont - systemFont = default#default
02-03 13:24:03.868  2134  2134 D Tracking_QSPanel_Layout: orientation:2, isPortrait:false
02-03 13:24:03.868  2134  2134 D Tracking_QSPanel_Layout: mColumns:4 , columns:5
02-03 13:24:03.868  2134  2134 D Tracking_QSPanel_Layout: PageTY:true , true
02-03 13:24:03.868  2134  2134 D Tracking_QSPanel_Layout: orientation:2, isPortrait:false
02-03 13:24:03.868  2134  2134 D Tracking_QSPanel_Layout: mColumns:4 , columns:5
02-03 13:24:03.868  2134  2134 D Tracking_QSPanel_Layout: PageTY:true , true
02-03 13:24:03.868  2134  2134 D Tracking_QSPanel_Layout: orientation:2, isPortrait:false
02-03 13:24:03.868  2134  2134 D Tracking_QSPanel_Layout: mColumns:4 , columns:5
02-03 13:24:03.868  2134  2134 D Tracking_QSPanel_Layout: PageTY:true , true
02-03 13:24:03.869  2134  2134 D Tracking_QSPanel_Layout: orientation:2, isPortrait:false
02-03 13:24:03.869  2134  2134 D Tracking_QSPanel_Layout: mColumns:0 , columns:5
02-03 13:24:03.870  2134  2134 D Tracking_QSPanel_Layout: PageTY:true , true
02-03 13:24:03.870  2134  2134 D Tracking_QSPanel_Layout: orientation:2, isPortrait:false
02-03 13:24:03.870  2134  2134 D Tracking_QSPanel_Layout: PageTY:false , true
02-03 13:24:03.870  2134  2134 D Tracking_QSPanel_Layout: orientation:2, isPortrait:false
02-03 13:24:03.870  2134  2134 D Tracking_QSPanel_Layout: mColumns:0 , columns:5
02-03 13:24:03.870  2134  2134 D Tracking_QSPanel_Layout: PageTY:true , true
02-03 13:24:03.870  2134  2134 D Tracking_QSPanel_Layout: orientation:2, isPortrait:false
02-03 13:24:03.870  2134  2134 D Tracking_QSPanel_Layout: PageTY:false , true
02-03 13:24:03.870  2134  2134 D Tracking_QSPanel_Layout: orientation:2, isPortrait:false
02-03 13:24:03.870  2134  2134 D Tracking_QSPanel_Layout: mColumns:0 , columns:5
02-03 13:24:03.870  2134  2134 D Tracking_QSPanel_Layout: PageTY:true , true
02-03 13:24:03.870  2134  2134 D Tracking_QSPanel_Layout: orientation:2, isPortrait:false
02-03 13:24:03.870  2134  2134 D Tracking_QSPanel_Layout: PageTY:false , true
02-03 13:24:03.871  2134  2134 V StatusBar: defineSlots
02-03 13:24:03.873  2134  2134 V StatusBar: configuration changed: {0 1.3 ?mcc?mnc [zh_TW,en_NZ] ldltr sw375dp w751dp h351dp 460dpi nrml long hdr widecg land night finger -keyb/v/h -nav/h winConfig={ mBounds=Rect(0, 0 - 2160, 1080) mAppBounds=Rect(0, 0 - 2160, 1080) mWindowingMode=fullscreen mActivityType=undefined} s.18}
02-03 13:24:03.889  2134  2134 I keyguard: AsusMediator:onConfigurationChanged:{0 1.3 ?mcc?mnc [zh_TW,en_NZ] ldltr sw375dp w751dp h351dp 460dpi nrml long hdr widecg land night finger -keyb/v/h -nav/h winConfig={ mBounds=Rect(0, 0 - 2160, 1080) mAppBounds=Rect(0, 0 - 2160, 1080) mWindowingMode=fullscreen mActivityType=undefined} s.18}
02-03 13:24:03.889  2134  2134 I keyguard: AsusSlideshowManager:onConfigurationChanged
02-03 13:24:03.890  2134  2134 I keyguard: SlideshowLocaleManager:getLanguageLocale: zh_tw
02-03 13:24:03.895  2134  2134 I keyguard: TargetContainer:init
02-03 13:24:03.899  2134  2134 I keyguard: AsusLSShortcut:setAppInfo:相機
02-03 13:24:03.900  2134  2134 I keyguard: TargetContainer:init
02-03 13:24:03.900  2134  2134 W keyguard: AsusShortcutInfo:appName not found:android.content.pm.PackageManager$NameNotFoundException: ComponentInfo{com.asus.keyguard.module.slideshow.ui/com.asus.keyguard.module.slideshow.ui.SlideshowSettingPanelView}
02-03 13:24:03.900  2134  2134 I keyguard: AsusLSShortcut:setAppInfo:null
02-03 13:24:03.901  2134  2134 D StatusBar: setSystemUiVisibility originVis=902a vis=902a mask=ffffffff oldVal=902a newVal=902a diff=0
02-03 13:24:03.902  2134  2134 D Tracking_QSPanel_Layout: SystemUIAP ACTION_CONFIGURATION_CHANGED, 2:2
02-03 13:24:03.902  2134  2134 V Dialog  : Is ZenUI six dialog: com.android.systemui
02-03 13:24:03.910 10628 10628 W eonlanhomephon: Accessing hidden method Landroid/view/RenderNode;->getScaleX()F (dark greylist, linking)
02-03 13:24:03.919  2134  2134 D StatusBarClock: getSmallTime: 下午1:24
02-03 13:24:03.927  2134  2134 W StaticLayout: maxLineHeight should not be -1.  maxLines:1 lineCount:1
02-03 13:24:03.929  2134  2134 I chatty  : uid=10072(com.android.systemui) identical 54 lines
02-03 13:24:03.963  1911  2237 I WindowManager: Screen frozen for +212ms due to Window{6582178 u0 StatusBar}
02-03 13:24:03.966   743  1238 I chatty  : uid=1000(system) Binder:743_3 expire 3 lines
02-03 13:24:03.974   743   985 I chatty  : uid=1000(system) Binder:743_2 expire 1 line
02-03 13:24:03.975   720   720 E         : perfHint : 1090, type -1, pl_time -1, 
02-03 13:24:04.187   743   743 I chatty  : uid=1000(system) /system/bin/surfaceflinger expire 10 lines
02-03 13:24:04.338  1074  1391 W Netd    : No subsystem found in netlink event
02-03 13:24:04.339  1911  2031 E NetdConnector: RCV <- {614 Address updated 2407:4d00:9c00:9158:2707:bacc:75c6:f3e0/64 wlan0 0 0}
02-03 13:24:04.339  1911  2031 E NetdConnector: RCV <- {614 Address updated 2407:4d00:9c00:9158:30d1:e396:5072:e0ad/64 wlan0 1 0}
02-03 13:24:04.339  1911  2031 E NetdConnector: RCV <- {615 DnsInfo servers wlan0 86400 2407:4d00:9c00:9158:38ad:2bff:fe39:f0f4,2001:4546:1::1,2001:4546:2::1}
02-03 13:24:04.953  1911  1943 V WindowOrientationListener: [SensorN] Proposed rotation changed!  proposedRotation=0, oldProposedRotation=-1
02-03 13:24:04.955  1911  1943 V WindowOrientationListener: [SensorN] setCurrentRotation=0
02-03 13:24:04.957   720   720 E         : perfHint : 1089, type -1, pl_time -1, 
02-03 13:24:04.988  1911  2084 D InadvertentTouchController: <MSG_DISPLAY_CHANGED> mInadvertentTouchEnable or mCompleteSetupWizard false. return
02-03 13:24:04.989   741  1033 V AudioFlinger: setParameters(): io 0, keyvalue rotation=0, calling pid 1911 calling uid 1000
02-03 13:24:04.989   741  1033 V AudioFlinger: setParameters: filtered keyvalue rotation=0
02-03 13:24:04.990   689  1474 D audio_hw_primary: adev_set_parameters: enter: rotation=0
02-03 13:24:04.990   689  1474 D audio_hw_extn: audio_extn_set_anc_parameters: anc_enabled:0
02-03 13:24:04.990   689  1474 D audio_hw_spkr_prot: audio_extn_fbsp_set_parameters: Speaker protection disabled
02-03 13:24:04.992   689  1474 E modules.usbaudio.audio_hal: adev_set_parameters: enter: rotation=0
02-03 13:24:04.995  2134  2389 I chatty  : uid=10072(com.android.systemui) Binder:2134_4 expire 3 lines
02-03 13:24:04.998  1911  1950 I ActivityManager: Config changes=20000480 {0 1.3 ?mcc?mnc [zh_TW,en_NZ] ldltr sw375dp w375dp h727dp 460dpi nrml long hdr widecg port night finger -keyb/v/h -nav/h winConfig={ mBounds=Rect(0, 0 - 0, 0) mAppBounds=Rect(0, 0 - 1080, 2160) mWindowingMode=fullscreen mActivityType=undefined} s.19}
02-03 13:24:05.006  8953  8953 W msgr.InitStatus: Not blocking Service (20640847)
02-03 13:24:05.012  2441  2441 I AlwaysOn:AlwaysOnApplication: Application onConfigurationChanged(): orientation=1
02-03 13:24:05.012  2441  4746 I AlwaysOn:Agent:  checkConfigurationChanged(): other configurations (old={0 1.3 ?mcc?mnc [zh_TW,en_NZ] ldltr sw375dp w751dp h351dp 460dpi nrml long hdr widecg land night finger -keyb/v/h -nav/h winConfig={ mBounds=Rect(0, 0 - 0, 0) mAppBounds=Rect(0, 0 - 2160, 1080) mWindowingMode=fullscreen mActivityType=undefined} s.18}  -->  new={0 1.3 ?mcc?mnc [zh_TW,en_NZ] ldltr sw375dp w375dp h727dp 460dpi nrml long hdr widecg port night finger -keyb/v/h -nav/h winConfig={ mBounds=Rect(0, 0 - 0, 0) mAppBounds=Rect(0, 0 - 1080, 2160) mWindowingMode=fullscreen mActivityType=undefined} s.19}) ...
02-03 13:24:05.012  2441  2441 D AlwaysOn:Agent:  handleUiMessage_CreateNewViewManager():  ...
02-03 13:24:05.012  2441  2441 D AlwaysOn:CommonUtils:  get always on. (result=false) ...
02-03 13:24:05.014  4737  4737 D DialpadTwelveKeyViewFactory: resetControlView
02-03 13:24:05.014  4737  4737 D DialpadTwelveKeyViewFactory: resetDialerView
02-03 13:24:05.014  4737  4737 D DialpadTwelveKeyViewFactory: resetLanguageDialpad
02-03 13:24:05.017  3351  3351 I LauncherApplication: isSystemFontChanged: false
02-03 13:24:05.022  1911  1950 I ActivityManager: Override config changes=20000480 {0 1.3 ?mcc?mnc [zh_TW,en_NZ] ldltr sw375dp w375dp h727dp 460dpi nrml long hdr widecg port night finger -keyb/v/h -nav/h winConfig={ mBounds=Rect(0, 0 - 1080, 2160) mAppBounds=Rect(0, 0 - 1080, 2160) mWindowingMode=fullscreen mActivityType=undefined} s.19} for displayId=0
02-03 13:24:05.027  6264  6264 W fbservices-stub:InitStatus: Not blocking Service (59086411)
02-03 13:24:05.028  1911  1911 D Telecom : AsusTelecomReceiver: AsusTelecomReceiver: onReceive()...action = android.intent.action.CONFIGURATION_CHANGED
02-03 13:24:05.029  2134  2328 I chatty  : uid=10072(com.android.systemui) TimeTick expire 1 line
02-03 13:24:05.030  2543  2556 D [TELESERVICE][AsusPhoneUtils]: getMobileSlot(): slotId = 0
02-03 13:24:05.047 10628 10628 V Monotype: SetAppTypeFace- try to flip, app = com.example.wakeonlanhomephone
02-03 13:24:05.047 10628 10628 V Monotype:     Typeface getFontPathFlipFont - systemFont = default#default
02-03 13:24:05.051   699   994 E SDM     : HWCDisplay::GetHWCLayer: [0] GetLayer(638) failed: no such layer
02-03 13:24:05.051   699   994 E SDM     : HWCDisplay::GetHWCLayer: [0] GetLayer(638) failed: no such layer
02-03 13:24:05.051   699   994 E SDM     : HWCDisplay::SetLayerZOrder: [0] updateLayerZ failed to find layer
02-03 13:24:05.051   699   994 E SDM     : HWCDisplay::GetHWCLayer: [0] GetLayer(638) failed: no such layer
02-03 13:24:05.051   699   994 E SDM     : HWCDisplay::GetHWCLayer: [0] GetLayer(638) failed: no such layer
02-03 13:24:05.058 20755 11237 I chatty  : uid=10126(com.google.android.inputmethod.latin) expire 2 lines
02-03 13:24:05.058 20755 11236 I chatty  : uid=10126(com.google.android.inputmethod.latin) expire 2 lines
02-03 13:24:05.059 20755 11238 I chatty  : uid=10126(com.google.android.inputmethod.latin) expire 2 lines
02-03 13:24:05.080  2134  2134 I keyguard: SlideshowLocaleManager:getLanguageLocale: zh_tw
02-03 13:24:05.084  2134  2134 I keyguard: SlideshowSettingPanel:reInflateLayout: zenUI60: true, supportChannelWallpaper: truesupportChannelWallpaperRemove: false
02-03 13:24:05.084  2134  2134 I keyguard: InfiniteViewPager:MODE_CYCLE
02-03 13:24:05.088 10628 10628 W eonlanhomephon: Accessing hidden method Landroid/view/RenderNode;->getScaleX()F (dark greylist, linking)
02-03 13:24:05.088  2134  2134 I keyguard: TargetContainer:init
02-03 13:24:05.089  2134  2134 I keyguard: AsusLSShortcut:setAppInfo:相機
02-03 13:24:05.089  2134  2134 I keyguard: TargetContainer:init
02-03 13:24:05.090  2134  2134 W keyguard: AsusShortcutInfo:appName not found:android.content.pm.PackageManager$NameNotFoundException: ComponentInfo{com.asus.keyguard.module.slideshow.ui/com.asus.keyguard.module.slideshow.ui.SlideshowSettingPanelView}
02-03 13:24:05.090  2134  2134 I keyguard: AsusLSShortcut:setAppInfo:null
02-03 13:24:05.091  2134  2134 D Tracking_QSPanel_Layout: SystemUIAP ACTION_CONFIGURATION_CHANGED, 1:1
02-03 13:24:05.091  2134  2134 V Dialog  : Is ZenUI six dialog: com.android.systemui
02-03 13:24:05.102  2134  2134 D StatusBarClock: getSmallTime: 下午1:24
02-03 13:24:05.103  2134  2134 D StatusBar: setSystemUiVisibility originVis=902a vis=902a mask=ffffffff oldVal=902a newVal=902a diff=0
02-03 13:24:05.114  2134  2134 W StaticLayout: maxLineHeight should not be -1.  maxLines:1 lineCount:1
02-03 13:24:05.117  2134  2134 W StaticLayout: maxLineHeight should not be -1.  maxLines:1 lineCount:1
02-03 13:24:05.117  2134  2134 W StaticLayout: maxLineHeight should not be -1.  maxLines:3 lineCount:3
02-03 13:24:05.117  2134  2134 W StaticLayout: maxLineHeight should not be -1.  maxLines:1 lineCount:1
02-03 13:24:05.119  2134  2134 W StaticLayout: maxLineHeight should not be -1.  maxLines:1 lineCount:1
02-03 13:24:05.136  2134  2134 D StatusBar: disable1: 0x00000000 -> 0x00000000 (diff1: 0x00000000)
02-03 13:24:05.136  2134  2134 D StatusBar: disable2: 0x00000000 -> 0x00000000 (diff2: 0x00000000)
02-03 13:24:05.136  2134  2134 D StatusBar: disable<e i a s b h r c s > disable2<q i n >
02-03 13:24:05.148  2134  2134 D NavigationGestureView: update gesture icon order isRTL: false isDefaultLayoutMode: true rotation: 0
02-03 13:24:05.150  2134  2134 D NavigationBarView: [updateNavButtonIcons] Home: vis= true alpha: 1.0, Back: vis= true alpha: 1.0, Recent: vis= true alpha: 1.0
02-03 13:24:05.151  1911  2000 I WindowManager: Screen frozen for +195ms due to Window{6582178 u0 StatusBar}
02-03 13:24:05.154   743  2021 I chatty  : uid=1000(system) Binder:743_5 expire 4 lines
02-03 13:24:05.164   720   720 E         : perfHint : 1090, type -1, pl_time -1, 
02-03 13:24:05.169  2134  2134 I keyguard: TargetContainer:initDrag
02-03 13:24:05.169  2134  2134 E keyguard: FramesHelp:not support no path data
02-03 13:24:05.169  2134  2134 I keyguard: TargetContainer:initDrag
02-03 13:24:05.169  2134  2134 E keyguard: FramesHelp:not support no path data
02-03 13:24:05.255 31756 10998 I NearbyMediums: No BLE Fast/GATT advertisements found in the latest cycle.
02-03 13:24:05.256 31756 10998 I NearbyMediums: Current Tracked Scanning Clients are : {NearbyConnections.EnvironmentMonitor, NearbySharing}
02-03 13:24:05.282   743   743 I chatty  : uid=1000(system) /system/bin/surfaceflinger expire 44 lines
02-03 13:24:06.556  1911  1943 V WindowOrientationListener: [SensorN] Result: currentRotation=0, proposedRotation=0, oldProposedRotation=0, predictedRotation=0, timeDeltaMS=66.66703, isAccelerating=false, isFlat=false, isSwinging=false, isOverhead=false, isTouched=false, timeUntilSettledMS=0.0, timeUntilAccelerationDelayExpiredMS=0.0, timeUntilFlatDelayExpiredMS=0.0, timeUntilSwingDelayExpiredMS=0.0, timeUntilTouchDelayExpiredMS=0.0
02-03 13:24:07.310  1074  1391 W Netd    : No subsystem found in netlink event
02-03 13:24:07.311  1911  2031 E NetdConnector: RCV <- {614 Address updated 2407:4d00:9c00:9158:2707:bacc:75c6:f3e0/64 wlan0 0 0}
02-03 13:24:07.311  1911  2031 E NetdConnector: RCV <- {614 Address updated 2407:4d00:9c00:9158:30d1:e396:5072:e0ad/64 wlan0 1 0}
02-03 13:24:07.311  1911  2031 E NetdConnector: RCV <- {615 DnsInfo servers wlan0 86400 2407:4d00:9c00:9158:38ad:2bff:fe39:f0f4,2001:4546:1::1,2001:4546:2::1}
02-03 13:24:07.652   705 10305 I chatty  : uid=1000(system) HwBinder:705_1 expire 12 lines
02-03 13:24:08.452 26346 11214 V ClearcutMetricXmitter: Transmission is done.
02-03 13:24:10.285  1074  1391 W Netd    : No subsystem found in netlink event
02-03 13:24:10.285  1911  2031 E NetdConnector: RCV <- {614 Address updated 2407:4d00:9c00:9158:2707:bacc:75c6:f3e0/64 wlan0 0 0}
02-03 13:24:10.286  1911  2031 E NetdConnector: RCV <- {614 Address updated 2407:4d00:9c00:9158:30d1:e396:5072:e0ad/64 wlan0 1 0}
02-03 13:24:10.286  1911  2031 E NetdConnector: RCV <- {615 DnsInfo servers wlan0 86400 2407:4d00:9c00:9158:38ad:2bff:fe39:f0f4,2001:4546:1::1,2001:4546:2::1}
02-03 13:24:11.551  1911  1943 V WindowOrientationListener: [SensorN] Result: currentRotation=0, proposedRotation=0, oldProposedRotation=0, predictedRotation=0, timeDeltaMS=66.79781, isAccelerating=false, isFlat=false, isSwinging=false, isOverhead=false, isTouched=false, timeUntilSettledMS=0.0, timeUntilAccelerationDelayExpiredMS=0.0, timeUntilFlatDelayExpiredMS=0.0, timeUntilSwingDelayExpiredMS=0.0, timeUntilTouchDelayExpiredMS=0.0
02-03 13:24:13.108 31756 31756 D BoundBrokerSvc: onUnbind: Intent { act=com.google.android.gms.libs.gmscorelogger.service.START dat=chimera-action: cmp=com.google.android.gms/.chimera.PersistentDirectBootAwareApiService }
02-03 13:24:13.356  1074  1391 W Netd    : No subsystem found in netlink event
02-03 13:24:13.356  1911  2031 E NetdConnector: RCV <- {614 Address updated 2407:4d00:9c00:9158:2707:bacc:75c6:f3e0/64 wlan0 0 0}
02-03 13:24:13.357  1911  2031 E NetdConnector: RCV <- {614 Address updated 2407:4d00:9c00:9158:30d1:e396:5072:e0ad/64 wlan0 1 0}
02-03 13:24:13.357  1911  2031 E NetdConnector: RCV <- {615 DnsInfo servers wlan0 86400 2407:4d00:9c00:9158:38ad:2bff:fe39:f0f4,2001:4546:1::1,2001:4546:2::1}
02-03 13:24:15.258 31756 10998 I NearbyMediums: No BLE Fast/GATT advertisements found in the latest cycle.
02-03 13:24:15.259 31756 10998 I NearbyMediums: Current Tracked Scanning Clients are : {NearbyConnections.EnvironmentMonitor, NearbySharing}
02-03 13:24:16.331  1074  1391 W Netd    : No subsystem found in netlink event
02-03 13:24:16.332  1911  2031 E NetdConnector: RCV <- {614 Address updated 2407:4d00:9c00:9158:2707:bacc:75c6:f3e0/64 wlan0 0 0}
02-03 13:24:16.332  1911  2043 I chatty  : uid=1000(system) WifiStateMachin expire 56 lines
02-03 13:24:16.332  1911  2031 E NetdConnector: RCV <- {614 Address updated 2407:4d00:9c00:9158:30d1:e396:5072:e0ad/64 wlan0 1 0}
02-03 13:24:16.333  1911  2031 E NetdConnector: RCV <- {615 DnsInfo servers wlan0 86400 2407:4d00:9c00:9158:38ad:2bff:fe39:f0f4,2001:4546:1::1,2001:4546:2::1}
02-03 13:24:16.660  1911  1943 V WindowOrientationListener: [SensorN] Result: currentRotation=0, proposedRotation=0, oldProposedRotation=0, predictedRotation=0, timeDeltaMS=66.74484, isAccelerating=false, isFlat=false, isSwinging=false, isOverhead=false, isTouched=false, timeUntilSettledMS=0.0, timeUntilAccelerationDelayExpiredMS=0.0, timeUntilFlatDelayExpiredMS=0.0, timeUntilSwingDelayExpiredMS=0.0, timeUntilTouchDelayExpiredMS=0.0
02-03 13:24:19.294  1074  1391 W Netd    : No subsystem found in netlink event
02-03 13:24:19.296  1911  2031 E NetdConnector: RCV <- {614 Address updated 2407:4d00:9c00:9158:2707:bacc:75c6:f3e0/64 wlan0 0 0}
02-03 13:24:19.297  1911  2031 E NetdConnector: RCV <- {614 Address updated 2407:4d00:9c00:9158:30d1:e396:5072:e0ad/64 wlan0 1 0}
02-03 13:24:19.297  1911  2031 E NetdConnector: RCV <- {615 DnsInfo servers wlan0 86400 2407:4d00:9c00:9158:38ad:2bff:fe39:f0f4,2001:4546:1::1,2001:4546:2::1}
02-03 13:24:19.849   705 10305 I chatty  : uid=1000(system) HwBinder:705_1 expire 37 lines
02-03 13:24:21.653  1911  1943 V WindowOrientationListener: [SensorN] Result: currentRotation=0, proposedRotation=0, oldProposedRotation=0, predictedRotation=0, timeDeltaMS=66.802864, isAccelerating=false, isFlat=false, isSwinging=false, isOverhead=false, isTouched=false, timeUntilSettledMS=0.0, timeUntilAccelerationDelayExpiredMS=0.0, timeUntilFlatDelayExpiredMS=0.0, timeUntilSwingDelayExpiredMS=0.0, timeUntilTouchDelayExpiredMS=0.0
02-03 13:24:22.371  1074  1391 W Netd    : No subsystem found in netlink event
02-03 13:24:22.371  1911  2031 E NetdConnector: RCV <- {614 Address updated 2407:4d00:9c00:9158:2707:bacc:75c6:f3e0/64 wlan0 0 0}
02-03 13:24:22.372  1911  2031 E NetdConnector: RCV <- {614 Address updated 2407:4d00:9c00:9158:30d1:e396:5072:e0ad/64 wlan0 1 0}
02-03 13:24:22.372  1911  2031 E NetdConnector: RCV <- {615 DnsInfo servers wlan0 86400 2407:4d00:9c00:9158:38ad:2bff:fe39:f0f4,2001:4546:1::1,2001:4546:2::1}
02-03 13:24:24.397 31735 31735 D BoundBrokerSvc: onUnbind: Intent { act=com.google.android.gms.common.BIND_SHARED_PREFS pkg=com.google.android.gms }
02-03 13:24:25.264 31756 10998 I NearbyMediums: No BLE Fast/GATT advertisements found in the latest cycle.
02-03 13:24:25.265 31756 10998 I NearbyMediums: Current Tracked Scanning Clients are : {NearbyConnections.EnvironmentMonitor, NearbySharing}
02-03 13:24:25.331  1074  1391 W Netd    : No subsystem found in netlink event
02-03 13:24:25.332  1911  2031 E NetdConnector: RCV <- {614 Address updated 2407:4d00:9c00:9158:2707:bacc:75c6:f3e0/64 wlan0 0 0}
02-03 13:24:25.332  1911  2031 E NetdConnector: RCV <- {614 Address updated 2407:4d00:9c00:9158:30d1:e396:5072:e0ad/64 wlan0 1 0}
02-03 13:24:25.333  1911  2031 E NetdConnector: RCV <- {615 DnsInfo servers wlan0 86400 2407:4d00:9c00:9158:38ad:2bff:fe39:f0f4,2001:4546:1::1,2001:4546:2::1}
02-03 13:24:26.655  1911  1943 V WindowOrientationListener: [SensorN] Result: currentRotation=0, proposedRotation=0, oldProposedRotation=0, predictedRotation=0, timeDeltaMS=66.826614, isAccelerating=false, isFlat=false, isSwinging=false, isOverhead=false, isTouched=false, timeUntilSettledMS=0.0, timeUntilAccelerationDelayExpiredMS=0.0, timeUntilFlatDelayExpiredMS=0.0, timeUntilSwingDelayExpiredMS=0.0, timeUntilTouchDelayExpiredMS=0.0
02-03 13:24:27.911   720   826 E ANDR-PERF-RESOURCEQS: Failed to apply optimization [2, 0]
02-03 13:24:27.912   720   826 E ANDR-PERF-RESOURCEQS: Failed to apply optimization [2, 0]
02-03 13:24:28.302  1074  1391 W Netd    : No subsystem found in netlink event
02-03 13:24:28.302  1911  2031 E NetdConnector: RCV <- {614 Address updated 2407:4d00:9c00:9158:2707:bacc:75c6:f3e0/64 wlan0 0 0}
