02-03 13:27:15.269 20755 20755 I VoiceInputManagerWrapper: VoiceInputManagerWrapper.shutdown():131 shutdown()
02-03 13:27:15.271  2134  2134 D NavigationBarView: [updateNavButtonIcons] Home: vis= true alpha: 1.0, Back: vis= true alpha: 1.0, Recent: vis= true alpha: 1.0
02-03 13:27:15.271 20755 20755 I InputBundle: InputBundle.consumeEvent():1037 Skip consuming an event as keyboard status is INACTIVE
02-03 13:27:15.273 20755 20755 I AndroidIME: AbstractIme.onDeactivate():213 LatinIme.onDeactivate()
02-03 13:27:15.281 20755 20861 I OnDeviceWmrCalculator: OnDeviceWmrCalculator.calculateWmr():94 WMR: -1.0000 (0 / 0)
02-03 13:27:15.286 20755 20755 W TooltipLifecycleManager: TooltipLifecycleManager.dismissTooltips():153 Tooltip with id undo_access_point_promotion_banner not found in tooltipManager.
02-03 13:27:15.299 20755 20755 I KeyboardModeUtils: KeyboardModeUtils.getKeyboardBottomOffset():435 inch: 0.000000 ydpi: 403.411011 adjustKeyboardBottomByDisplaySize: false currentDensityDpi: 460 defaultDensityDpi: 460 keyboardBottomToScreenPx: 0 keyboardBottomToNavBarPx: 0 navBarHeight: 0
02-03 13:27:15.299 20755 20755 I BaseKeyboardSizeHelper: BaseKeyboardSizeHelper.calculateMaxKeyboardBodyHeight():73 leave 279 height for app when ime window height:2091, header height:127 and isFullscreenMode:false, so the max keyboard body height is:1685
02-03 13:27:15.299 20755 20755 I BaseKeyboardSizeHelper: BaseKeyboardSizeHelper.calculateMaxKeyboardBodyHeight():73 leave 279 height for app when ime window height:2091, header height:127 and isFullscreenMode:false, so the max keyboard body height is:1685
02-03 13:27:15.339 31756 11200 I NearbyMediums: No BLE Fast/GATT advertisements found in the latest cycle.
02-03 13:27:15.339 31756 11200 I NearbyMediums: Current Tracked Scanning Clients are : {NearbyConnections.EnvironmentMonitor, NearbySharing}
02-03 13:27:15.737   720   720 E         : perfHint : 1087, type 1, pl_time -1, android
02-03 13:27:15.765   720   720 E         : perfHint : 1080, type 1, pl_time 915, android
02-03 13:27:15.996   743   743 E BufferQueueConsumer: BufferQueueConsumer mLowLatencys=0
02-03 13:27:16.343 20755 20755 I GoogleInputMethodService: GoogleInputMethodService.onStartInput():1371 onStartInput(EditorInfo{EditorInfo{packageName=com.example.wakeonlanhomephone, inputType=0, inputTypeString=NULL, enableLearning=false, autoCorrection=false, autoComplete=false, imeOptions=0, privateImeOptions=null, actionName=UNSPECIFIED, actionLabel=null, initialSelStart=-1, initialSelEnd=-1, initialCapsMode=0, label=null, fieldId=-1, fieldName=null, extras=null, hintText=null, hintLocales=[]}}, true)
02-03 13:27:16.343 20755 20755 W SessionManager: SessionManager.beginSession():53 Try to begin an already begun session [INPUT_SESSION], end it first
02-03 13:27:16.344 20755 20755 I Module  : DeviceLockedStatusModuleProvider$Module.updateDeviceLockedStatus():103 repeatCheckTimes = 1, locked = false
02-03 13:27:16.373   743   743 E BufferQueueConsumer: BufferQueueConsumer mLowLatencys=0
02-03 13:27:16.442  1074  1391 W Netd    : No subsystem found in netlink event
02-03 13:27:16.442  1911  2031 E NetdConnector: RCV <- {614 Address updated 2407:4d00:9c00:9158:2707:bacc:75c6:f3e0/64 wlan0 0 0}
02-03 13:27:16.443  1911  2031 E NetdConnector: RCV <- {614 Address updated 2407:4d00:9c00:9158:30d1:e396:5072:e0ad/64 wlan0 1 0}
02-03 13:27:16.443  1911  2031 E NetdConnector: RCV <- {615 DnsInfo servers wlan0 86400 2407:4d00:9c00:9158:38ad:2bff:fe39:f0f4,2001:4546:1::1,2001:4546:2::1}
02-03 13:27:16.706   743   743 E BufferQueueConsumer: BufferQueueConsumer mLowLatencys=0
02-03 13:27:17.051  1911  1943 V WindowOrientationListener: [SensorN] Result: currentRotation=0, proposedRotation=0, oldProposedRotation=0, predictedRotation=0, timeDeltaMS=66.66703, isAccelerating=false, isFlat=false, isSwinging=false, isOverhead=false, isTouched=false, timeUntilSettledMS=0.0, timeUntilAccelerationDelayExpiredMS=0.0, timeUntilFlatDelayExpiredMS=0.0, timeUntilSwingDelayExpiredMS=0.0, timeUntilTouchDelayExpiredMS=0.0
02-03 13:27:17.373   743   743 E BufferQueueConsumer: BufferQueueConsumer mLowLatencys=0
02-03 13:27:17.705   743   743 E BufferQueueConsumer: BufferQueueConsumer mLowLatencys=0
02-03 13:27:18.371   743   743 E BufferQueueConsumer: BufferQueueConsumer mLowLatencys=0
02-03 13:27:18.704   743   743 E BufferQueueConsumer: BufferQueueConsumer mLowLatencys=0
02-03 13:27:19.371   743   743 E BufferQueueConsumer: BufferQueueConsumer mLowLatencys=0
02-03 13:27:19.413  1074  1391 W Netd    : No subsystem found in netlink event
02-03 13:27:19.414  1911  2043 I chatty  : uid=1000(system) WifiStateMachin expire 28 lines
02-03 13:27:19.414  1911  2031 E NetdConnector: RCV <- {614 Address updated 2407:4d00:9c00:9158:2707:bacc:75c6:f3e0/64 wlan0 0 0}
02-03 13:27:19.415  1911  2031 E NetdConnector: RCV <- {614 Address updated 2407:4d00:9c00:9158:30d1:e396:5072:e0ad/64 wlan0 1 0}
02-03 13:27:19.416  1911  2031 E NetdConnector: RCV <- {615 DnsInfo servers wlan0 86400 2407:4d00:9c00:9158:38ad:2bff:fe39:f0f4,2001:4546:1::1,2001:4546:2::1}
02-03 13:27:19.715   743   743 E BufferQueueConsumer: BufferQueueConsumer mLowLatencys=0
02-03 13:27:20.380   743   743 E BufferQueueConsumer: BufferQueueConsumer mLowLatencys=0
02-03 13:27:20.488   705 10305 I SSC_HAL : handle_sns_std_sensor_event:395, [SSC_HAL] ACCEL, X:-0.08 Y:8.06 Z:5.55
02-03 13:27:20.713   743   743 E BufferQueueConsumer: BufferQueueConsumer mLowLatencys=0
02-03 13:27:21.046   743   743 E BufferQueueConsumer: BufferQueueConsumer mLowLatencys=0
02-03 13:27:21.263   720   826 E ANDR-PERF-RESOURCEQS: Failed to apply optimization [2, 0]
02-03 13:27:21.263   720   826 E ANDR-PERF-RESOURCEQS: Failed to apply optimization [2, 0]
02-03 13:27:21.548   705 10305 I SSC_HAL : handle_sns_std_sensor_event:395, [SSC_HAL] ACCEL, X:0.29 Y:8.14 Z:5.35
02-03 13:27:21.678   720   720 E         : perfHint : 1087, type 1, pl_time -1, android
02-03 13:27:21.701   743   743 E BufferQueueConsumer: BufferQueueConsumer mLowLatencys=0
02-03 13:27:22.049  1911  1943 V WindowOrientationListener: [SensorN] Result: currentRotation=0, proposedRotation=0, oldProposedRotation=0, predictedRotation=0, timeDeltaMS=66.66703, isAccelerating=false, isFlat=false, isSwinging=false, isOverhead=false, isTouched=false, timeUntilSettledMS=0.0, timeUntilAccelerationDelayExpiredMS=0.0, timeUntilFlatDelayExpiredMS=0.0, timeUntilSwingDelayExpiredMS=0.0, timeUntilTouchDelayExpiredMS=243.61139
02-03 13:27:22.365   743   743 E BufferQueueConsumer: BufferQueueConsumer mLowLatencys=0
02-03 13:27:22.487  1074  1391 W Netd    : No subsystem found in netlink event
02-03 13:27:22.491  1911  2031 E NetdConnector: RCV <- {614 Address updated 2407:4d00:9c00:9158:2707:bacc:75c6:f3e0/64 wlan0 0 0}
02-03 13:27:22.491  1911  2031 E NetdConnector: RCV <- {614 Address updated 2407:4d00:9c00:9158:30d1:e396:5072:e0ad/64 wlan0 1 0}
02-03 13:27:22.491  1911  2031 E NetdConnector: RCV <- {615 DnsInfo servers wlan0 86400 2407:4d00:9c00:9158:38ad:2bff:fe39:f0f4,2001:4546:1::1,2001:4546:2::1}
02-03 13:27:22.548   705 10305 I SSC_HAL : handle_sns_std_sensor_event:395, [SSC_HAL] ACCEL, X:-1.35 Y:8.12 Z:5.57
02-03 13:27:23.552   705 10305 I SSC_HAL : handle_sns_std_sensor_event:395, [SSC_HAL] ACCEL, X:-0.34 Y:8.23 Z:5.22
02-03 13:27:23.642   720   720 E         : perfHint : 1087, type 1, pl_time -1, android
02-03 13:27:23.741   743   743 E BufferQueueConsumer: BufferQueueConsumer mLowLatencys=0
02-03 13:27:24.074   743   743 E BufferQueueConsumer: BufferQueueConsumer mLowLatencys=0
02-03 13:27:24.290 20755 20755 I GoogleInputMethodService: GoogleInputMethodService.onStartInput():1371 onStartInput(EditorInfo{EditorInfo{packageName=com.example.wakeonlanhomephone, inputType=28001, inputTypeString=Normal[MultiLine|AutoCorrect], enableLearning=true, autoCorrection=true, autoComplete=true, imeOptions=42000000, privateImeOptions=null, actionName=UNSPECIFIED, actionLabel=null, initialSelStart=10, initialSelEnd=10, initialCapsMode=0, label=null, fieldId=-1, fieldName=null, extras=Bundle[mParcelledData.dataSize=904], hintText=null, hintLocales=[]}}, true)
02-03 13:27:24.290 20755 20755 W SessionManager: SessionManager.beginSession():53 Try to begin an already begun session [INPUT_SESSION], end it first
02-03 13:27:24.292 20755 20755 I Module  : DeviceLockedStatusModuleProvider$Module.updateDeviceLockedStatus():103 repeatCheckTimes = 1, locked = false
02-03 13:27:24.309 20755 20755 I GoogleInputMethodService: GoogleInputMethodService.onStartInputView():1459 onStartInputView(EditorInfo{EditorInfo{packageName=com.example.wakeonlanhomephone, inputType=28001, inputTypeString=Normal[MultiLine|AutoCorrect], enableLearning=true, autoCorrection=true, autoComplete=true, imeOptions=42000000, privateImeOptions=null, actionName=UNSPECIFIED, actionLabel=null, initialSelStart=10, initialSelEnd=10, initialCapsMode=0, label=null, fieldId=-1, fieldName=null, extras=Bundle[{android.support.text.emoji.emojiCompat_metadataVersion=11, androidx.core.view.inputmethod.EditorInfoCompat.STYLUS_HANDWRITING_ENABLED=false, androidx.core.view.inputmethod.EditorInfoCompat.CONTENT_SELECTION_HEAD=10, androidx.core.view.inputmethod.EditorInfoCompat.CONTENT_SELECTION_END=10, android.support.text.emoji.emojiCompat_replaceAll=false, androidx.core.view.inputmethod.EditorInfoCompat.CONTENT_SURROUNDING_TEXT=Rog phone }], hintText=null, hintLocales=[]}}, false)
02-03 13:27:24.311 20755 20755 W ModuleManager: ModuleManager.loadModule():573 Module oes is not available
02-03 13:27:24.311 20755 20755 I KeyboardHeightUtil: KeyboardHeightUtil.getOemKeyboardHeightRatio():81 systemKeyboardHeightRatio:1.000000.
02-03 13:27:24.346 10628 10628 W eonlanhomephon: Accessing hidden method Landroid/view/RenderNode;->getScaleX()F (dark greylist, linking)
02-03 13:27:24.377 20755 20755 I AndroidIME: InputBundleManager.loadActiveInputBundleId():531 loadActiveInputBundleId: en-GB, ime_qwerty
02-03 13:27:24.378 20755 20755 I AndroidIME: AbstractIme.onActivate():95 LatinIme.onActivate() : EditorInfo = EditorInfo{packageName=com.example.wakeonlanhomephone, inputType=28001, inputTypeString=Normal[MultiLine|AutoCorrect], enableLearning=true, autoCorrection=true, autoComplete=true, imeOptions=42000000, privateImeOptions=null, actionName=UNSPECIFIED, actionLabel=null, initialSelStart=10, initialSelEnd=10, initialCapsMode=0, label=null, fieldId=-1, fieldName=null, extras=Bundle[{android.support.text.emoji.emojiCompat_metadataVersion=11, androidx.core.view.inputmethod.EditorInfoCompat.STYLUS_HANDWRITING_ENABLED=false, androidx.core.view.inputmethod.EditorInfoCompat.CONTENT_SELECTION_HEAD=10, androidx.core.view.inputmethod.EditorInfoCompat.CONTENT_SELECTION_END=10, android.support.text.emoji.emojiCompat_replaceAll=false, androidx.core.view.inputmethod.EditorInfoCompat.CONTENT_SURROUNDING_TEXT=Rog phone }], hintText=null, hintLocales=[]}, IncognitoMode = false, DeviceLocked = false
02-03 13:27:24.378 20755 20755 I InputBundle: InputBundle.consumeEvent():1037 Skip consuming an event as keyboard status is INACTIVE
02-03 13:27:24.381 20755 20755 I Delight5Facilitator: Delight5Facilitator.initializeForIme():745 initializeForIme() : Locale = [en_GB], layout = qwerty
02-03 13:27:24.382 20755 20755 I LatinIme: LatinIme.updateEnableInlineSuggestionsOnDecoderSideFlags():1256 inline flag updated to:false
02-03 13:27:24.385 20755 20755 I LatinIme: LatinIme.updateEnableInlineSuggestionsOnDecoderSideFlags():1256 inline flag updated to:false
02-03 13:27:24.390 20755 20755 I InputBundle: InputBundle.consumeEvent():1037 Skip consuming an event as keyboard status is INACTIVE
02-03 13:27:24.391 20755 20755 I LatinIme: LatinIme.resetInputContext():2280 resetInputContext(): reason=1, externalEditsInfo=ExternalEditsInfo{action=0, offset=-1, text=null, originalText=null, edits=null}
02-03 13:27:24.391 20755 20755 I InputBundle: InputBundle.consumeEvent():1037 Skip consuming an event as keyboard status is INACTIVE
02-03 13:27:24.392 20755 20755 I KeyboardWrapper: KeyboardWrapper.activateKeyboard():582 activateKeyboard(): type=prime, status=INACTIVE, imeDef=nfp{stringId=ime_qwerty, language=en-GB, languageTag=en-GB, processedConditions={use_dummy_ime_in_alphabet=false, true=true, enable_number_row=false, device=phone, enable_pk_simulator=false}, className=com.google.android.apps.inputmethod.libs.latin5.LatinIme, label=0, keyEventInterpreter=null, inlineComposing=true, autoCapital=true, announceAutoSelectedCandidate=true, statusIcon=0, indicatorIcon=0, indicatorLabel=A, displayAppCompletions=true, extraValues=nfh{#0x7f0b02cb=TypedValue{t=0x3/d=0x0 "false"}, #0x7f0b02d5=TypedValue{t=0x3/d=0x0 "false"}, #0x7f0b02f3=TypedValue{t=0x3/d=0x2456 "${variant}" a=4 r=0x7f140672}}, processors=nhg@5adb069, unacceptableMetaKeys=4098, languageSpecificSettings=0, asciiCapable=true, alwaysShowSuggestions=false, useAsciiPasswordKeyboard=false, keyboardGroupDef=ngp@69c45f4, phenotypeFlagId=0, localizationLanguageTag=null, supportsInlineSuggestion=false}
02-03 13:27:24.392 20755 20755 I KeyboardManager: KeyboardManager.requestKeyboard():249 Creating keyboard prime, imeId=ime_qwerty, cacheKey=theme,BORDERLESS,FLAVOR_DPI=XXHDPI,KEYBOARD_WIDTH_CATEGORY=NORMAL,KEY_BORDER_SHAPE=0,LIGHT_THEME=false,PHYSICAL_DIAGONAL=5.1161747,POPUP,SCREEN_SHORTEST_WIDTH=375,SCREEN_SHORTEST_WIDTH_NO_SCALE=375,XXHDPI,bottom4dp,builtin_google_blue_dark.binarypb,enable_popup_on_keypress=true,non_linear_scale
02-03 13:27:24.394 20755 20755 I KeyboardWrapper: KeyboardWrapper.onKeyboardReady():224 onKeyboardReady(): type=prime(prime), kb=com.google.android.apps.inputmethod.latin.keyboard.LatinPrimeKeyboard@2bf5c08
02-03 13:27:24.394 20755 20755 I KeyboardWrapper: KeyboardWrapper.doActivateKeyboard():612 doActivateKeyboard(): prime
02-03 13:27:24.401 20755 20755 I BaseKeyboardSizeHelper: BaseKeyboardSizeHelper.calculateMaxKeyboardBodyHeight():73 leave 279 height for app when ime window height:2091, header height:127 and isFullscreenMode:false, so the max keyboard body height is:1685
02-03 13:27:24.401 20755 20755 I GlobeKeyExtension: GlobeKeyExtension.getKeyboardInitialStates():175 
02-03 13:27:24.403 20755 20755 W Keyboard: Keyboard.getKeyboardViewHelper():604 null helper is returned: keyboardDef=ngj{processedConditions={show_comma_key=true, enable_more_candidates_view_for_multilingual=false, layout_9key_split=false, enable_secondary_symbols=false, pref_enable_flick_symbols=false, language=zz, deprecate_long_press_space_for_ime_picker=false, expressions=normal, android_software_xr_api_spatial=false, variant=qwerty, show_period_key=true, device=phone, keyboard_mode=normal, show_secondary_digits=true, enable_pk_simulator=false, enable_preemptive_decode=true}, globalConditions={global_theme_key=theme,BORDERLESS,FLAVOR_DPI=XXHDPI,KEYBOARD_WIDTH_CATEGORY=NORMAL,KEY_BORDER_SHAPE=0,LIGHT_THEME=false,PHYSICAL_DIAGONAL=5.1161747,POPUP,SCREEN_SHORTEST_WIDTH=375,SCREEN_SHORTEST_WIDTH_NO_SCALE=375,XXHDPI,bottom4dp,builtin_google_blue_dark.binarypb,enable_popup_on_keypress=true,non_linear_scale, global_locale=zz, global_density_dpi=460, global_orientation=1}, className=.latin.keyboard.LatinPrimeKeyboard, resourceIds=[#0x7f170748, #0x7f17088b], initialStates=0, keyboardViewDefs=[ngx{direction=null, id=#0x7f0b0225, isScalable=true, layoutId=#0x7f0e0375, type=BODY, touchable=true, defaultShow=true}, ngx{direction=null, id=#0x7f0b0225, isScalable=false, layoutId=#0x7f0e020b, type=FLOATING_CANDIDATES, touchable=false, defaultShow=false}, ngx{direction=LOCALE, id=#0x7f0b0225, isScalable=false, layoutId=#0x7f0e0511, type=HEADER, touchable=true, defaultShow=true}], persistentStates=0, persistentStatesPrefKey=null, popupBubbleLayoutId=#0x7f0e05ee, recentKeyLayoutId=#0x0, recentKeyPopupLayoutId=#0x0, recentKeyType=null, rememberRecentKey=NONE, sessionStates=17592186044419}, type=WIDGET, helpersCreated={HEADER=msd@4706e93, BODY=msd@e420ed0, FLOATING_CANDIDATES=msd@783dec9}, context.getResources().getConfiguration(): {0 1.3 ?mcc?mnc [zz] ldltr sw375dp w375dp h727dp 460dpi nrml long hdr widecg port night finger -keyb/v/h -nav/h winConfig={ mBounds=Rect(0, 0 - 0, 0) mAppBounds=Rect(0, 0 - 1080, 2160) mWindowingMode=fullscreen mActivityType=undefined} s.9}
02-03 13:27:24.404 20755 20755 I BaseKeyboardSizeHelper: BaseKeyboardSizeHelper.calculateMaxKeyboardBodyHeight():73 leave 279 height for app when ime window height:2091, header height:127 and isFullscreenMode:false, so the max keyboard body height is:1685
02-03 13:27:24.407 20755 20755 I AndroidIME: InputBundleManager.startInput():361 startInput() with ngt[keyboardType=prime, payload=null]
02-03 13:27:24.407 20755 20755 I GlobeKeyExtension: GlobeKeyExtension.onActivate():120 
02-03 13:27:24.409 20755 20755 I VoiceInputManagerWrapper: VoiceInputManagerWrapper.cancelShutdown():109 cancelShutdown()
02-03 13:27:24.409 20755 20755 I VoiceInputManagerWrapper: VoiceInputManagerWrapper.syncLanguagePacks():121 syncLanguagePacks()
02-03 13:27:24.409 20755 20755 I VoiceInputManager: VoiceInputManager.onKeyboardActivated():1215 onKeyboardActivated() [UD]
02-03 13:27:24.410 20755  7001 I SpeechFactory: SpeechRecognitionFactory.maybeScheduleAutoPackDownloadForFallback():217 maybeScheduleAutoPackDownloadForFallback()
02-03 13:27:24.410 20755 20755 I PkModeUpdater: PkModeUpdater.onActivate():74 onActivate false true
02-03 13:27:24.410 20755 20755 I AccessoryInputModeManager: AccessoryInputModeManager.onModeStarted():324 Accessory input mode started: null
02-03 13:27:24.411 20755 20755 W SupplementaryKeyboardsWrapper: SupplementaryKeyboardsWrapper.deactivateKeyboard():162 keyboard accessory_candidates_consumer is not activated before!
02-03 13:27:24.413 20755 20755 I KeyboardModeUtils: KeyboardModeUtils.getKeyboardBottomOffset():435 inch: 0.000000 ydpi: 403.411011 adjustKeyboardBottomByDisplaySize: false currentDensityDpi: 460 defaultDensityDpi: 460 keyboardBottomToScreenPx: 0 keyboardBottomToNavBarPx: 0 navBarHeight: 0
02-03 13:27:24.413 20755 20755 I BaseKeyboardSizeHelper: BaseKeyboardSizeHelper.calculateMaxKeyboardBodyHeight():73 leave 279 height for app when ime window height:2091, header height:127 and isFullscreenMode:false, so the max keyboard body height is:1685
02-03 13:27:24.413 20755 20755 I chatty  : uid=10126(com.google.android.inputmethod.latin) identical 40 lines
02-03 13:27:24.421  2134  2134 D NavigationBarView: [updateNavButtonIcons] Home: vis= true alpha: 1.0, Back: vis= true alpha: 1.0, Recent: vis= true alpha: 1.0
02-03 13:27:24.461   743   743 E BufferQueueConsumer: BufferQueueConsumer mLowLatencys=0
02-03 13:27:24.547   705 10305 I SSC_HAL : handle_sns_std_sensor_event:395, [SSC_HAL] ACCEL, X:-0.05 Y:8.30 Z:5.25
02-03 13:27:25.079   741  1033 V APM_AudioPolicyManager: AudioPolicyManager:setRecordSilenced(uid:10060, silenced:1)
02-03 13:27:25.080   741  1033 V AudioFlinger: AudioFlinger::setRecordSilenced(uid:10060, silenced:1)
02-03 13:27:25.342 31756 11200 I NearbyMediums: No BLE Fast/GATT advertisements found in the latest cycle.
02-03 13:27:25.342 31756 11200 I NearbyMediums: Current Tracked Scanning Clients are : {NearbyConnections.EnvironmentMonitor, NearbySharing}
02-03 13:27:25.452  1074  1391 W Netd    : No subsystem found in netlink event
02-03 13:27:25.452  1911  2031 E NetdConnector: RCV <- {614 Address updated 2407:4d00:9c00:9158:2707:bacc:75c6:f3e0/64 wlan0 0 0}
02-03 13:27:25.453  1911  2031 E NetdConnector: RCV <- {614 Address updated 2407:4d00:9c00:9158:30d1:e396:5072:e0ad/64 wlan0 1 0}
02-03 13:27:25.453  1911  2031 E NetdConnector: RCV <- {615 DnsInfo servers wlan0 86400 2407:4d00:9c00:9158:38ad:2bff:fe39:f0f4,2001:4546:1::1,2001:4546:2::1}
02-03 13:27:25.551   705 10305 I SSC_HAL : handle_sns_std_sensor_event:395, [SSC_HAL] ACCEL, X:0.41 Y:8.37 Z:5.12
02-03 13:27:25.959   743   743 E BufferQueueConsumer: BufferQueueConsumer mLowLatencys=0
02-03 13:27:26.317  2134  2134 D NavigationGestureService: IsLegalTouchDown on display: 0
02-03 13:27:26.317  2134  2134 D NavigationGestureService: Gesture set function focused: Back(0) on Default display
02-03 13:27:26.344   720   720 E         : perfHint : 1087, type 1, pl_time -1, android
02-03 13:27:26.355  2134  2134 D NavigationGestureView: showGestureView !!
02-03 13:27:26.423  2134  2134 D NavigationGestureController: Trigger function: 0 on 0
02-03 13:27:26.446  2134  2134 D NavigationBarView: [updateNavButtonIcons] Home: vis= true alpha: 1.0, Back: vis= true alpha: 1.0, Recent: vis= true alpha: 1.0
02-03 13:27:26.549   705 10305 I SSC_HAL : handle_sns_std_sensor_event:395, [SSC_HAL] ACCEL, X:0.25 Y:8.35 Z:5.07
02-03 13:27:26.826   720   720 E         : perfHint : 1087, type 1, pl_time -1, android
02-03 13:27:26.873   720   720 E         : perfHint : 1080, type 1, pl_time 1171, android
02-03 13:27:26.957   743   743 E BufferQueueConsumer: BufferQueueConsumer mLowLatencys=0
02-03 13:27:27.050  1911  1943 V WindowOrientationListener: [SensorN] Result: currentRotation=0, proposedRotation=0, oldProposedRotation=0, predictedRotation=0, timeDeltaMS=66.66703, isAccelerating=false, isFlat=false, isSwinging=false, isOverhead=false, isTouched=false, timeUntilSettledMS=0.0, timeUntilAccelerationDelayExpiredMS=0.0, timeUntilFlatDelayExpiredMS=0.0, timeUntilSwingDelayExpiredMS=0.0, timeUntilTouchDelayExpiredMS=389.1416
02-03 13:27:27.291   743   743 E BufferQueueConsumer: BufferQueueConsumer mLowLatencys=0
02-03 13:27:27.551   705 10305 I SSC_HAL : handle_sns_std_sensor_event:395, [SSC_HAL] ACCEL, X:0.34 Y:8.37 Z:4.60
02-03 13:27:27.679   743   743 E BufferQueueConsumer: BufferQueueConsumer mLowLatencys=0
02-03 13:27:28.345   743   743 E BufferQueueConsumer: BufferQueueConsumer mLowLatencys=0
02-03 13:27:28.427  1074  1391 W Netd    : No subsystem found in netlink event
02-03 13:27:28.427  1911  2031 E NetdConnector: RCV <- {614 Address updated 2407:4d00:9c00:9158:2707:bacc:75c6:f3e0/64 wlan0 0 0}
02-03 13:27:28.428  1911  2031 E NetdConnector: RCV <- {614 Address updated 2407:4d00:9c00:9158:30d1:e396:5072:e0ad/64 wlan0 1 0}
02-03 13:27:28.428  1911  2031 E NetdConnector: RCV <- {615 DnsInfo servers wlan0 86400 2407:4d00:9c00:9158:38ad:2bff:fe39:f0f4,2001:4546:1::1,2001:4546:2::1}
02-03 13:27:28.548   705 10305 I SSC_HAL : handle_sns_std_sensor_event:395, [SSC_HAL] ACCEL, X:-1.47 Y:6.46 Z:6.24
02-03 13:27:28.648   705 10305 I SSC_HAL : handle_sns_std_sensor_event:409, [SSC_HAL] ACCEL, diff x:-2.72(-2.52) diff y:-1.35(5.88) diff z:0.98(6.70)
02-03 13:27:28.678   743   743 E BufferQueueConsumer: BufferQueueConsumer mLowLatencys=0
02-03 13:27:28.725 31756 11200 I AlarmManager: setExactAndAllowWhileIdle [name: EQMon type: 2 triggerAtMillis: 1]
02-03 13:27:28.848   705 10305 I SSC_HAL : handle_sns_std_sensor_event:409, [SSC_HAL] ACCEL, diff x:-2.74(-4.41) diff y:-1.10(4.58) diff z:1.58(7.23)
02-03 13:27:28.848   705 10305 I SSC_HAL : handle_sns_std_sensor_event:409, [SSC_HAL] ACCEL, diff x:-2.81(-5.32) diff y:-2.18(3.70) diff z:2.46(9.16)
02-03 13:27:29.011   743   743 E BufferQueueConsumer: BufferQueueConsumer mLowLatencys=0
02-03 13:27:29.249  1911  1943 V WindowOrientationListener: [SensorN] Proposed rotation changed!  proposedRotation=3, oldProposedRotation=-1
02-03 13:27:29.252  2134  2134 V NavigationBar: onRotationProposal proposedRotation=ROTATION_270, winRotation=ROTATION_0, isValid=true, mNavBarWindowState=WINDOW_STATE_HIDDEN, rotateSuggestionsDisabled=false, isRotateButtonVisible=false
02-03 13:27:29.255  2134  2134 D NavigationBarView: [setRotateButtonVisibility] visible: true displayId: 0
02-03 13:27:29.256  2134  2134 D AsusRotationSuggestionController: [setVisibility] show: true
02-03 13:27:29.273  2134  2134 D NavigationBarView: [updateNavButtonIcons] Home: vis= true alpha: 1.0, Back: vis= true alpha: 1.0, Recent: vis= true alpha: 1.0
02-03 13:27:29.323   743   743 E BufferQueueConsumer: BufferQueueConsumer mLowLatencys=0
02-03 13:27:29.348   705 10305 I SSC_HAL : handle_sns_std_sensor_event:409, [SSC_HAL] ACCEL, diff x:1.81(-3.52) diff y:-1.21(-0.12) diff z:3.29(10.57)
02-03 13:27:29.448   705 10305 I SSC_HAL : handle_sns_std_sensor_event:409, [SSC_HAL] ACCEL, diff x:2.74(-2.21) diff y:0.15(0.28) diff z:1.41(8.66)
02-03 13:27:29.448   705 10305 I SSC_HAL : handle_sns_std_sensor_event:409, [SSC_HAL] ACCEL, diff x:3.18(-0.75) diff y:-0.22(0.10) diff z:1.79(10.04)
02-03 13:27:29.488   743   743 E BufferQueueConsumer: BufferQueueConsumer mLowLatencys=0
02-03 13:27:29.548   705 10305 I SSC_HAL : handle_sns_std_sensor_event:395, [SSC_HAL] ACCEL, X:-0.16 Y:-0.10 Z:9.44
02-03 13:27:29.548   705 10305 I SSC_HAL : handle_sns_std_sensor_event:409, [SSC_HAL] ACCEL, diff x:3.36(-0.16) diff y:0.02(-0.10) diff z:-1.13(9.44)
02-03 13:27:29.655   743   743 E BufferQueueConsumer: BufferQueueConsumer mLowLatencys=0
02-03 13:27:30.487   743   743 E BufferQueueConsumer: BufferQueueConsumer mLowLatencys=0
02-03 13:27:30.548   705 10305 I SSC_HAL : handle_sns_std_sensor_event:395, [SSC_HAL] ACCEL, X:-0.17 Y:0.03 Z:9.66
02-03 13:27:30.653   743   743 E BufferQueueConsumer: BufferQueueConsumer mLowLatencys=0
02-03 13:27:31.319   743   743 I chatty  : uid=1000(system) /system/bin/surfaceflinger identical 26 lines
02-03 13:27:31.486   743   743 E BufferQueueConsumer: BufferQueueConsumer mLowLatencys=0
02-03 13:27:31.501  1074  1391 W Netd    : No subsystem found in netlink event
02-03 13:27:31.502  1911  2043 I chatty  : uid=1000(system) WifiStateMachin expire 35 lines
02-03 13:27:31.503  1911  2031 E NetdConnector: RCV <- {614 Address updated 2407:4d00:9c00:9158:2707:bacc:75c6:f3e0/64 wlan0 0 0}
02-03 13:27:31.503  1911  2031 E NetdConnector: RCV <- {614 Address updated 2407:4d00:9c00:9158:30d1:e396:5072:e0ad/64 wlan0 1 0}
02-03 13:27:31.503  1911  2031 E NetdConnector: RCV <- {615 DnsInfo servers wlan0 86400 2407:4d00:9c00:9158:38ad:2bff:fe39:f0f4,2001:4546:1::1,2001:4546:2::1}
02-03 13:27:31.549   705 10305 I SSC_HAL : handle_sns_std_sensor_event:395, [SSC_HAL] ACCEL, X:-0.17 Y:0.05 Z:9.62
02-03 13:27:31.652   743   743 E BufferQueueConsumer: BufferQueueConsumer mLowLatencys=0
02-03 13:27:32.152  1911  1943 V WindowOrientationListener: [SensorN] Result: currentRotation=0, proposedRotation=-1, oldProposedRotation=-1, predictedRotation=-1, timeDeltaMS=66.80334, isAccelerating=false, isFlat=true, isSwinging=false, isOverhead=false, isTouched=false, timeUntilSettledMS=0.0, timeUntilAccelerationDelayExpiredMS=0.0, timeUntilFlatDelayExpiredMS=500.0, timeUntilSwingDelayExpiredMS=0.0, timeUntilTouchDelayExpiredMS=0.0
02-03 13:27:32.485   743   743 E BufferQueueConsumer: BufferQueueConsumer mLowLatencys=0
02-03 13:27:32.561   705 10305 I SSC_HAL : handle_sns_std_sensor_event:395, [SSC_HAL] ACCEL, X:-0.14 Y:0.03 Z:9.63
02-03 13:27:32.651   743   743 E BufferQueueConsumer: BufferQueueConsumer mLowLatencys=0
02-03 13:27:33.483   743   743 E BufferQueueConsumer: BufferQueueConsumer mLowLatencys=0
02-03 13:27:33.551   705 10305 I SSC_HAL : handle_sns_std_sensor_event:395, [SSC_HAL] ACCEL, X:-0.14 Y:0.02 Z:9.62
02-03 13:27:33.649   743   743 E BufferQueueConsumer: BufferQueueConsumer mLowLatencys=0
02-03 13:27:33.731 31756 10998 I AlarmManager: setExactAndAllowWhileIdle [name: EQMon type: 2 triggerAtMillis: 82216564]
02-03 13:27:33.805   705  2005 E         : [SSC_HAL] batch, type=android.sensor.linear_acceleration, period=20(ms), timeout=0(ms)
02-03 13:27:33.806   705  2005 E         : [SSC_HAL] activate, type=android.sensor.linear_acceleration, Enable
02-03 13:27:33.806   705  2005 I SSC_HAL : ssc_enable_rt_task:262, ssc_enable_rt_task : true
02-03 13:27:33.816   743   743 E BufferQueueConsumer: BufferQueueConsumer mLowLatencys=0
02-03 13:27:33.818   705  2005 E         : [SSC_HAL] batch, type=android.sensor.rotation_vector, period=20(ms), timeout=0(ms)
02-03 13:27:33.818   705  2005 E         : [SSC_HAL] activate, type=android.sensor.rotation_vector, Enable
02-03 13:27:33.819   705  2005 I SSC_HAL : ssc_enable_rt_task:262, ssc_enable_rt_task : true
02-03 13:27:33.947   705 11335 I SSC_HAL : handle_indication_realtime:352,  SCHED_FIFO(10) for qmi_cbk
02-03 13:27:33.982   743   743 E BufferQueueConsumer: BufferQueueConsumer mLowLatencys=0
02-03 13:27:33.986   705 11337 I SSC_HAL : handle_indication_realtime:352,  SCHED_FIFO(10) for qmi_cbk
02-03 13:27:34.149   743   743 E BufferQueueConsumer: BufferQueueConsumer mLowLatencys=0
02-03 13:27:34.171 31756 10871 W Conscrypt: Could not set socket write timeout: java.net.SocketException: Socket closed
02-03 13:27:34.171 31756 10871 W Conscrypt: 	at com.google.android.gms.org.conscrypt.Platform.setSocketWriteTimeout(:com.google.android.gms@260235013@26.02.35 (100400-862924022):219)
02-03 13:27:34.171 31756 10871 W Conscrypt: 	at com.google.android.gms.org.conscrypt.ConscryptFileDescriptorSocket.setSoWriteTimeout(:com.google.android.gms@260235013@26.02.35 (100400-862924022):4)
02-03 13:27:34.213 31756 10871 W Conscrypt: Could not set socket write timeout: java.net.SocketException: Socket closed
02-03 13:27:34.213 31756 10871 W Conscrypt: 	at com.google.android.gms.org.conscrypt.Platform.setSocketWriteTimeout(:com.google.android.gms@260235013@26.02.35 (100400-862924022):219)
02-03 13:27:34.213 31756 10871 W Conscrypt: 	at com.google.android.gms.org.conscrypt.ConscryptFileDescriptorSocket.setSoWriteTimeout(:com.google.android.gms@260235013@26.02.35 (100400-862924022):4)
02-03 13:27:34.315   743   743 E BufferQueueConsumer: BufferQueueConsumer mLowLatencys=0
02-03 13:27:34.468  1911  2031 E NetdConnector: RCV <- {614 Address updated 2407:4d00:9c00:9158:2707:bacc:75c6:f3e0/64 wlan0 0 0}
02-03 13:27:34.468  1911  2031 E NetdConnector: RCV <- {614 Address updated 2407:4d00:9c00:9158:30d1:e396:5072:e0ad/64 wlan0 1 0}
02-03 13:27:34.469  1911  2031 E NetdConnector: RCV <- {615 DnsInfo servers wlan0 86400 2407:4d00:9c00:9158:38ad:2bff:fe39:f0f4,2001:4546:1::1,2001:4546:2::1}
02-03 13:27:34.468  1074  1391 W Netd    : No subsystem found in netlink event
02-03 13:27:34.481   743   743 E BufferQueueConsumer: BufferQueueConsumer mLowLatencys=0
02-03 13:27:34.607   705 10305 I SSC_HAL : handle_sns_std_sensor_event:395, [SSC_HAL] ACCEL, X:-0.15 Y:0.02 Z:9.61
02-03 13:27:34.659   743   743 E BufferQueueConsumer: BufferQueueConsumer mLowLatencys=0
02-03 13:27:35.159   743   743 E BufferQueueConsumer: BufferQueueConsumer mLowLatencys=0
02-03 13:27:35.203   705  2005 E         : [SSC_HAL] batch, type=android.sensor.accelerometer, period=20(ms), timeout=0(ms)
02-03 13:27:35.209   705  2005 E         : [SSC_HAL] flush, type=android.sensor.accelerometer
02-03 13:27:35.325   743   743 E BufferQueueConsumer: BufferQueueConsumer mLowLatencys=0
02-03 13:27:35.345 31756 11200 I NearbyMediums: No BLE Fast/GATT advertisements found in the latest cycle.
02-03 13:27:35.346 31756 11200 I NearbyMediums: Current Tracked Scanning Clients are : {NearbyConnections.EnvironmentMonitor, NearbySharing}
02-03 13:27:35.492   743   743 E BufferQueueConsumer: BufferQueueConsumer mLowLatencys=0
02-03 13:27:35.588   705 10305 I SSC_HAL : handle_sns_std_sensor_event:395, [SSC_HAL] ACCEL, X:-0.14 Y:0.03 Z:9.62
02-03 13:27:35.659   743   743 E BufferQueueConsumer: BufferQueueConsumer mLowLatencys=0
02-03 13:27:36.491   743   743 E BufferQueueConsumer: BufferQueueConsumer mLowLatencys=0
02-03 13:27:36.589   705 10305 I SSC_HAL : handle_sns_std_sensor_event:395, [SSC_HAL] ACCEL, X:-0.14 Y:0.04 Z:9.64
02-03 13:27:36.658   743   743 E BufferQueueConsumer: BufferQueueConsumer mLowLatencys=0
02-03 13:27:37.071  1911  1943 V WindowOrientationListener: [SensorN] Result: currentRotation=0, proposedRotation=-1, oldProposedRotation=-1, predictedRotation=-1, timeDeltaMS=20.01198, isAccelerating=false, isFlat=true, isSwinging=false, isOverhead=false, isTouched=false, timeUntilSettledMS=0.0, timeUntilAccelerationDelayExpiredMS=0.0, timeUntilFlatDelayExpiredMS=500.0, timeUntilSwingDelayExpiredMS=0.0, timeUntilTouchDelayExpiredMS=0.0
02-03 13:27:37.333   743   743 E BufferQueueConsumer: BufferQueueConsumer mLowLatencys=0
02-03 13:27:37.442  1074  1391 W Netd    : No subsystem found in netlink event
02-03 13:27:37.442  1911  2031 E NetdConnector: RCV <- {614 Address updated 2407:4d00:9c00:9158:2707:bacc:75c6:f3e0/64 wlan0 0 0}
02-03 13:27:37.443  1911  2031 E NetdConnector: RCV <- {614 Address updated 2407:4d00:9c00:9158:30d1:e396:5072:e0ad/64 wlan0 1 0}
02-03 13:27:37.443  1911  2031 E NetdConnector: RCV <- {615 DnsInfo servers wlan0 86400 2407:4d00:9c00:9158:38ad:2bff:fe39:f0f4,2001:4546:1::1,2001:4546:2::1}
02-03 13:27:37.500   743   743 E BufferQueueConsumer: BufferQueueConsumer mLowLatencys=0
02-03 13:27:37.589   705 10305 I SSC_HAL : handle_sns_std_sensor_event:395, [SSC_HAL] ACCEL, X:-0.14 Y:0.02 Z:9.65
02-03 13:27:37.666   743   743 E BufferQueueConsumer: BufferQueueConsumer mLowLatencys=0
02-03 13:27:38.300   743   743 E BufferQueueConsumer: BufferQueueConsumer mLowLatencys=0
02-03 13:27:38.590   705 10305 I SSC_HAL : handle_sns_std_sensor_event:395, [SSC_HAL] ACCEL, X:-0.14 Y:0.04 Z:9.64
02-03 13:27:38.632   743   743 E BufferQueueConsumer: BufferQueueConsumer mLowLatencys=0
02-03 13:27:38.710  1077  1139 E storaged: getDiskStats failed with result NOT_SUPPORTED and size 0
02-03 13:27:39.299   743   743 E BufferQueueConsumer: BufferQueueConsumer mLowLatencys=0
02-03 13:27:39.386  2134  2134 D NavigationBarView: [setRotateButtonVisibility] visible: false displayId: 0
02-03 13:27:39.386  2134  2134 D AsusRotationSuggestionController: [setVisibility] show: false
02-03 13:27:39.393  2134  2134 D NavigationBarView: [updateNavButtonIcons] Home: vis= true alpha: 1.0, Back: vis= true alpha: 1.0, Recent: vis= true alpha: 1.0
02-03 13:27:39.412   743  2021 W SurfaceFlinger: Attempting to destroy on removed layer: 1d22b6b com.android.systemui.statusbar.phone.GestureRotationWindow#0
02-03 13:27:39.501 31735 31735 D BoundBrokerSvc: onUnbind: Intent { act=com.google.firebase.dynamiclinks.service.START pkg=com.google.android.gms }
02-03 13:27:39.585   743   743 E BufferQueueConsumer: BufferQueueConsumer mLowLatencys=0
02-03 13:27:39.591   705 10305 I SSC_HAL : handle_sns_std_sensor_event:395, [SSC_HAL] ACCEL, X:-0.16 Y:0.01 Z:9.64
02-03 13:27:39.929   743   743 E BufferQueueConsumer: BufferQueueConsumer mLowLatencys=0
02-03 13:27:40.262   743   743 E BufferQueueConsumer: BufferQueueConsumer mLowLatencys=0
02-03 13:27:40.511  1074  1391 W Netd    : No subsystem found in netlink event
02-03 13:27:40.511  1911  2031 E NetdConnector: RCV <- {614 Address updated 2407:4d00:9c00:9158:2707:bacc:75c6:f3e0/64 wlan0 0 0}
02-03 13:27:40.512  1911  2031 E NetdConnector: RCV <- {614 Address updated 2407:4d00:9c00:9158:30d1:e396:5072:e0ad/64 wlan0 1 0}
02-03 13:27:40.512  1911  2031 E NetdConnector: RCV <- {615 DnsInfo servers wlan0 86400 2407:4d00:9c00:9158:38ad:2bff:fe39:f0f4,2001:4546:1::1,2001:4546:2::1}
02-03 13:27:40.592   705 10305 I SSC_HAL : handle_sns_std_sensor_event:395, [SSC_HAL] ACCEL, X:-0.11 Y:-0.01 Z:9.64
02-03 13:27:40.595   743   743 E BufferQueueConsumer: BufferQueueConsumer mLowLatencys=0
02-03 13:27:40.927   743   743 E BufferQueueConsumer: BufferQueueConsumer mLowLatencys=0
02-03 13:27:41.594   743   743 E BufferQueueConsumer: BufferQueueConsumer mLowLatencys=0
02-03 13:27:41.595   705 10305 I SSC_HAL : handle_sns_std_sensor_event:395, [SSC_HAL] ACCEL, X:-0.15 Y:0.03 Z:9.64
02-03 13:27:41.927   743   743 E BufferQueueConsumer: BufferQueueConsumer mLowLatencys=0
02-03 13:27:42.075  1911  1943 V WindowOrientationListener: [SensorN] Result: currentRotation=0, proposedRotation=-1, oldProposedRotation=-1, predictedRotation=-1, timeDeltaMS=20.011929, isAccelerating=false, isFlat=true, isSwinging=false, isOverhead=false, isTouched=false, timeUntilSettledMS=0.0, timeUntilAccelerationDelayExpiredMS=0.0, timeUntilFlatDelayExpiredMS=500.0, timeUntilSwingDelayExpiredMS=0.0, timeUntilTouchDelayExpiredMS=0.0
02-03 13:27:42.592   743   743 E BufferQueueConsumer: BufferQueueConsumer mLowLatencys=0
02-03 13:27:42.596   705 10305 I SSC_HAL : handle_sns_std_sensor_event:395, [SSC_HAL] ACCEL, X:-0.13 Y:0.04 Z:9.63
02-03 13:27:42.926   743   743 E BufferQueueConsumer: BufferQueueConsumer mLowLatencys=0
02-03 13:27:43.259   743   743 E BufferQueueConsumer: BufferQueueConsumer mLowLatencys=0
02-03 13:27:43.478  1074  1391 W Netd    : No subsystem found in netlink event
02-03 13:27:43.478  1911  2031 E NetdConnector: RCV <- {614 Address updated 2407:4d00:9c00:9158:2707:bacc:75c6:f3e0/64 wlan0 0 0}
02-03 13:27:43.479  1911  2031 E NetdConnector: RCV <- {614 Address updated 2407:4d00:9c00:9158:30d1:e396:5072:e0ad/64 wlan0 1 0}
02-03 13:27:43.479  1911  2031 E NetdConnector: RCV <- {615 DnsInfo servers wlan0 86400 2407:4d00:9c00:9158:38ad:2bff:fe39:f0f4,2001:4546:1::1,2001:4546:2::1}
02-03 13:27:43.591   743   743 E BufferQueueConsumer: BufferQueueConsumer mLowLatencys=0
02-03 13:27:43.596   705 10305 I SSC_HAL : handle_sns_std_sensor_event:395, [SSC_HAL] ACCEL, X:-0.14 Y:0.06 Z:9.61
02-03 13:27:43.924   743   743 E BufferQueueConsumer: BufferQueueConsumer mLowLatencys=0
02-03 13:27:43.971   705   705 E         : [SSC_HAL] activate, type=android.sensor.linear_acceleration, Disable
02-03 13:27:43.980  1911  2506 I chatty  : uid=1000(system) Binder:1911_9 expire 10 lines
02-03 13:27:43.980   705  2005 E         : [SSC_HAL] activate, type=android.sensor.rotation_vector, Disable
02-03 13:27:44.257   743   743 E BufferQueueConsumer: BufferQueueConsumer mLowLatencys=0
02-03 13:27:44.589   743   743 E BufferQueueConsumer: BufferQueueConsumer mLowLatencys=0
02-03 13:27:44.614   705 10305 I SSC_HAL : handle_sns_std_sensor_event:395, [SSC_HAL] ACCEL, X:-0.12 Y:0.02 Z:9.66
02-03 13:27:44.923   743   743 E BufferQueueConsumer: BufferQueueConsumer mLowLatencys=0
02-03 13:27:45.255   743   743 E BufferQueueConsumer: BufferQueueConsumer mLowLatencys=0
02-03 13:27:45.352 31756 11200 I NearbyMediums: No BLE Fast/GATT advertisements found in the latest cycle.
02-03 13:27:45.352 31756 11200 I NearbyMediums: Current Tracked Scanning Clients are : {NearbyConnections.EnvironmentMonitor, NearbySharing}
02-03 13:27:45.588   743   743 E BufferQueueConsumer: BufferQueueConsumer mLowLatencys=0
02-03 13:27:45.630   705 10305 I SSC_HAL : handle_sns_std_sensor_event:395, [SSC_HAL] ACCEL, X:-0.13 Y:0.07 Z:9.64
02-03 13:27:45.921   743   743 E BufferQueueConsumer: BufferQueueConsumer mLowLatencys=0
02-03 13:27:46.254   743   743 E BufferQueueConsumer: BufferQueueConsumer mLowLatencys=0
02-03 13:27:46.446  1074  1391 W Netd    : No subsystem found in netlink event
02-03 13:27:46.447  1911  2043 I chatty  : uid=1000(system) WifiStateMachin expire 28 lines
02-03 13:27:46.448  1911  2031 E NetdConnector: RCV <- {614 Address updated 2407:4d00:9c00:9158:2707:bacc:75c6:f3e0/64 wlan0 0 0}
02-03 13:27:46.448  1911  2031 E NetdConnector: RCV <- {614 Address updated 2407:4d00:9c00:9158:30d1:e396:5072:e0ad/64 wlan0 1 0}
02-03 13:27:46.449  1911  2031 E NetdConnector: RCV <- {615 DnsInfo servers wlan0 86400 2407:4d00:9c00:9158:38ad:2bff:fe39:f0f4,2001:4546:1::1,2001:4546:2::1}
02-03 13:27:46.477 20755 20755 I chatty  : uid=10126(com.google.android.inputmethod.latin) expire 10 lines
02-03 13:27:46.587   743   743 E BufferQueueConsumer: BufferQueueConsumer mLowLatencys=0
02-03 13:27:46.650   705 10305 I SSC_HAL : handle_sns_std_sensor_event:395, [SSC_HAL] ACCEL, X:-0.16 Y:0.01 Z:9.62
02-03 13:27:46.919   743   743 E BufferQueueConsumer: BufferQueueConsumer mLowLatencys=0
02-03 13:27:47.087  1911  1943 V WindowOrientationListener: [SensorN] Result: currentRotation=0, proposedRotation=-1, oldProposedRotation=-1, predictedRotation=-1, timeDeltaMS=19.93901, isAccelerating=false, isFlat=true, isSwinging=false, isOverhead=false, isTouched=false, timeUntilSettledMS=0.0, timeUntilAccelerationDelayExpiredMS=0.0, timeUntilFlatDelayExpiredMS=500.0, timeUntilSwingDelayExpiredMS=0.0, timeUntilTouchDelayExpiredMS=0.0
02-03 13:27:47.252   743   743 I chatty  : uid=1000(system) /system/bin/surfaceflinger identical 1 line
02-03 13:27:47.585   743   743 E BufferQueueConsumer: BufferQueueConsumer mLowLatencys=0
02-03 13:27:47.665   705 10305 I SSC_HAL : handle_sns_std_sensor_event:395, [SSC_HAL] ACCEL, X:-0.14 Y:-0.01 Z:9.70
02-03 13:27:47.918   743   743 E BufferQueueConsumer: BufferQueueConsumer mLowLatencys=0
02-03 13:27:47.960   720   826 E ANDR-PERF-RESOURCEQS: Failed to apply optimization [2, 0]
02-03 13:27:48.251   743   743 E BufferQueueConsumer: BufferQueueConsumer mLowLatencys=0
02-03 13:27:48.683   705 10305 I SSC_HAL : handle_sns_std_sensor_event:395, [SSC_HAL] ACCEL, X:-0.16 Y:0.05 Z:9.67
02-03 13:27:49.022   705 10305 I SSC_HAL : handle_sns_std_sensor_event:409, [SSC_HAL] ACCEL, diff x:-2.68(-2.77) diff y:1.53(1.56) diff z:0.05(9.71)
02-03 13:27:49.060   705 10305 I SSC_HAL : handle_sns_std_sensor_event:409, [SSC_HAL] ACCEL, diff x:2.75(2.07) diff y:-1.87(-1.60) diff z:0.64(10.07)
02-03 13:27:49.082   705 10305 I SSC_HAL : handle_sns_std_sensor_event:409, [SSC_HAL] ACCEL, diff x:3.36(0.59) diff y:-4.27(-2.71) diff z:0.83(10.54)
02-03 13:27:49.142   705 10305 I SSC_HAL : handle_sns_std_sensor_event:409, [SSC_HAL] ACCEL, diff x:-2.61(-2.02) diff y:5.39(2.67) diff z:3.98(14.53)
02-03 13:27:49.162   705 10305 I SSC_HAL : handle_sns_std_sensor_event:409, [SSC_HAL] ACCEL, diff x:-8.04(-7.03) diff y:6.38(4.47) diff z:0.58(12.30)
02-03 13:27:49.180   705 10305 I SSC_HAL : handle_sns_std_sensor_event:409, [SSC_HAL] ACCEL, diff x:-2.94(-3.04) diff y:1.68(2.33) diff z:-2.51(9.39)
02-03 13:27:49.200   705 10305 I SSC_HAL : handle_sns_std_sensor_event:409, [SSC_HAL] ACCEL, diff x:1.52(-0.49) diff y:-4.54(-1.86) diff z:-11.00(3.53)
02-03 13:27:49.220   705 10305 I SSC_HAL : handle_sns_std_sensor_event:409, [SSC_HAL] ACCEL, diff x:5.15(-1.87) diff y:-8.45(-3.98) diff z:-6.68(5.62)
02-03 13:27:49.240   705 10305 I SSC_HAL : handle_sns_std_sensor_event:409, [SSC_HAL] ACCEL, diff x:-0.92(-3.96) diff y:-2.56(-0.22) diff z:-1.26(8.13)
02-03 13:27:49.259   705 10305 I SSC_HAL : handle_sns_std_sensor_event:409, [SSC_HAL] ACCEL, diff x:-5.35(-5.84) diff y:3.17(1.30) diff z:8.14(11.67)
02-03 13:27:49.280   705 10305 I SSC_HAL : handle_sns_std_sensor_event:409, [SSC_HAL] ACCEL, diff x:-6.01(-7.89) diff y:3.22(-0.76) diff z:4.82(10.44)
02-03 13:27:49.299   705 10305 I SSC_HAL : handle_sns_std_sensor_event:409, [SSC_HAL] ACCEL, diff x:-4.45(-8.42) diff y:-0.30(-0.53) diff z:3.48(11.61)
02-03 13:27:49.359   705 10305 I SSC_HAL : handle_sns_std_sensor_event:409, [SSC_HAL] ACCEL, diff x:3.81(-4.61) diff y:1.94(1.41) diff z:0.25(11.86)
02-03 13:27:49.379   705 10305 I SSC_HAL : handle_sns_std_sensor_event:409, [SSC_HAL] ACCEL, diff x:2.91(-4.16) diff y:2.39(3.28) diff z:-1.35(10.93)
02-03 13:27:49.399   705 10305 I SSC_HAL : handle_sns_std_sensor_event:409, [SSC_HAL] ACCEL, diff x:1.54(-3.91) diff y:2.62(4.07) diff z:-2.63(10.06)
02-03 13:27:49.424   705 10305 I SSC_HAL : handle_sns_std_sensor_event:409, [SSC_HAL] ACCEL, diff x:1.68(-2.93) diff y:2.48(3.89) diff z:-2.77(9.09)
02-03 13:27:49.439   705 10305 I SSC_HAL : handle_sns_std_sensor_event:409, [SSC_HAL] ACCEL, diff x:2.82(-1.34) diff y:0.05(3.32) diff z:-2.81(8.11)
02-03 13:27:49.459   705 10305 I SSC_HAL : handle_sns_std_sensor_event:409, [SSC_HAL] ACCEL, diff x:2.98(-0.93) diff y:-0.21(3.86) diff z:-3.11(6.96)
02-03 13:27:49.479   705 10305 I SSC_HAL : handle_sns_std_sensor_event:409, [SSC_HAL] ACCEL, diff x:1.22(-1.71) diff y:0.13(4.01) diff z:-3.44(5.65)
02-03 13:27:49.499   705 10305 I SSC_HAL : handle_sns_std_sensor_event:409, [SSC_HAL] ACCEL, diff x:-2.29(-3.64) diff y:1.72(5.04) diff z:-3.04(5.08)
02-03 13:27:49.516  1074  1391 W Netd    : No subsystem found in netlink event
02-03 13:27:49.516  1911  2031 E NetdConnector: RCV <- {614 Address updated 2407:4d00:9c00:9158:2707:bacc:75c6:f3e0/64 wlan0 0 0}
02-03 13:27:49.516  1911  2031 E NetdConnector: RCV <- {614 Address updated 2407:4d00:9c00:9158:30d1:e396:5072:e0ad/64 wlan0 1 0}
02-03 13:27:49.517  1911  2031 E NetdConnector: RCV <- {615 DnsInfo servers wlan0 86400 2407:4d00:9c00:9158:38ad:2bff:fe39:f0f4,2001:4546:1::1,2001:4546:2::1}
02-03 13:27:49.519   705 10305 I SSC_HAL : handle_sns_std_sensor_event:409, [SSC_HAL] ACCEL, diff x:-3.12(-4.05) diff y:0.34(4.20) diff z:-2.82(4.14)
02-03 13:27:49.662   705 10305 I SSC_HAL : handle_sns_std_sensor_event:409, [SSC_HAL] ACCEL, diff x:-0.44(-6.49) diff y:-1.45(4.68) diff z:3.34(5.10)
02-03 13:27:49.698   705 10305 I SSC_HAL : handle_sns_std_sensor_event:395, [SSC_HAL] ACCEL, X:-3.57 Y:6.93 Z:3.77
02-03 13:27:49.698   705 10305 I SSC_HAL : handle_sns_std_sensor_event:409, [SSC_HAL] ACCEL, diff x:1.70(-3.57) diff y:2.55(6.93) diff z:1.59(3.77)
02-03 13:27:49.722   705 10305 I SSC_HAL : handle_sns_std_sensor_event:409, [SSC_HAL] ACCEL, diff x:1.47(-5.03) diff y:3.47(8.15) diff z:-2.18(2.91)
02-03 13:27:49.784  1911  1943 V WindowOrientationListener: [SensorN] Proposed rotation changed!  proposedRotation=0, oldProposedRotation=-1
02-03 13:27:49.787  2134  2134 V NavigationBar: onRotationProposal proposedRotation=ROTATION_0, winRotation=ROTATION_0, isValid=true, mNavBarWindowState=WINDOW_STATE_HIDDEN, rotateSuggestionsDisabled=false, isRotateButtonVisible=false
02-03 13:27:49.878   705 10305 I SSC_HAL : handle_sns_std_sensor_event:409, [SSC_HAL] ACCEL, diff x:-1.37(-4.71) diff y:-0.08(8.06) diff z:3.26(4.06)
02-03 13:27:49.918   705 10305 I SSC_HAL : handle_sns_std_sensor_event:409, [SSC_HAL] ACCEL, diff x:1.01(-4.02) diff y:-0.15(7.28) diff z:-2.63(2.10)
02-03 13:27:49.958   705 10305 I SSC_HAL : handle_sns_std_sensor_event:409, [SSC_HAL] ACCEL, diff x:0.81(-2.92) diff y:-1.03(6.74) diff z:3.92(5.98)
02-03 13:27:49.959   743   743 E BufferQueueConsumer: BufferQueueConsumer mLowLatencys=0
02-03 13:27:49.978   705 10305 I SSC_HAL : handle_sns_std_sensor_event:409, [SSC_HAL] ACCEL, diff x:2.08(-1.94) diff y:-1.00(6.29) diff z:3.80(5.90)
02-03 13:27:49.997   705 10305 I SSC_HAL : handle_sns_std_sensor_event:409, [SSC_HAL] ACCEL, diff x:2.55(-1.62) diff y:-0.49(6.45) diff z:1.93(5.83)
02-03 13:27:50.137   705 10305 I SSC_HAL : handle_sns_std_sensor_event:409, [SSC_HAL] ACCEL, diff x:0.28(-2.31) diff y:3.07(8.92) diff z:-1.04(6.10)
02-03 13:27:50.277   705 10305 I SSC_HAL : handle_sns_std_sensor_event:409, [SSC_HAL] ACCEL, diff x:0.71(-0.59) diff y:-2.51(6.04) diff z:0.68(7.54)
02-03 13:27:50.550 10259 10259 W wk:do_write_ev: type=1400 audit(0.0:11278): avc: denied { chown } for capability=0 scontext=u:r:kernel:s0 tcontext=u:r:kernel:s0 tclass=capability permissive=0
02-03 13:27:50.569  2543  2543 D ServiceStateProvider: subId=2147483643
02-03 13:27:50.572  1911  1942 I chatty  : uid=1000(system) ActivityManager expire 11 lines
02-03 13:27:50.573  2134  2272 D NetworkController: onReceive: intent=Intent { act=android.intent.action.SERVICE_STATE flg=0x1000010 (has extras) }
02-03 13:27:50.573  8170  8170 V AsusCellBroadcast: [CellBroadcastReceiver] onReceive Intent { act=android.intent.action.SERVICE_STATE flg=0x1000010 cmp=com.android.cellbroadcastreceiver/.CellBroadcastReceiver (has extras) } , privileged=false
02-03 13:27:50.575  2134  2134 D KeyguardUpdateMonitor: received broadcast android.intent.action.SERVICE_STATE
02-03 13:27:50.575  2134  2134 V KeyguardUpdateMonitor: action android.intent.action.SERVICE_STATE serviceState={mVoiceRegState=1(OUT_OF_SERVICE), mDataRegState=1(OUT_OF_SERVICE), mChannelNumber=3400, duplexMode()=0, mCellBandwidths=[], mVoiceRoamingType=home, mDataRoamingType=home, mVoiceOperatorAlphaLong=, mVoiceOperatorAlphaShort=, mDataOperatorAlphaLong=, mDataOperatorAlphaShort=, isManualNetworkSelection=false(automatic), mRilVoiceRadioTechnology=14(LTE), mRilDataRadioTechnology=0(Unknown), mCssIndicator=unsupported, mNetworkId=-1, mSystemId=-1, mCdmaRoamingIndicator=-1, mCdmaDefaultRoamingIndicator=-1, mIsEmergencyOnly=true, mIsDataRoamingFromRegistration=false, mIsUsingCarrierAggregation=false, mLteEarfcnRsrpBoost=0, mNetworkRegistrationStates=[]} subId=2147483643
02-03 13:27:50.575  2134  2134 D KeyguardUpdateMonitor: handleServiceStateChange(subId=2147483643, serviceState={mVoiceRegState=1(OUT_OF_SERVICE), mDataRegState=1(OUT_OF_SERVICE), mChannelNumber=3400, duplexMode()=0, mCellBandwidths=[], mVoiceRoamingType=home, mDataRoamingType=home, mVoiceOperatorAlphaLong=, mVoiceOperatorAlphaShort=, mDataOperatorAlphaLong=, mDataOperatorAlphaShort=, isManualNetworkSelection=false(automatic), mRilVoiceRadioTechnology=14(LTE), mRilDataRadioTechnology=0(Unknown), mCssIndicator=unsupported, mNetworkId=-1, mSystemId=-1, mCdmaRoamingIndicator=-1, mCdmaDefaultRoamingIndicator=-1, mIsEmergencyOnly=true, mIsDataRoamingFromRegistration=false, mIsUsingCarrierAggregation=false, mLteEarfcnRsrpBoost=0, mNetworkRegistrationStates=[]}
02-03 13:27:50.575  2134  2134 D CarrierText: updateCarrierText(): 0
02-03 13:27:50.576  2543  2543 D ChangeTimeZoneReceiver: ChangeTimeZoneReceiver onReceive(): action = android.intent.action.NETWORK_SET_TIMEZONE
02-03 13:27:50.576  2543  2543 D ChangeTimeZoneReceiver: ChangeTimeZoneReceiver onReceive(): intent.getAction() == TelephonyIntents.ACTION_NETWORK_SET_TIMEZONE, unregister mAutoTimeZoneObserver and cancel mPendingIntent
02-03 13:27:50.577  2543  2543 D PhoneGlobals: [mPhoneStateListener] onServiceStateChanged, subId[0] = 2147483643, phoneId = 0
02-03 13:27:50.577  2543  2543 D PhoneGlobals: [mPhoneStateListener] onServiceStateChanged, state.getState() = 1
02-03 13:27:50.577  2543  2543 D [TELESERVICE][AsusPhoneUtils]: tryToNotifyOffDataRoamingOption(), bRoaming = false, slot = 0
02-03 13:27:50.577  2543  2543 D [TELESERVICE][AsusPhoneUtils]: [mPhoneStateListener] onServiceStateChanged, isNonRoamingInService = false
02-03 13:27:50.577  2543  2543 D [TELESERVICE][AsusPhoneUtils]: [mPhoneStateListener] onServiceStateChanged, state.getRoaming() = false, phone.getDataRoamingEnabled() = false
02-03 13:27:50.577  2543  2543 D [TELESERVICE][AsusPhoneUtils]: getMobileSlot(): slotId = 0
02-03 13:27:50.577  2543  2543 D [TELESERVICE][AsusPhoneUtils]: getRoamingNotificationDB: iRoamingNotificationState = 1, ret = true
