02-03 13:24:54.168   720   720 E         : perfHint : 1080, type 4, pl_time -1, com.android.systemui
02-03 13:24:54.223   720   720 E         : perfHint : 1080, type 1, pl_time 888, android
02-03 13:24:54.223   720   720 E         : perfHint : 1080, type 1, pl_time 3858, android
02-03 13:24:54.225   720   720 E         : perfHint : 1080, type 2, pl_time 144, com.android.systemui
02-03 13:24:54.294   743   743 E BufferQueueConsumer: BufferQueueConsumer mLowLatencys=0
02-03 13:24:54.335  2134  2134 D keyguard: AsusKGWallpaperManager:notifyBlurEffect: false <tecl : vEbWf> a: 0.0
02-03 13:24:54.627   743   743 E BufferQueueConsumer: BufferQueueConsumer mLowLatencys=0
02-03 13:24:54.960   743   743 E BufferQueueConsumer: BufferQueueConsumer mLowLatencys=0
02-03 13:24:55.024  2134  2272 D SystemUILog: quicksettings|Tile.RotationLockTile:CLICK: 自動旋轉
02-03 13:24:55.032  1911  1911 V SettingsProvider: Notifying for 0: content://settings/system/accelerometer_rotation
02-03 13:24:55.033  1911  1943 D WindowManager: mIsInstantCameraEnabled=false
02-03 13:24:55.033  1911  1943 D WindowManager: mIsLongPressInstantCameraEnabled=false
02-03 13:24:55.033  1911  1943 D WindowManager: mIsLaunchCameraFromFpEnabled=false
02-03 13:24:55.078 31735 11287 D AdvertisingIdClient: AdvertisingIdClient already created.
02-03 13:24:55.078 31735 11287 D AdvertisingIdClient: AdvertisingIdClient is not bounded. Starting to bind it...
02-03 13:24:55.083  1911  6667 I chatty  : uid=1000(system) Binder:1911_12 expire 14 lines
02-03 13:24:55.087 31735 11287 D AdvertisingIdClient: AdvertisingIdClient is bounded
02-03 13:24:55.089 31735 11287 I AdvertisingIdClient: shouldSendLog 77986188
02-03 13:24:55.089 31735 11287 I AdvertisingIdClient: GetInfoInternal elapse 11ms
02-03 13:24:55.125  2134  2134 D keyguard: AsusKGWallpaperManager:notifyBlurEffect: false <tecl : vEbWf> a: 0.0
02-03 13:24:55.277 31756 11200 I NearbyMediums: No BLE Fast/GATT advertisements found in the latest cycle.
02-03 13:24:55.277 31756 11200 I NearbyMediums: Current Tracked Scanning Clients are : {NearbyConnections.EnvironmentMonitor, NearbySharing}
02-03 13:24:55.293   743   743 E BufferQueueConsumer: BufferQueueConsumer mLowLatencys=0
02-03 13:24:55.333  1074  1391 W Netd    : No subsystem found in netlink event
02-03 13:24:55.334  1911  2031 E NetdConnector: RCV <- {614 Address updated 2407:4d00:9c00:9158:2707:bacc:75c6:f3e0/64 wlan0 0 0}
02-03 13:24:55.334  1911  2031 E NetdConnector: RCV <- {614 Address updated 2407:4d00:9c00:9158:30d1:e396:5072:e0ad/64 wlan0 1 0}
02-03 13:24:55.334  1911  2031 E NetdConnector: RCV <- {615 DnsInfo servers wlan0 86400 2407:4d00:9c00:9158:38ad:2bff:fe39:f0f4,2001:4546:1::1,2001:4546:2::1}
02-03 13:24:55.626   743   743 E BufferQueueConsumer: BufferQueueConsumer mLowLatencys=0
02-03 13:24:55.689  2134  2134 D NavigationGestureService: IsLegalTouchDown on display: 0
02-03 13:24:55.689  2134  2134 D NavigationGestureService: Gesture set function focused: Back(0) on Default display
02-03 13:24:55.715   720   720 E         : perfHint : 1087, type 1, pl_time -1, android
02-03 13:24:55.731  2134  2134 D NavigationGestureView: showGestureView !!
02-03 13:24:55.791  2134  2134 D NavigationGestureController: Trigger function: 0 on 0
02-03 13:24:55.807  2134  2134 D keyguard: AsusMediator:onBackPressed()
02-03 13:24:55.948   743   743 E BufferQueueConsumer: BufferQueueConsumer mLowLatencys=0
02-03 13:24:56.217  2134  2272 V WifiManager: registerSoftApCallback: callback=com.asus.systemui.wigig.WigigSupportedHotspotControllerImpl@4c3f0d1, handler=Handler (android.os.Handler) {d736736}
02-03 13:24:56.218  2134  2134 V ReflectionMethods: ========ReflectionMethods.getObject android.view.LayoutParams.LayoutParams.PRIVATE_FLAG_STATUS_BAR_EXPANDED = false ===============
02-03 13:24:56.218  2134  2134 D keyguard: AsusMediator:onSetQsExpanded() false
02-03 13:24:56.218  2134  2389 V WifiManager: SoftApCallbackProxy: onStateChanged: state=11, failureReason=0
02-03 13:24:56.218  2134  2389 V WifiManager: SoftApCallbackProxy: onNumClientsChanged: numClients=0
02-03 13:24:56.218  2134  2134 D keyguard: AsusKGWallpaperManager:notifyBlurEffect: false <tecl : vEbWf> a: 0.0
02-03 13:24:56.219  2134  2389 V WifiManager: SoftApCallbackProxy: [0]onStaConnected Macaddr =
02-03 13:24:56.281   743   743 E BufferQueueConsumer: BufferQueueConsumer mLowLatencys=0
02-03 13:24:56.368   720   720 E         : perfHint : 1087, type 1, pl_time -1, android
02-03 13:24:56.370  2134  2134 D keyguard: AsusKGWallpaperManager:notifyBlurEffect: false <Tecl : vEbWf> a: 0.0
02-03 13:24:56.384   720   720 E         : perfHint : 1080, type 4, pl_time -1, com.android.systemui
02-03 13:24:56.415   720   720 E         : perfHint : 1080, type 1, pl_time 817, android
02-03 13:24:56.416   720   720 E         : perfHint : 1080, type 1, pl_time 1822, android
02-03 13:24:56.437   720   720 E         : perfHint : 1080, type 1, pl_time 7563, com.android.systemui
02-03 13:24:56.530  2134  2134 D keyguard: AsusKGWallpaperManager:notifyBlurEffect: false <tecl : vEbWf> a: 0.0
02-03 13:24:56.614   743   743 E BufferQueueConsumer: BufferQueueConsumer mLowLatencys=0
02-03 13:24:56.726  2134  2469 D keyguard: ConcreteFaceUnlock:handleMessage MSG_STOP_FACEUNLOCK_SERVICE
02-03 13:24:56.726  2134  2469 D keyguard: FaceUnlockFacade:unbindFaceUnlockService
02-03 13:24:56.752  1911  1943 V WindowOrientationListener: [SensorN] Result: currentRotation=0, proposedRotation=0, oldProposedRotation=0, predictedRotation=0, timeDeltaMS=66.66703, isAccelerating=false, isFlat=false, isSwinging=false, isOverhead=false, isTouched=false, timeUntilSettledMS=0.0, timeUntilAccelerationDelayExpiredMS=0.0, timeUntilFlatDelayExpiredMS=0.0, timeUntilSwingDelayExpiredMS=0.0, timeUntilTouchDelayExpiredMS=266.38873
02-03 13:24:56.851   720   720 E         : perfHint : 1087, type 1, pl_time -1, android
02-03 13:24:56.859  2134  2134 D keyguard: AsusKGWallpaperManager:notifyBlurEffect: false <Tecl : vEbWf> a: 0.0
02-03 13:24:56.859  2134  2134 I keyguard: AsusMediator:onExpandingStarted()
02-03 13:24:56.859  2134  2134 I keyguard: AsusMediator:onTrackingStarted
02-03 13:24:56.859  2134  2134 I keyguard: AsusDragManager:onTrackingStarted barState:0
02-03 13:24:56.909   720   720 E         : perfHint : 1080, type 1, pl_time 711, android
02-03 13:24:56.909   720   720 E         : perfHint : 1080, type 1, pl_time 2376, android
02-03 13:24:56.913  2134  2134 I keyguard: AsusDragManager:onNotificationPanelTouch barState:0 action:1 mTraceStarted:false
02-03 13:24:56.913  2134  2134 I keyguard: AsusMediator:onTrackingStopped barState:0 expand:false
02-03 13:24:56.913  2134  2134 I keyguard: AsusDragManager:onTrackingStopped barState:0 expand:false mTraceStarted:false
02-03 13:24:56.947   743   743 E BufferQueueConsumer: BufferQueueConsumer mLowLatencys=0
02-03 13:24:57.018  2134  2134 D keyguard: AsusKGWallpaperManager:notifyBlurEffect: false <tecl : vEbWf> a: 0.0
02-03 13:24:57.048  2134  2134 V ReflectionMethods: ========ReflectionMethods.getObject android.view.LayoutParams.LayoutParams.PRIVATE_FLAG_STATUS_BAR_EXPANDED = false ===============
02-03 13:24:57.092  2134  2134 D StatusBar: disable1: 0x00000000 -> 0x00000000 (diff1: 0x00000000)
02-03 13:24:57.092  2134  2134 D StatusBar: disable2: 0x00000000 -> 0x00000000 (diff2: 0x00000000)
02-03 13:24:57.092  2134  2134 D StatusBar: disable<e i a s b h r c s > disable2<q i n >
02-03 13:24:57.126  2134  2134 D Tracking_QSPanel_Layout: PanelExpanded orientation:1
02-03 13:24:57.127  2134  2134 V ReflectionMethods: ========ReflectionMethods.getObject android.view.LayoutParams.LayoutParams.PRIVATE_FLAG_STATUS_BAR_EXPANDED = false ===============
02-03 13:24:57.136  2134  2134 I keyguard: AsusMediator:onExpandingFinished()
02-03 13:24:57.136  2134  2134 D keyguard: PanelBar:updateVisibility(INVISIBLE)
02-03 13:24:57.144  2134  2134 D keyguard: PanelBar:updateVisibility(INVISIBLE) end
02-03 13:24:57.150  2134  2134 V ReflectionMethods: ========ReflectionMethods.getObject android.view.LayoutParams.LayoutParams.PRIVATE_FLAG_STATUS_BAR_EXPANDED = false ===============
02-03 13:24:57.153  2134  2134 V ReflectionMethods: ========ReflectionMethods.getObject android.view.LayoutParams.LayoutParams.PRIVATE_FLAG_STATUS_BAR_EXPANDED = false ===============
02-03 13:24:57.153  2134  2134 D StatusBar: dismiss keyguard and bouncer
02-03 13:24:57.154  2134  2134 D StatusBar: disable1: 0x00000000 -> 0x00000000 (diff1: 0x00000000)
02-03 13:24:57.154  2134  2134 D StatusBar: disable2: 0x00000000 -> 0x00000000 (diff2: 0x00000000)
02-03 13:24:57.154  2134  2134 D StatusBar: disable<e i a s b h r c s > disable2<q i n >
02-03 13:24:57.427  1911  2043 I chatty  : uid=1000(system) WifiStateMachin expire 47 lines
02-03 13:24:57.623   743   743 E BufferQueueConsumer: BufferQueueConsumer mLowLatencys=0
02-03 13:24:58.410  1074  1391 W Netd    : No subsystem found in netlink event
02-03 13:24:58.410  1911  2031 E NetdConnector: RCV <- {614 Address updated 2407:4d00:9c00:9158:2707:bacc:75c6:f3e0/64 wlan0 0 0}
02-03 13:24:58.411  1911  2031 E NetdConnector: RCV <- {614 Address updated 2407:4d00:9c00:9158:30d1:e396:5072:e0ad/64 wlan0 1 0}
02-03 13:24:58.411  1911  2031 E NetdConnector: RCV <- {615 DnsInfo servers wlan0 86400 2407:4d00:9c00:9158:38ad:2bff:fe39:f0f4,2001:4546:1::1,2001:4546:2::1}
02-03 13:24:58.891   741  1033 V APM_AudioPolicyManager: AudioPolicyManager:setRecordSilenced(uid:10077, silenced:1)
02-03 13:24:58.891   741  1033 V AudioFlinger: AudioFlinger::setRecordSilenced(uid:10077, silenced:1)
02-03 13:24:59.033   720   720 E         : perfHint : 1087, type 1, pl_time -1, android
02-03 13:24:59.132   743   743 E BufferQueueConsumer: BufferQueueConsumer mLowLatencys=0
02-03 13:24:59.465   743   743 E BufferQueueConsumer: BufferQueueConsumer mLowLatencys=0
02-03 13:24:59.842   743   743 E BufferQueueConsumer: BufferQueueConsumer mLowLatencys=0
02-03 13:25:00.006  1911  1942 I chatty  : uid=1000(system) ActivityManager expire 12 lines
02-03 13:25:00.008  2134  2134 D KeyguardUpdateMonitor: received broadcast android.intent.action.TIME_TICK
02-03 13:25:00.008  2134  2134 D KeyguardUpdateMonitor: handleTimeUpdate
02-03 13:25:00.016  2134  2328 D StatusBarClock: Received:android.intent.action.TIME_TICK|mAmPmStyle: 1
02-03 13:25:00.017  2134  2134 D StatusBarClock: getSmallTime: 下午1:25
02-03 13:25:00.123  3274  3876 I AnimationIconReceiver: Get animation icon from Method 4= [com.asus.deskclock] 207 x 207
02-03 13:25:00.123  3274  3876 D AnimationIconReceiver: get app package name: com.asus.deskclock class name: com.asus.deskclock.DeskClock size: 207
02-03 13:25:00.154   743   743 E BufferQueueConsumer: BufferQueueConsumer mLowLatencys=0
02-03 13:25:00.225  3274  3876 D AnimationIconReceiver: update icon to DB - componentName: com.asus.deskclock/com.asus.deskclock.DeskClock isEnable: true
02-03 13:25:00.225  3274  3876 D AnimationIconReceiver: get animation icon but doesn't flush immediately because mUseInstallQueue: true launcherNotLoaded: false
02-03 13:25:00.487   743   743 E BufferQueueConsumer: BufferQueueConsumer mLowLatencys=0
02-03 13:25:00.648  1911  1943 V WindowOrientationListener: [SensorN] Proposed rotation changed!  proposedRotation=3, oldProposedRotation=-1
02-03 13:25:00.651  2134  2134 V NavigationBar: onRotationProposal proposedRotation=ROTATION_270, winRotation=ROTATION_0, isValid=true, mNavBarWindowState=WINDOW_STATE_HIDDEN, rotateSuggestionsDisabled=false, isRotateButtonVisible=false
02-03 13:25:00.664  2134  2134 D NavigationBarView: [setRotateButtonVisibility] visible: true displayId: 0
02-03 13:25:00.665  2134  2134 D AsusRotationSuggestionController: [setVisibility] show: true
02-03 13:25:00.676  2134  2134 D NavigationBarView: [updateNavButtonIcons] Home: vis= true alpha: 1.0, Back: vis= true alpha: 1.0, Recent: vis= true alpha: 1.0
02-03 13:25:00.764   743   743 E BufferQueueConsumer: BufferQueueConsumer mLowLatencys=0
02-03 13:25:00.930   743   743 E BufferQueueConsumer: BufferQueueConsumer mLowLatencys=0
02-03 13:25:01.096   743   743 E BufferQueueConsumer: BufferQueueConsumer mLowLatencys=0
02-03 13:25:01.263   743   743 E BufferQueueConsumer: BufferQueueConsumer mLowLatencys=0
02-03 13:25:01.375  1074  1391 W Netd    : No subsystem found in netlink event
02-03 13:25:01.377  1911  2031 E NetdConnector: RCV <- {614 Address updated 2407:4d00:9c00:9158:2707:bacc:75c6:f3e0/64 wlan0 0 0}
02-03 13:25:01.377  1911  2031 E NetdConnector: RCV <- {614 Address updated 2407:4d00:9c00:9158:30d1:e396:5072:e0ad/64 wlan0 1 0}
02-03 13:25:01.377  1911  2031 E NetdConnector: RCV <- {615 DnsInfo servers wlan0 86400 2407:4d00:9c00:9158:38ad:2bff:fe39:f0f4,2001:4546:1::1,2001:4546:2::1}
02-03 13:25:01.429   743   743 E BufferQueueConsumer: BufferQueueConsumer mLowLatencys=0
02-03 13:25:01.596   743   743 E BufferQueueConsumer: BufferQueueConsumer mLowLatencys=0
02-03 13:25:01.678   741  1033 V APM_AudioPolicyManager: AudioPolicyManager:setRecordSilenced(uid:10088, silenced:1)
02-03 13:25:01.678   741  1033 V AudioFlinger: AudioFlinger::setRecordSilenced(uid:10088, silenced:1)
02-03 13:25:01.748  1911  1943 V WindowOrientationListener: [SensorN] Result: currentRotation=0, proposedRotation=-1, oldProposedRotation=-1, predictedRotation=-1, timeDeltaMS=66.66703, isAccelerating=false, isFlat=false, isSwinging=false, isOverhead=false, isTouched=false, timeUntilSettledMS=0.0, timeUntilAccelerationDelayExpiredMS=0.0, timeUntilFlatDelayExpiredMS=0.0, timeUntilSwingDelayExpiredMS=0.0, timeUntilTouchDelayExpiredMS=0.0
02-03 13:25:01.762   743   743 E BufferQueueConsumer: BufferQueueConsumer mLowLatencys=0
02-03 13:25:02.095   743   743 E BufferQueueConsumer: BufferQueueConsumer mLowLatencys=0
02-03 13:25:02.262   743   743 E BufferQueueConsumer: BufferQueueConsumer mLowLatencys=0
02-03 13:25:03.094   743   743 E BufferQueueConsumer: BufferQueueConsumer mLowLatencys=0
02-03 13:25:03.261   743   743 E BufferQueueConsumer: BufferQueueConsumer mLowLatencys=0
02-03 13:25:03.427   743   743 E BufferQueueConsumer: BufferQueueConsumer mLowLatencys=0
02-03 13:25:03.594   743   743 E BufferQueueConsumer: BufferQueueConsumer mLowLatencys=0
02-03 13:25:04.094   743   743 E BufferQueueConsumer: BufferQueueConsumer mLowLatencys=0
02-03 13:25:04.148   705 10305 I chatty  : uid=1000(system) HwBinder:705_1 expire 11 lines
02-03 13:25:04.183  1911  2506 I chatty  : uid=1000(system) Binder:1911_9 expire 14 lines
02-03 13:25:04.178 10232 10232 W wk:do_write_ev: type=1400 audit(0.0:11276): avc: denied { chown } for capability=0 scontext=u:r:kernel:s0 tcontext=u:r:kernel:s0 tclass=capability permissive=0
02-03 13:25:04.192  2543  2543 D ServiceStateProvider: subId=2147483643
02-03 13:25:04.193  2134  2134 D KeyguardUpdateMonitor: received broadcast android.intent.action.SERVICE_STATE
02-03 13:25:04.193  2134  2134 V KeyguardUpdateMonitor: action android.intent.action.SERVICE_STATE serviceState={mVoiceRegState=1(OUT_OF_SERVICE), mDataRegState=1(OUT_OF_SERVICE), mChannelNumber=1750, duplexMode()=0, mCellBandwidths=[], mVoiceRoamingType=home, mDataRoamingType=home, mVoiceOperatorAlphaLong=, mVoiceOperatorAlphaShort=, mDataOperatorAlphaLong=, mDataOperatorAlphaShort=, isManualNetworkSelection=false(automatic), mRilVoiceRadioTechnology=14(LTE), mRilDataRadioTechnology=0(Unknown), mCssIndicator=unsupported, mNetworkId=-1, mSystemId=-1, mCdmaRoamingIndicator=-1, mCdmaDefaultRoamingIndicator=-1, mIsEmergencyOnly=true, mIsDataRoamingFromRegistration=false, mIsUsingCarrierAggregation=false, mLteEarfcnRsrpBoost=0, mNetworkRegistrationStates=[]} subId=2147483643
02-03 13:25:04.193  2134  2134 D KeyguardUpdateMonitor: handleServiceStateChange(subId=2147483643, serviceState={mVoiceRegState=1(OUT_OF_SERVICE), mDataRegState=1(OUT_OF_SERVICE), mChannelNumber=1750, duplexMode()=0, mCellBandwidths=[], mVoiceRoamingType=home, mDataRoamingType=home, mVoiceOperatorAlphaLong=, mVoiceOperatorAlphaShort=, mDataOperatorAlphaLong=, mDataOperatorAlphaShort=, isManualNetworkSelection=false(automatic), mRilVoiceRadioTechnology=14(LTE), mRilDataRadioTechnology=0(Unknown), mCssIndicator=unsupported, mNetworkId=-1, mSystemId=-1, mCdmaRoamingIndicator=-1, mCdmaDefaultRoamingIndicator=-1, mIsEmergencyOnly=true, mIsDataRoamingFromRegistration=false, mIsUsingCarrierAggregation=false, mLteEarfcnRsrpBoost=0, mNetworkRegistrationStates=[]}
02-03 13:25:04.193  2134  2134 D CarrierText: updateCarrierText(): 0
02-03 13:25:04.195  2543  2543 D ChangeTimeZoneReceiver: ChangeTimeZoneReceiver onReceive(): action = android.intent.action.NETWORK_SET_TIMEZONE
02-03 13:25:04.195  2543  2543 D ChangeTimeZoneReceiver: ChangeTimeZoneReceiver onReceive(): intent.getAction() == TelephonyIntents.ACTION_NETWORK_SET_TIMEZONE, unregister mAutoTimeZoneObserver and cancel mPendingIntent
02-03 13:25:04.195  2543  2543 D PhoneGlobals: [mPhoneStateListener] onServiceStateChanged, subId[0] = 2147483643, phoneId = 0
02-03 13:25:04.195  2543  2543 D PhoneGlobals: [mPhoneStateListener] onServiceStateChanged, state.getState() = 1
02-03 13:25:04.195  2543  2543 D [TELESERVICE][AsusPhoneUtils]: tryToNotifyOffDataRoamingOption(), bRoaming = false, slot = 0
02-03 13:25:04.195  2543  2543 D [TELESERVICE][AsusPhoneUtils]: [mPhoneStateListener] onServiceStateChanged, isNonRoamingInService = false
02-03 13:25:04.195  2543  2543 D [TELESERVICE][AsusPhoneUtils]: [mPhoneStateListener] onServiceStateChanged, state.getRoaming() = false, phone.getDataRoamingEnabled() = false
02-03 13:25:04.195  2543  2543 D [TELESERVICE][AsusPhoneUtils]: getMobileSlot(): slotId = 0
02-03 13:25:04.195  2543  2543 D [TELESERVICE][AsusPhoneUtils]: getRoamingNotificationDB: iRoamingNotificationState = 1, ret = true
02-03 13:25:04.195  2543  2543 D [TELESERVICE][AsusPhoneUtils]: [mPhoneStateListener] onServiceStateChanged, mobileDataOn = true
02-03 13:25:04.195  2543  2543 D PhoneGlobals: onServiceStateChanged(): AsusPhoneUtils.sServiceState = 1, AsusPhoneUtils.sServiceState2 = 1
02-03 13:25:04.195  2543  2543 D PhoneGlobals: onReceive(): action = android.intent.action.SERVICE_STATE
02-03 13:25:04.196  2543  2543 D PhoneGlobals: mReceiver: ACTION_SERVICE_STATE_CHANGED
02-03 13:25:04.196  2543  2543 D PhoneGlobals: handleServiceStateChanged: intent = Intent { act=android.intent.action.SERVICE_STATE flg=0x1000010 (has extras) }
02-03 13:25:04.196  2543  2543 V PhoneGlobals: handleServiceStateChanged
02-03 13:25:04.196  2134  2272 D NetworkController: onReceive: intent=Intent { act=android.intent.action.SERVICE_STATE flg=0x1000010 (has extras) }
02-03 13:25:04.201  2543  2543 D PhoneGlobals: handleServiceStateChanged: state = 1, ss.getVoiceRoaming() = false
02-03 13:25:04.201  2543  2543 V PhoneGlobals: subId=2147483643,mDefaultDataSubId=2147483643,ss roaming=false
02-03 13:25:04.201  2543  2543 V PhoneGlobals: updateDataRoamingStatus
02-03 13:25:04.202  2543  2543 V PhoneGlobals: dataAllowed=false, reasons=Data disallowed, reasons: RECORD_NOT_LOADED NOT_ATTACHED
02-03 13:25:04.202  2543  2543 D PhoneGlobals: updateDataRoamingStatus dataAllowed = false, reasons = Data disallowed, reasons: RECORD_NOT_LOADED NOT_ATTACHED, mNoDataDueToRoaming = false
02-03 13:25:04.202  2543  2543 D PhoneGlobals: updateDataRoamingStatus bROAMING_DISABLED_NOT_ATTACHED = false
02-03 13:25:04.202  2543  2543 D PhoneGlobals: updateDataRoamingStatus bNOT_ATTACHED_ROAMING_DISABLED = false
02-03 13:25:04.202  2543  2543 D PhoneGlobals: updateDataRoamingStatus bAsusRoamingDisabled = false
02-03 13:25:04.202  2543  2543 D PhoneGlobals: handleMessage() msg.what: 102
02-03 13:25:04.202  2543  2543 D [TELESERVICE][AsusPhoneUtils]: cancelDataRoamingAccessAllowed(): iSlotId = 0
02-03 13:25:04.203  2134  2134 D CarrierText: Getting plmn/spn sticky brdcst 僅可撥打緊急電話/
02-03 13:25:04.203  2134  2134 D CarrierText: displayText--沒有 SIM 卡 ╱ 僅可撥打緊急電話
02-03 13:25:04.203  8170  8170 V AsusCellBroadcast: [CellBroadcastReceiver] onReceive Intent { act=android.intent.action.SERVICE_STATE flg=0x1000010 cmp=com.android.cellbroadcastreceiver/.CellBroadcastReceiver (has extras) } , privileged=false
02-03 13:25:04.204  2134  2134 D CarrierText: updateCarrierText(): 0
02-03 13:25:04.207  4737  4737 D SimCardReceiver: onReceive actioncode: android.intent.action.SERVICE_STATE
02-03 13:25:04.208  2134  2134 D CarrierText: Getting plmn/spn sticky brdcst 僅可撥打緊急電話/
02-03 13:25:04.208  2134  2134 D CarrierText: displayText--沒有 SIM 卡 ╱ 僅可撥打緊急電話
02-03 13:25:04.211  1911  2506 D Telecom : TelecomServiceImpl: getCallCapablePhoneAccounts callingPackage = com.asus.contacts
02-03 13:25:04.211  1911  2506 D Telecom : TelecomServiceImpl: canReadPhoneState callingPackage = com.asus.contacts: TSI.gCCPA@B9w
02-03 13:25:04.211  1911  2506 D Telecom : TelecomServiceImpl: isPrivilegedDialerCalling = com.asus.contacts: TSI.gCCPA@B9w
02-03 13:25:04.211  4737 11298 D AsusContactsTelephonyManager: [getSimCardPhoneAccountHandle] accountHandles size = 0, slotId = 0
02-03 13:25:04.211  4737 11298 D AsusContactsTelephonyManager: [getSimCardPhoneAccountHandle] Can't find PhoneAccountHandle for slot:0
02-03 13:25:04.211  4737 11298 D PhoneCapabilityTester: sim1 isActive = false
02-03 13:25:04.212  1911  2506 D Telecom : TelecomServiceImpl: getCallCapablePhoneAccounts callingPackage = com.asus.contacts
02-03 13:25:04.213  1911  2506 D Telecom : TelecomServiceImpl: canReadPhoneState callingPackage = com.asus.contacts: TSI.gCCPA@B94
02-03 13:25:04.213  1911  2506 D Telecom : TelecomServiceImpl: isPrivilegedDialerCalling = com.asus.contacts: TSI.gCCPA@B94
02-03 13:25:04.213  4737 11298 D AsusContactsTelephonyManager: [getSimCardPhoneAccountHandle] accountHandles size = 0, slotId = 1
02-03 13:25:04.213  4737 11298 D AsusContactsTelephonyManager: [getSimCardPhoneAccountHandle] Can't find PhoneAccountHandle for slot:1
02-03 13:25:04.213  4737 11298 D PhoneCapabilityTester: sim2 isActive = false
02-03 13:25:04.261   743   743 E BufferQueueConsumer: BufferQueueConsumer mLowLatencys=0
02-03 13:25:04.347  1074  1391 W Netd    : No subsystem found in netlink event
02-03 13:25:04.347  1911  2031 E NetdConnector: RCV <- {614 Address updated 2407:4d00:9c00:9158:2707:bacc:75c6:f3e0/64 wlan0 0 0}
02-03 13:25:04.348  1911  2031 E NetdConnector: RCV <- {614 Address updated 2407:4d00:9c00:9158:30d1:e396:5072:e0ad/64 wlan0 1 0}
02-03 13:25:04.349  1911  2031 E NetdConnector: RCV <- {615 DnsInfo servers wlan0 86400 2407:4d00:9c00:9158:38ad:2bff:fe39:f0f4,2001:4546:1::1,2001:4546:2::1}
02-03 13:25:04.428   743   743 E BufferQueueConsumer: BufferQueueConsumer mLowLatencys=0
02-03 13:25:05.094   743   743 E BufferQueueConsumer: BufferQueueConsumer mLowLatencys=0
02-03 13:25:05.260   743   743 E BufferQueueConsumer: BufferQueueConsumer mLowLatencys=0
02-03 13:25:05.280 31756 11200 I NearbyMediums: No BLE Fast/GATT advertisements found in the latest cycle.
02-03 13:25:05.280 31756 11200 I NearbyMediums: Current Tracked Scanning Clients are : {NearbyConnections.EnvironmentMonitor, NearbySharing}
02-03 13:25:05.427   743   743 E BufferQueueConsumer: BufferQueueConsumer mLowLatencys=0
02-03 13:25:05.468  2308  2308 I wpa_supplicant: p2p0: CTRL-EVENT-AVOID-FREQ ranges=5500-5640
02-03 13:25:05.468   710  2381 I WifiHAL : event received NL80211_CMD_VENDOR, vendor_id = 0x1374, subcmd = 0xa
02-03 13:25:05.593   743   743 E BufferQueueConsumer: BufferQueueConsumer mLowLatencys=0
02-03 13:25:05.760   743   743 E BufferQueueConsumer: BufferQueueConsumer mLowLatencys=0
02-03 13:25:05.793   715  2484 V LocSvc_HIDL_IzatProvider: [onLocationChanged][72] [HS] =>>>> [HC]
02-03 13:25:05.796  1911  1941 I chatty  : uid=1000(system) android.bg expire 10 lines
02-03 13:25:05.938   743   743 E BufferQueueConsumer: BufferQueueConsumer mLowLatencys=0
02-03 13:25:06.105   743   743 E BufferQueueConsumer: BufferQueueConsumer mLowLatencys=0
02-03 13:25:06.271   743   743 E BufferQueueConsumer: BufferQueueConsumer mLowLatencys=0
02-03 13:25:06.436   743   743 E BufferQueueConsumer: BufferQueueConsumer mLowLatencys=0
02-03 13:25:06.603   743   743 E BufferQueueConsumer: BufferQueueConsumer mLowLatencys=0
02-03 13:25:06.749  1911  1943 V WindowOrientationListener: [SensorN] Result: currentRotation=0, proposedRotation=-1, oldProposedRotation=-1, predictedRotation=-1, timeDeltaMS=66.77047, isAccelerating=false, isFlat=true, isSwinging=false, isOverhead=false, isTouched=false, timeUntilSettledMS=0.0, timeUntilAccelerationDelayExpiredMS=0.0, timeUntilFlatDelayExpiredMS=500.0, timeUntilSwingDelayExpiredMS=0.0, timeUntilTouchDelayExpiredMS=0.0
02-03 13:25:07.103   743   743 E BufferQueueConsumer: BufferQueueConsumer mLowLatencys=0
02-03 13:25:07.269   743   743 E BufferQueueConsumer: BufferQueueConsumer mLowLatencys=0
02-03 13:25:07.418  1074  1391 W Netd    : No subsystem found in netlink event
02-03 13:25:07.419  1911  2031 E NetdConnector: RCV <- {614 Address updated 2407:4d00:9c00:9158:2707:bacc:75c6:f3e0/64 wlan0 0 0}
02-03 13:25:07.419  1911  2031 E NetdConnector: RCV <- {614 Address updated 2407:4d00:9c00:9158:30d1:e396:5072:e0ad/64 wlan0 1 0}
02-03 13:25:07.420  1911  2031 E NetdConnector: RCV <- {615 DnsInfo servers wlan0 86400 2407:4d00:9c00:9158:38ad:2bff:fe39:f0f4,2001:4546:1::1,2001:4546:2::1}
02-03 13:25:07.444   743   743 E BufferQueueConsumer: BufferQueueConsumer mLowLatencys=0
02-03 13:25:08.111   743   743 E BufferQueueConsumer: BufferQueueConsumer mLowLatencys=0
02-03 13:25:08.277   743   743 E BufferQueueConsumer: BufferQueueConsumer mLowLatencys=0
02-03 13:25:09.110   743   743 E BufferQueueConsumer: BufferQueueConsumer mLowLatencys=0
02-03 13:25:09.276   743   743 E BufferQueueConsumer: BufferQueueConsumer mLowLatencys=0
02-03 13:25:09.456   743   743 E BufferQueueConsumer: BufferQueueConsumer mLowLatencys=0
02-03 13:25:09.789   743   743 E BufferQueueConsumer: BufferQueueConsumer mLowLatencys=0
02-03 13:25:10.122   743   743 E BufferQueueConsumer: BufferQueueConsumer mLowLatencys=0
02-03 13:25:10.391  1074  1391 W Netd    : No subsystem found in netlink event
02-03 13:25:10.391  1911  2031 E NetdConnector: RCV <- {614 Address updated 2407:4d00:9c00:9158:2707:bacc:75c6:f3e0/64 wlan0 0 0}
02-03 13:25:10.392  1911  2031 E NetdConnector: RCV <- {614 Address updated 2407:4d00:9c00:9158:30d1:e396:5072:e0ad/64 wlan0 1 0}
02-03 13:25:10.392  1911  2031 E NetdConnector: RCV <- {615 DnsInfo servers wlan0 86400 2407:4d00:9c00:9158:38ad:2bff:fe39:f0f4,2001:4546:1::1,2001:4546:2::1}
02-03 13:25:10.454   743   743 E BufferQueueConsumer: BufferQueueConsumer mLowLatencys=0
02-03 13:25:10.763   743   743 E BufferQueueConsumer: BufferQueueConsumer mLowLatencys=0
02-03 13:25:10.786  2134  2134 D NavigationBarView: [setRotateButtonVisibility] visible: false displayId: 0
02-03 13:25:10.786  2134  2134 D AsusRotationSuggestionController: [setVisibility] show: false
02-03 13:25:10.790  2134  2134 D NavigationBarView: [updateNavButtonIcons] Home: vis= true alpha: 1.0, Back: vis= true alpha: 1.0, Recent: vis= true alpha: 1.0
02-03 13:25:10.805   743   983 W SurfaceFlinger: Attempting to destroy on removed layer: 6035bab com.android.systemui.statusbar.phone.GestureRotationWindow#0
02-03 13:25:11.065   743   743 E BufferQueueConsumer: BufferQueueConsumer mLowLatencys=0
02-03 13:25:11.398   743   743 E BufferQueueConsumer: BufferQueueConsumer mLowLatencys=0
02-03 13:25:11.752  1911  1943 V WindowOrientationListener: [SensorN] Result: currentRotation=0, proposedRotation=-1, oldProposedRotation=-1, predictedRotation=-1, timeDeltaMS=66.80495, isAccelerating=false, isFlat=true, isSwinging=false, isOverhead=false, isTouched=false, timeUntilSettledMS=0.0, timeUntilAccelerationDelayExpiredMS=0.0, timeUntilFlatDelayExpiredMS=500.0, timeUntilSwingDelayExpiredMS=0.0, timeUntilTouchDelayExpiredMS=0.0
02-03 13:25:12.063   743   743 E BufferQueueConsumer: BufferQueueConsumer mLowLatencys=0
02-03 13:25:12.396   743   743 E BufferQueueConsumer: BufferQueueConsumer mLowLatencys=0
02-03 13:25:12.729   743   743 E BufferQueueConsumer: BufferQueueConsumer mLowLatencys=0
02-03 13:25:13.062   743   743 E BufferQueueConsumer: BufferQueueConsumer mLowLatencys=0
02-03 13:25:13.361  1074  1391 W Netd    : No subsystem found in netlink event
02-03 13:25:13.362  1911  2031 E NetdConnector: RCV <- {614 Address updated 2407:4d00:9c00:9158:2707:bacc:75c6:f3e0/64 wlan0 0 0}
02-03 13:25:13.363  1911  2031 E NetdConnector: RCV <- {614 Address updated 2407:4d00:9c00:9158:30d1:e396:5072:e0ad/64 wlan0 1 0}
02-03 13:25:13.363  1911  2031 E NetdConnector: RCV <- {615 DnsInfo servers wlan0 86400 2407:4d00:9c00:9158:38ad:2bff:fe39:f0f4,2001:4546:1::1,2001:4546:2::1}
02-03 13:25:13.395   743   743 E BufferQueueConsumer: BufferQueueConsumer mLowLatencys=0
02-03 13:25:14.061   743   743 E BufferQueueConsumer: BufferQueueConsumer mLowLatencys=0
02-03 13:25:14.395   743   743 E BufferQueueConsumer: BufferQueueConsumer mLowLatencys=0
02-03 13:25:15.060   743   743 E BufferQueueConsumer: BufferQueueConsumer mLowLatencys=0
02-03 13:25:15.151   705 10305 I chatty  : uid=1000(system) HwBinder:705_1 expire 11 lines
02-03 13:25:15.284 31756 11200 I NearbyMediums: No BLE Fast/GATT advertisements found in the latest cycle.
02-03 13:25:15.284 31756 11200 I NearbyMediums: Current Tracked Scanning Clients are : {NearbyConnections.EnvironmentMonitor, NearbySharing}
02-03 13:25:15.392   743   743 E BufferQueueConsumer: BufferQueueConsumer mLowLatencys=0
02-03 13:25:15.725   743   743 E BufferQueueConsumer: BufferQueueConsumer mLowLatencys=0
02-03 13:25:16.059   743   743 E BufferQueueConsumer: BufferQueueConsumer mLowLatencys=0
02-03 13:25:16.329  1074  1391 W Netd    : No subsystem found in netlink event
02-03 13:25:16.330  1911  2031 E NetdConnector: RCV <- {614 Address updated 2407:4d00:9c00:9158:2707:bacc:75c6:f3e0/64 wlan0 0 0}
02-03 13:25:16.331  1911  2031 E NetdConnector: RCV <- {614 Address updated 2407:4d00:9c00:9158:30d1:e396:5072:e0ad/64 wlan0 1 0}
02-03 13:25:16.331  1911  2031 E NetdConnector: RCV <- {615 DnsInfo servers wlan0 86400 2407:4d00:9c00:9158:38ad:2bff:fe39:f0f4,2001:4546:1::1,2001:4546:2::1}
02-03 13:25:16.391   743   743 E BufferQueueConsumer: BufferQueueConsumer mLowLatencys=0
02-03 13:25:16.849  1911  1943 V WindowOrientationListener: [SensorN] Result: currentRotation=0, proposedRotation=-1, oldProposedRotation=-1, predictedRotation=-1, timeDeltaMS=66.852394, isAccelerating=false, isFlat=true, isSwinging=false, isOverhead=false, isTouched=false, timeUntilSettledMS=0.0, timeUntilAccelerationDelayExpiredMS=0.0, timeUntilFlatDelayExpiredMS=500.0, timeUntilSwingDelayExpiredMS=0.0, timeUntilTouchDelayExpiredMS=0.0
02-03 13:25:17.057   743   743 E BufferQueueConsumer: BufferQueueConsumer mLowLatencys=0
02-03 13:25:17.390   743   743 E BufferQueueConsumer: BufferQueueConsumer mLowLatencys=0
02-03 13:25:17.723   743   743 I chatty  : uid=1000(system) /system/bin/surfaceflinger identical 13 lines
02-03 13:25:18.055   743   743 E BufferQueueConsumer: BufferQueueConsumer mLowLatencys=0
02-03 13:25:18.388   743   743 E BufferQueueConsumer: BufferQueueConsumer mLowLatencys=0
02-03 13:25:18.557  1911  2043 I chatty  : uid=1000(system) WifiStateMachin expire 28 lines
02-03 13:25:18.721   743   743 E BufferQueueConsumer: BufferQueueConsumer mLowLatencys=0
02-03 13:25:19.054   743   743 E BufferQueueConsumer: BufferQueueConsumer mLowLatencys=0
02-03 13:25:19.387   743   743 E BufferQueueConsumer: BufferQueueConsumer mLowLatencys=0
02-03 13:25:19.403  1911  2031 E NetdConnector: RCV <- {614 Address updated 2407:4d00:9c00:9158:2707:bacc:75c6:f3e0/64 wlan0 0 0}
02-03 13:25:19.404  1074  1391 W Netd    : No subsystem found in netlink event
02-03 13:25:19.404  1911  2031 E NetdConnector: RCV <- {614 Address updated 2407:4d00:9c00:9158:30d1:e396:5072:e0ad/64 wlan0 1 0}
02-03 13:25:19.405  1911  2031 E NetdConnector: RCV <- {615 DnsInfo servers wlan0 86400 2407:4d00:9c00:9158:38ad:2bff:fe39:f0f4,2001:4546:1::1,2001:4546:2::1}
02-03 13:25:19.720   743   743 E BufferQueueConsumer: BufferQueueConsumer mLowLatencys=0
02-03 13:25:20.053   743   743 E BufferQueueConsumer: BufferQueueConsumer mLowLatencys=0
02-03 13:25:20.385   743   743 E BufferQueueConsumer: BufferQueueConsumer mLowLatencys=0
02-03 13:25:21.052   743   743 E BufferQueueConsumer: BufferQueueConsumer mLowLatencys=0
02-03 13:25:21.384   743   743 E BufferQueueConsumer: BufferQueueConsumer mLowLatencys=0
02-03 13:25:21.717   743   743 E BufferQueueConsumer: BufferQueueConsumer mLowLatencys=0
02-03 13:25:21.848  1911  1943 V WindowOrientationListener: [SensorN] Result: currentRotation=0, proposedRotation=-1, oldProposedRotation=-1, predictedRotation=-1, timeDeltaMS=66.826454, isAccelerating=false, isFlat=true, isSwinging=false, isOverhead=false, isTouched=false, timeUntilSettledMS=0.0, timeUntilAccelerationDelayExpiredMS=0.0, timeUntilFlatDelayExpiredMS=500.0, timeUntilSwingDelayExpiredMS=0.0, timeUntilTouchDelayExpiredMS=0.0
02-03 13:25:22.050   743   743 E BufferQueueConsumer: BufferQueueConsumer mLowLatencys=0
02-03 13:25:22.368  1074  1391 W Netd    : No subsystem found in netlink event
02-03 13:25:22.370  1911  2031 E NetdConnector: RCV <- {614 Address updated 2407:4d00:9c00:9158:2707:bacc:75c6:f3e0/64 wlan0 0 0}
02-03 13:25:22.371  1911  2031 E NetdConnector: RCV <- {614 Address updated 2407:4d00:9c00:9158:30d1:e396:5072:e0ad/64 wlan0 1 0}
02-03 13:25:22.371  1911  2031 E NetdConnector: RCV <- {615 DnsInfo servers wlan0 86400 2407:4d00:9c00:9158:38ad:2bff:fe39:f0f4,2001:4546:1::1,2001:4546:2::1}
02-03 13:25:22.384   743   743 E BufferQueueConsumer: BufferQueueConsumer mLowLatencys=0
02-03 13:25:23.049   743   743 E BufferQueueConsumer: BufferQueueConsumer mLowLatencys=0
02-03 13:25:23.382   743   743 E BufferQueueConsumer: BufferQueueConsumer mLowLatencys=0
02-03 13:25:24.048   743   743 E BufferQueueConsumer: BufferQueueConsumer mLowLatencys=0
02-03 13:25:24.380   743   743 E BufferQueueConsumer: BufferQueueConsumer mLowLatencys=0
02-03 13:25:24.713   743   743 E BufferQueueConsumer: BufferQueueConsumer mLowLatencys=0
02-03 13:25:25.046   743   743 E BufferQueueConsumer: BufferQueueConsumer mLowLatencys=0
02-03 13:25:25.289 31756 11200 I NearbyMediums: No BLE Fast/GATT advertisements found in the latest cycle.
02-03 13:25:25.289 31756 11200 I NearbyMediums: Current Tracked Scanning Clients are : {NearbyConnections.EnvironmentMonitor, NearbySharing}
02-03 13:25:25.343  1074  1391 W Netd    : No subsystem found in netlink event
02-03 13:25:25.344  1911  2031 E NetdConnector: RCV <- {614 Address updated 2407:4d00:9c00:9158:2707:bacc:75c6:f3e0/64 wlan0 0 0}
02-03 13:25:25.345  1911  2031 E NetdConnector: RCV <- {614 Address updated 2407:4d00:9c00:9158:30d1:e396:5072:e0ad/64 wlan0 1 0}
02-03 13:25:25.345  1911  2031 E NetdConnector: RCV <- {615 DnsInfo servers wlan0 86400 2407:4d00:9c00:9158:38ad:2bff:fe39:f0f4,2001:4546:1::1,2001:4546:2::1}
02-03 13:25:25.379   743   743 E BufferQueueConsumer: BufferQueueConsumer mLowLatencys=0
02-03 13:25:25.441  1074  1391 W Netd    : No subsystem found in netlink event
02-03 13:25:25.441  1911  2031 E NetdConnector: RCV <- {614 Address updated 2407:4d00:9c00:9158:2707:bacc:75c6:f3e0/64 wlan0 0 0}
02-03 13:25:25.442  1911  2031 E NetdConnector: RCV <- {614 Address updated 2407:4d00:9c00:9158:30d1:e396:5072:e0ad/64 wlan0 1 0}
02-03 13:25:25.443  1911  2031 E NetdConnector: RCV <- {615 DnsInfo servers wlan0 86400 2407:4d00:9c00:9158:38ad:2bff:fe39:f0f4,2001:4546:1::1,2001:4546:2::1}
02-03 13:25:25.723   743   743 E BufferQueueConsumer: BufferQueueConsumer mLowLatencys=0
02-03 13:25:26.056   743   743 E BufferQueueConsumer: BufferQueueConsumer mLowLatencys=0
02-03 13:25:26.248   705 10305 I chatty  : uid=1000(system) HwBinder:705_1 expire 11 lines
02-03 13:25:26.388   743   743 E BufferQueueConsumer: BufferQueueConsumer mLowLatencys=0
02-03 13:25:26.851  1911  1943 V WindowOrientationListener: [SensorN] Result: currentRotation=0, proposedRotation=-1, oldProposedRotation=-1, predictedRotation=-1, timeDeltaMS=66.79984, isAccelerating=false, isFlat=true, isSwinging=false, isOverhead=false, isTouched=false, timeUntilSettledMS=0.0, timeUntilAccelerationDelayExpiredMS=0.0, timeUntilFlatDelayExpiredMS=500.0, timeUntilSwingDelayExpiredMS=0.0, timeUntilTouchDelayExpiredMS=0.0
02-03 13:25:27.055   743   743 E BufferQueueConsumer: BufferQueueConsumer mLowLatencys=0
02-03 13:25:27.388   743   743 E BufferQueueConsumer: BufferQueueConsumer mLowLatencys=0
02-03 13:25:27.721   743   743 E BufferQueueConsumer: BufferQueueConsumer mLowLatencys=0
02-03 13:25:28.053   743   743 E BufferQueueConsumer: BufferQueueConsumer mLowLatencys=0
02-03 13:25:28.386   743   743 E BufferQueueConsumer: BufferQueueConsumer mLowLatencys=0
02-03 13:25:28.412  1074  1391 W Netd    : No subsystem found in netlink event
02-03 13:25:28.412  1911  2031 E NetdConnector: RCV <- {614 Address updated 2407:4d00:9c00:9158:2707:bacc:75c6:f3e0/64 wlan0 0 0}
02-03 13:25:28.413  1911  2031 E NetdConnector: RCV <- {614 Address updated 2407:4d00:9c00:9158:30d1:e396:5072:e0ad/64 wlan0 1 0}
02-03 13:25:28.415  1911  2031 E NetdConnector: RCV <- {615 DnsInfo servers wlan0 86400 2407:4d00:9c00:9158:38ad:2bff:fe39:f0f4,2001:4546:1::1,2001:4546:2::1}
02-03 13:25:28.719   743   743 E BufferQueueConsumer: BufferQueueConsumer mLowLatencys=0
02-03 13:25:29.052   743   743 E BufferQueueConsumer: BufferQueueConsumer mLowLatencys=0
02-03 13:25:29.396   743   743 E BufferQueueConsumer: BufferQueueConsumer mLowLatencys=0
02-03 13:25:30.062   743   743 E BufferQueueConsumer: BufferQueueConsumer mLowLatencys=0
02-03 13:25:30.395   743   743 E BufferQueueConsumer: BufferQueueConsumer mLowLatencys=0
02-03 13:25:30.667  1911  2043 I chatty  : uid=1000(system) WifiStateMachin expire 28 lines
02-03 13:25:30.727   743   743 E BufferQueueConsumer: BufferQueueConsumer mLowLatencys=0
02-03 13:25:31.060   743   743 E BufferQueueConsumer: BufferQueueConsumer mLowLatencys=0
02-03 13:25:31.202 10232 10232 W wk:do_write_ev: type=1400 audit(0.0:11277): avc: denied { chown } for capability=0 scontext=u:r:kernel:s0 tcontext=u:r:kernel:s0 tclass=capability permissive=0
02-03 13:25:31.384  1074  1391 W Netd    : No subsystem found in netlink event
02-03 13:25:31.384  1911  2031 E NetdConnector: RCV <- {614 Address updated 2407:4d00:9c00:9158:2707:bacc:75c6:f3e0/64 wlan0 0 0}
02-03 13:25:31.385  1911  2031 E NetdConnector: RCV <- {614 Address updated 2407:4d00:9c00:9158:30d1:e396:5072:e0ad/64 wlan0 1 0}
02-03 13:25:31.385  1911  2031 E NetdConnector: RCV <- {615 DnsInfo servers wlan0 86400 2407:4d00:9c00:9158:38ad:2bff:fe39:f0f4,2001:4546:1::1,2001:4546:2::1}
02-03 13:25:31.394   743   743 E BufferQueueConsumer: BufferQueueConsumer mLowLatencys=0
02-03 13:25:31.854  1911  1943 V WindowOrientationListener: [SensorN] Result: currentRotation=0, proposedRotation=-1, oldProposedRotation=-1, predictedRotation=-1, timeDeltaMS=66.80541, isAccelerating=false, isFlat=true, isSwinging=false, isOverhead=false, isTouched=false, timeUntilSettledMS=0.0, timeUntilAccelerationDelayExpiredMS=0.0, timeUntilFlatDelayExpiredMS=500.0, timeUntilSwingDelayExpiredMS=0.0, timeUntilTouchDelayExpiredMS=0.0
02-03 13:25:32.058   743   743 E BufferQueueConsumer: BufferQueueConsumer mLowLatencys=0
02-03 13:25:32.391   743   743 E BufferQueueConsumer: BufferQueueConsumer mLowLatencys=0
02-03 13:25:33.057   743   743 E BufferQueueConsumer: BufferQueueConsumer mLowLatencys=0
02-03 13:25:33.390   743   743 E BufferQueueConsumer: BufferQueueConsumer mLowLatencys=0
02-03 13:25:33.723   743   743 E BufferQueueConsumer: BufferQueueConsumer mLowLatencys=0
02-03 13:25:34.056   743   743 E BufferQueueConsumer: BufferQueueConsumer mLowLatencys=0
02-03 13:25:34.352  1074  1391 W Netd    : No subsystem found in netlink event
02-03 13:25:34.352  1911  2031 E NetdConnector: RCV <- {614 Address updated 2407:4d00:9c00:9158:2707:bacc:75c6:f3e0/64 wlan0 0 0}
02-03 13:25:34.353  1911  2031 E NetdConnector: RCV <- {614 Address updated 2407:4d00:9c00:9158:30d1:e396:5072:e0ad/64 wlan0 1 0}
02-03 13:25:34.353  1911  2031 E NetdConnector: RCV <- {615 DnsInfo servers wlan0 86400 2407:4d00:9c00:9158:38ad:2bff:fe39:f0f4,2001:4546:1::1,2001:4546:2::1}
02-03 13:25:34.387   743   743 E BufferQueueConsumer: BufferQueueConsumer mLowLatencys=0
02-03 13:25:35.054   743   743 E BufferQueueConsumer: BufferQueueConsumer mLowLatencys=0
02-03 13:25:35.293 31756 11200 I NearbyMediums: No BLE Fast/GATT advertisements found in the latest cycle.
02-03 13:25:35.293 31756 11200 I NearbyMediums: Current Tracked Scanning Clients are : {NearbyConnections.EnvironmentMonitor, NearbySharing}
02-03 13:25:35.386   743   743 E BufferQueueConsumer: BufferQueueConsumer mLowLatencys=0
02-03 13:25:36.052   743   743 E BufferQueueConsumer: BufferQueueConsumer mLowLatencys=0
02-03 13:25:36.385   743   743 E BufferQueueConsumer: BufferQueueConsumer mLowLatencys=0
02-03 13:25:36.718   743   743 E BufferQueueConsumer: BufferQueueConsumer mLowLatencys=0
02-03 13:25:36.849  1911  1943 V WindowOrientationListener: [SensorN] Result: currentRotation=0, proposedRotation=-1, oldProposedRotation=-1, predictedRotation=-1, timeDeltaMS=66.7837, isAccelerating=false, isFlat=true, isSwinging=false, isOverhead=false, isTouched=false, timeUntilSettledMS=0.0, timeUntilAccelerationDelayExpiredMS=0.0, timeUntilFlatDelayExpiredMS=500.0, timeUntilSwingDelayExpiredMS=0.0, timeUntilTouchDelayExpiredMS=0.0
02-03 13:25:37.051   743   743 E BufferQueueConsumer: BufferQueueConsumer mLowLatencys=0
02-03 13:25:37.248   705 10305 I chatty  : uid=1000(system) HwBinder:705_1 expire 13 lines
02-03 13:25:37.384   743   743 E BufferQueueConsumer: BufferQueueConsumer mLowLatencys=0
02-03 13:25:37.421  1074  1391 W Netd    : No subsystem found in netlink event
02-03 13:25:37.421  1911  2031 E NetdConnector: RCV <- {614 Address updated 2407:4d00:9c00:9158:2707:bacc:75c6:f3e0/64 wlan0 0 0}
02-03 13:25:37.422  1911  2031 E NetdConnector: RCV <- {614 Address updated 2407:4d00:9c00:9158:30d1:e396:5072:e0ad/64 wlan0 1 0}
02-03 13:25:37.422  1911  2031 E NetdConnector: RCV <- {615 DnsInfo servers wlan0 86400 2407:4d00:9c00:9158:38ad:2bff:fe39:f0f4,2001:4546:1::1,2001:4546:2::1}
02-03 13:25:37.717   743   743 E BufferQueueConsumer: BufferQueueConsumer mLowLatencys=0
02-03 13:25:38.050   743   743 E BufferQueueConsumer: BufferQueueConsumer mLowLatencys=0
02-03 13:25:38.383   743   743 E BufferQueueConsumer: BufferQueueConsumer mLowLatencys=0
02-03 13:25:38.707  1077  1139 E storaged: getDiskStats failed with result NOT_SUPPORTED and size 0
02-03 13:25:39.060   743   743 E BufferQueueConsumer: BufferQueueConsumer mLowLatencys=0
02-03 13:25:39.405   743   743 E BufferQueueConsumer: BufferQueueConsumer mLowLatencys=0
02-03 13:25:39.737   743   743 E BufferQueueConsumer: BufferQueueConsumer mLowLatencys=0
02-03 13:25:40.069   743   743 E BufferQueueConsumer: BufferQueueConsumer mLowLatencys=0
02-03 13:25:40.390  1074  1391 W Netd    : No subsystem found in netlink event
02-03 13:25:40.391  1911  2031 E NetdConnector: RCV <- {614 Address updated 2407:4d00:9c00:9158:2707:bacc:75c6:f3e0/64 wlan0 0 0}
02-03 13:25:40.392  1911  2031 E NetdConnector: RCV <- {614 Address updated 2407:4d00:9c00:9158:30d1:e396:5072:e0ad/64 wlan0 1 0}
02-03 13:25:40.393  1911  2031 E NetdConnector: RCV <- {615 DnsInfo servers wlan0 86400 2407:4d00:9c00:9158:38ad:2bff:fe39:f0f4,2001:4546:1::1,2001:4546:2::1}
02-03 13:25:40.404   743   743 E BufferQueueConsumer: BufferQueueConsumer mLowLatencys=0
02-03 13:25:41.068   743   743 E BufferQueueConsumer: BufferQueueConsumer mLowLatencys=0
02-03 13:25:41.401   743   743 E BufferQueueConsumer: BufferQueueConsumer mLowLatencys=0
02-03 13:25:41.849  1911  1943 V WindowOrientationListener: [SensorN] Result: currentRotation=0, proposedRotation=-1, oldProposedRotation=-1, predictedRotation=-1, timeDeltaMS=66.81104, isAccelerating=false, isFlat=true, isSwinging=false, isOverhead=false, isTouched=false, timeUntilSettledMS=0.0, timeUntilAccelerationDelayExpiredMS=0.0, timeUntilFlatDelayExpiredMS=500.0, timeUntilSwingDelayExpiredMS=0.0, timeUntilTouchDelayExpiredMS=0.0
02-03 13:25:42.067   743   743 E BufferQueueConsumer: BufferQueueConsumer mLowLatencys=0
02-03 13:25:42.400   743   743 E BufferQueueConsumer: BufferQueueConsumer mLowLatencys=0
02-03 13:25:42.732   743   743 E BufferQueueConsumer: BufferQueueConsumer mLowLatencys=0
02-03 13:25:42.789  1911  2043 I chatty  : uid=1000(system) WifiStateMachin expire 60 lines
02-03 13:25:43.065   743   743 E BufferQueueConsumer: BufferQueueConsumer mLowLatencys=0
02-03 13:25:43.363  1074  1391 W Netd    : No subsystem found in netlink event
02-03 13:25:43.364  1911  2031 E NetdConnector: RCV <- {614 Address updated 2407:4d00:9c00:9158:2707:bacc:75c6:f3e0/64 wlan0 0 0}
02-03 13:25:43.365  1911  2031 E NetdConnector: RCV <- {614 Address updated 2407:4d00:9c00:9158:30d1:e396:5072:e0ad/64 wlan0 1 0}
02-03 13:25:43.365  1911  2031 E NetdConnector: RCV <- {615 DnsInfo servers wlan0 86400 2407:4d00:9c00:9158:38ad:2bff:fe39:f0f4,2001:4546:1::1,2001:4546:2::1}
02-03 13:25:43.397   743   743 E BufferQueueConsumer: BufferQueueConsumer mLowLatencys=0
02-03 13:25:43.731   743   743 I chatty  : uid=1000(system) /system/bin/surfaceflinger identical 72 lines
02-03 13:25:45.296 31756 11200 I NearbyMediums: No BLE Fast/GATT advertisements found in the latest cycle.
02-03 13:25:45.296 31756 11200 I NearbyMediums: Current Tracked Scanning Clients are : {NearbyConnections.EnvironmentMonitor, NearbySharing}
02-03 13:25:46.435  1074  1391 W Netd    : No subsystem found in netlink event
02-03 13:25:46.435  1911  2031 E NetdConnector: RCV <- {614 Address updated 2407:4d00:9c00:9158:2707:bacc:75c6:f3e0/64 wlan0 0 0}
02-03 13:25:46.436  1911  2031 E NetdConnector: RCV <- {614 Address updated 2407:4d00:9c00:9158:30d1:e396:5072:e0ad/64 wlan0 1 0}
02-03 13:25:46.436  1911  2031 E NetdConnector: RCV <- {615 DnsInfo servers wlan0 86400 2407:4d00:9c00:9158:38ad:2bff:fe39:f0f4,2001:4546:1::1,2001:4546:2::1}
02-03 13:25:46.849  1911  1943 V WindowOrientationListener: [SensorN] Result: currentRotation=0, proposedRotation=-1, oldProposedRotation=-1, predictedRotation=-1, timeDeltaMS=66.805725, isAccelerating=false, isFlat=true, isSwinging=false, isOverhead=false, isTouched=false, timeUntilSettledMS=0.0, timeUntilAccelerationDelayExpiredMS=0.0, timeUntilFlatDelayExpiredMS=500.0, timeUntilSwingDelayExpiredMS=0.0, timeUntilTouchDelayExpiredMS=0.0
02-03 13:25:49.404  1074  1391 W Netd    : No subsystem found in netlink event
02-03 13:25:49.405  1911  2031 E NetdConnector: RCV <- {614 Address updated 2407:4d00:9c00:9158:2707:bacc:75c6:f3e0/64 wlan0 0 0}
02-03 13:25:49.405  1911  2031 E NetdConnector: RCV <- {614 Address updated 2407:4d00:9c00:9158:30d1:e396:5072:e0ad/64 wlan0 1 0}
02-03 13:25:49.406  1911  2031 E NetdConnector: RCV <- {615 DnsInfo servers wlan0 86400 2407:4d00:9c00:9158:38ad:2bff:fe39:f0f4,2001:4546:1::1,2001:4546:2::1}
02-03 13:25:50.248   705 10305 I chatty  : uid=1000(system) HwBinder:705_1 expire 11 lines
02-03 13:25:51.849  1911  1943 V WindowOrientationListener: [SensorN] Result: currentRotation=0, proposedRotation=-1, oldProposedRotation=-1, predictedRotation=-1, timeDeltaMS=66.784164, isAccelerating=false, isFlat=true, isSwinging=false, isOverhead=false, isTouched=false, timeUntilSettledMS=0.0, timeUntilAccelerationDelayExpiredMS=0.0, timeUntilFlatDelayExpiredMS=500.0, timeUntilSwingDelayExpiredMS=0.0, timeUntilTouchDelayExpiredMS=0.0
02-03 13:25:52.371  1074  1391 W Netd    : No subsystem found in netlink event
02-03 13:25:52.372  1911  2031 E NetdConnector: RCV <- {614 Address updated 2407:4d00:9c00:9158:2707:bacc:75c6:f3e0/64 wlan0 0 0}
02-03 13:25:52.372  1911  2031 E NetdConnector: RCV <- {614 Address updated 2407:4d00:9c00:9158:30d1:e396:5072:e0ad/64 wlan0 1 0}
02-03 13:25:52.373  1911  2031 E NetdConnector: RCV <- {615 DnsInfo servers wlan0 86400 2407:4d00:9c00:9158:38ad:2bff:fe39:f0f4,2001:4546:1::1,2001:4546:2::1}
02-03 13:25:55.300 31756 11200 I NearbyMediums: No BLE Fast/GATT advertisements found in the latest cycle.
02-03 13:25:55.300 31756 11200 I NearbyMediums: Current Tracked Scanning Clients are : {NearbyConnections.EnvironmentMonitor, NearbySharing}
02-03 13:25:55.443  1074  1391 W Netd    : No subsystem found in netlink event
02-03 13:25:55.445  1911  2031 E NetdConnector: RCV <- {614 Address updated 2407:4d00:9c00:9158:2707:bacc:75c6:f3e0/64 wlan0 0 0}
02-03 13:25:55.446  1911  2031 E NetdConnector: RCV <- {614 Address updated 2407:4d00:9c00:9158:30d1:e396:5072:e0ad/64 wlan0 1 0}
02-03 13:25:55.446  1911  2031 E NetdConnector: RCV <- {615 DnsInfo servers wlan0 86400 2407:4d00:9c00:9158:38ad:2bff:fe39:f0f4,2001:4546:1::1,2001:4546:2::1}
02-03 13:25:56.848  1911  1943 V WindowOrientationListener: [SensorN] Result: currentRotation=0, proposedRotation=-1, oldProposedRotation=-1, predictedRotation=-1, timeDeltaMS=66.797966, isAccelerating=false, isFlat=true, isSwinging=false, isOverhead=false, isTouched=false, timeUntilSettledMS=0.0, timeUntilAccelerationDelayExpiredMS=0.0, timeUntilFlatDelayExpiredMS=500.0, timeUntilSwingDelayExpiredMS=0.0, timeUntilTouchDelayExpiredMS=0.0
02-03 13:25:57.389  1074  1391 W Netd    : No subsystem found in netlink event
02-03 13:25:57.390  1911  2031 E NetdConnector: RCV <- {614 Address updated 2407:4d00:9c00:9158:2707:bacc:75c6:f3e0/64 wlan0 0 0}
02-03 13:25:57.391  1911  2031 E NetdConnector: RCV <- {614 Address updated 2407:4d00:9c00:9158:30d1:e396:5072:e0ad/64 wlan0 1 0}
02-03 13:25:57.391  1911  2031 E NetdConnector: RCV <- {615 DnsInfo servers wlan0 86400 2407:4d00:9c00:9158:38ad:2bff:fe39:f0f4,2001:4546:1::1,2001:4546:2::1}
02-03 13:25:58.415  1074  1391 W Netd    : No subsystem found in netlink event
02-03 13:25:58.416  1911  2031 E NetdConnector: RCV <- {614 Address updated 2407:4d00:9c00:9158:2707:bacc:75c6:f3e0/64 wlan0 0 0}
02-03 13:25:58.418  1911  2031 E NetdConnector: RCV <- {614 Address updated 2407:4d00:9c00:9158:30d1:e396:5072:e0ad/64 wlan0 1 0}
