02-03 13:28:55.987  2100  2869 D Avrcp_ext: AudioManager Player: ID:55 -- type:android.media.SoundPool -- u/pid:10022/6289 -- state:idle -- attr:AudioAttributes: usage=USAGE_ASSISTANCE_SONIFICATION content=CONTENT_TYPE_SONIFICATION flags=0x0 tags= bundle=null
02-03 13:28:55.987  2100  2869 D Avrcp_ext: AudioManager Player: ID:695 -- type:android.media.MediaPlayer -- u/pid:10167/8953 -- state:idle -- attr:AudioAttributes: usage=USAGE_NOTIFICATION_RINGTONE content=CONTENT_TYPE_SONIFICATION flags=0x0 tags= bundle=null
02-03 13:28:55.987  2100  2869 D Avrcp_ext: AudioManager Player: ID:727 -- type:android.media.MediaPlayer -- u/pid:10167/8953 -- state:idle -- attr:AudioAttributes: usage=USAGE_NOTIFICATION_RINGTONE content=CONTENT_TYPE_SONIFICATION flags=0x0 tags= bundle=null
02-03 13:28:55.987  2100  2869 D Avrcp_ext: AudioManager Player: ID:31 -- type:android.media.SoundPool -- u/pid:1027/3139 -- state:idle -- attr:AudioAttributes: usage=USAGE_NOTIFICATION content=CONTENT_TYPE_SONIFICATION flags=0x0 tags= bundle=null
02-03 13:28:55.987  2100  2869 D Avrcp_ext: AudioManager Player: ID:703 -- type:android.media.MediaPlayer -- u/pid:10167/8953 -- state:idle -- attr:AudioAttributes: usage=USAGE_NOTIFICATION_RINGTONE content=CONTENT_TYPE_SONIFICATION flags=0x0 tags= bundle=null
02-03 13:28:55.987  2100  2869 D Avrcp_ext: AudioManager Player: ID:735 -- type:android.media.MediaPlayer -- u/pid:10167/8953 -- state:idle -- attr:AudioAttributes: usage=USAGE_NOTIFICATION_RINGTONE content=CONTENT_TYPE_SONIFICATION flags=0x0 tags= bundle=null
02-03 13:28:55.987  2100  2869 D Avrcp_ext: AudioManager isPlaying: false
02-03 13:28:55.989  1073  1335 D NuPlayerDriver: notifyListener_l(0xe7fe31e0), (8, 0, 0, -1), loop setting(0, 0)
02-03 13:28:55.990  1073 11390 W AMessage: failed to post message as target looper for handler 0 is gone.
02-03 13:28:55.991  1073 11390 D NuPlayerDriver: notifyResetComplete(0xe7fe31e0)
02-03 13:28:55.993   741  1033 V AudioFlinger: releasing 681 from 8953 for -1
02-03 13:28:55.993   741  1033 V AudioFlinger:  decremented refcount to 0
02-03 13:28:55.993   741  1033 V AudioFlinger: purging stale effects
02-03 13:28:55.994  8953  8961 V MediaPlayer: resetDrmState:  mDrmInfo=null mDrmProvisioningThread=null mPrepareDrmInProgress=false mActiveDrmScheme=false
02-03 13:28:55.994  8953  8961 V MediaPlayer: cleanDrmObj: mDrmObj=null mDrmSessionId=null
02-03 13:28:55.994  1073  1335 D NuPlayerDriver: reset(0xe7fe3500) at state 4
02-03 13:28:55.995  1073  1335 D NuPlayerDriver: notifyListener_l(0xe7fe3500), (8, 0, 0, -1), loop setting(0, 0)
02-03 13:28:55.995  1073 11394 W AMessage: failed to post message as target looper for handler 0 is gone.
02-03 13:28:55.995  2100  2869 D Avrcp_ext: AudioManager Player: ID:711 -- type:android.media.MediaPlayer -- u/pid:10167/8953 -- state:idle -- attr:AudioAttributes: usage=USAGE_NOTIFICATION_RINGTONE content=CONTENT_TYPE_SONIFICATION flags=0x0 tags= bundle=null
02-03 13:28:55.995  2100  2869 D Avrcp_ext: AudioManager Player: ID:743 -- type:android.media.MediaPlayer -- u/pid:10167/8953 -- state:idle -- attr:AudioAttributes: usage=USAGE_NOTIFICATION_RINGTONE content=CONTENT_TYPE_SONIFICATION flags=0x0 tags= bundle=null
02-03 13:28:55.995  2100  2869 D Avrcp_ext: AudioManager Player: ID:15 -- type:android.media.SoundPool -- u/pid:1000/1911 -- state:idle -- attr:AudioAttributes: usage=USAGE_ASSISTANCE_SONIFICATION content=CONTENT_TYPE_SONIFICATION flags=0x0 tags= bundle=null
02-03 13:28:55.996  2100  2869 D Avrcp_ext: AudioManager Player: ID:719 -- type:android.media.MediaPlayer -- u/pid:10167/8953 -- state:idle -- attr:AudioAttributes: usage=USAGE_NOTIFICATION_RINGTONE content=CONTENT_TYPE_SONIFICATION flags=0x0 tags= bundle=null
02-03 13:28:55.996  2100  2869 D Avrcp_ext: AudioManager Player: ID:751 -- type:android.media.MediaPlayer -- u/pid:10167/8953 -- state:idle -- attr:AudioAttributes: usage=USAGE_NOTIFICATION_RINGTONE content=CONTENT_TYPE_SONIFICATION flags=0x0 tags= bundle=null
02-03 13:28:55.996  2100  2869 D Avrcp_ext: AudioManager Player: ID:23 -- type:android.media.SoundPool -- u/pid:10072/2134 -- state:idle -- attr:AudioAttributes: usage=USAGE_ASSISTANCE_SONIFICATION content=CONTENT_TYPE_SONIFICATION flags=0x0 tags= bundle=null
02-03 13:28:55.996  2100  2869 D Avrcp_ext: AudioManager Player: ID:55 -- type:android.media.SoundPool -- u/pid:10022/6289 -- state:idle -- attr:AudioAttributes: usage=USAGE_ASSISTANCE_SONIFICATION content=CONTENT_TYPE_SONIFICATION flags=0x0 tags= bundle=null
02-03 13:28:55.996  2100  2869 D Avrcp_ext: AudioManager Player: ID:727 -- type:android.media.MediaPlayer -- u/pid:10167/8953 -- state:idle -- attr:AudioAttributes: usage=USAGE_NOTIFICATION_RINGTONE content=CONTENT_TYPE_SONIFICATION flags=0x0 tags= bundle=null
02-03 13:28:55.996  2100  2869 D Avrcp_ext: AudioManager Player: ID:31 -- type:android.media.SoundPool -- u/pid:1027/3139 -- state:idle -- attr:AudioAttributes: usage=USAGE_NOTIFICATION content=CONTENT_TYPE_SONIFICATION flags=0x0 tags= bundle=null
02-03 13:28:55.996  2100  2869 D Avrcp_ext: AudioManager Player: ID:703 -- type:android.media.MediaPlayer -- u/pid:10167/8953 -- state:idle -- attr:AudioAttributes: usage=USAGE_NOTIFICATION_RINGTONE content=CONTENT_TYPE_SONIFICATION flags=0x0 tags= bundle=null
02-03 13:28:55.996  2100  2869 D Avrcp_ext: AudioManager Player: ID:735 -- type:android.media.MediaPlayer -- u/pid:10167/8953 -- state:idle -- attr:AudioAttributes: usage=USAGE_NOTIFICATION_RINGTONE content=CONTENT_TYPE_SONIFICATION flags=0x0 tags= bundle=null
02-03 13:28:55.996  2100  2869 D Avrcp_ext: AudioManager isPlaying: false
02-03 13:28:55.996  1073 11394 D NuPlayerDriver: notifyResetComplete(0xe7fe3500)
02-03 13:28:55.998   741  1033 V AudioFlinger: releasing 689 from 8953 for -1
02-03 13:28:55.998   741  1033 V AudioFlinger:  decremented refcount to 0
02-03 13:28:55.998   741  1033 V AudioFlinger: purging stale effects
02-03 13:28:55.999  8953  8961 V MediaPlayer: resetDrmState:  mDrmInfo=null mDrmProvisioningThread=null mPrepareDrmInProgress=false mActiveDrmScheme=false
02-03 13:28:55.999  8953  8961 V MediaPlayer: cleanDrmObj: mDrmObj=null mDrmSessionId=null
02-03 13:28:55.999  1073  1335 D NuPlayerDriver: reset(0xe7fe36e0) at state 4
02-03 13:28:56.000  1073  1335 D NuPlayerDriver: notifyListener_l(0xe7fe36e0), (8, 0, 0, -1), loop setting(0, 0)
02-03 13:28:56.000  2100  2869 D Avrcp_ext: AudioManager Player: ID:711 -- type:android.media.MediaPlayer -- u/pid:10167/8953 -- state:idle -- attr:AudioAttributes: usage=USAGE_NOTIFICATION_RINGTONE content=CONTENT_TYPE_SONIFICATION flags=0x0 tags= bundle=null
02-03 13:28:56.000  2100  2869 D Avrcp_ext: AudioManager Player: ID:743 -- type:android.media.MediaPlayer -- u/pid:10167/8953 -- state:idle -- attr:AudioAttributes: usage=USAGE_NOTIFICATION_RINGTONE content=CONTENT_TYPE_SONIFICATION flags=0x0 tags= bundle=null
02-03 13:28:56.000  2100  2869 D Avrcp_ext: AudioManager Player: ID:15 -- type:android.media.SoundPool -- u/pid:1000/1911 -- state:idle -- attr:AudioAttributes: usage=USAGE_ASSISTANCE_SONIFICATION content=CONTENT_TYPE_SONIFICATION flags=0x0 tags= bundle=null
02-03 13:28:56.000  2100  2869 D Avrcp_ext: AudioManager Player: ID:719 -- type:android.media.MediaPlayer -- u/pid:10167/8953 -- state:idle -- attr:AudioAttributes: usage=USAGE_NOTIFICATION_RINGTONE content=CONTENT_TYPE_SONIFICATION flags=0x0 tags= bundle=null
02-03 13:28:56.000  2100  2869 D Avrcp_ext: AudioManager Player: ID:751 -- type:android.media.MediaPlayer -- u/pid:10167/8953 -- state:idle -- attr:AudioAttributes: usage=USAGE_NOTIFICATION_RINGTONE content=CONTENT_TYPE_SONIFICATION flags=0x0 tags= bundle=null
02-03 13:28:56.000  1073 11398 W AMessage: failed to post message as target looper for handler 0 is gone.
02-03 13:28:56.000  2100  2869 D Avrcp_ext: AudioManager Player: ID:23 -- type:android.media.SoundPool -- u/pid:10072/2134 -- state:idle -- attr:AudioAttributes: usage=USAGE_ASSISTANCE_SONIFICATION content=CONTENT_TYPE_SONIFICATION flags=0x0 tags= bundle=null
02-03 13:28:56.000  2100  2869 D Avrcp_ext: AudioManager Player: ID:55 -- type:android.media.SoundPool -- u/pid:10022/6289 -- state:idle -- attr:AudioAttributes: usage=USAGE_ASSISTANCE_SONIFICATION content=CONTENT_TYPE_SONIFICATION flags=0x0 tags= bundle=null
02-03 13:28:56.000  2100  2869 D Avrcp_ext: AudioManager Player: ID:727 -- type:android.media.MediaPlayer -- u/pid:10167/8953 -- state:idle -- attr:AudioAttributes: usage=USAGE_NOTIFICATION_RINGTONE content=CONTENT_TYPE_SONIFICATION flags=0x0 tags= bundle=null
02-03 13:28:56.000  2100  2869 D Avrcp_ext: AudioManager Player: ID:31 -- type:android.media.SoundPool -- u/pid:1027/3139 -- state:idle -- attr:AudioAttributes: usage=USAGE_NOTIFICATION content=CONTENT_TYPE_SONIFICATION flags=0x0 tags= bundle=null
02-03 13:28:56.000  2100  2869 D Avrcp_ext: AudioManager Player: ID:735 -- type:android.media.MediaPlayer -- u/pid:10167/8953 -- state:idle -- attr:AudioAttributes: usage=USAGE_NOTIFICATION_RINGTONE content=CONTENT_TYPE_SONIFICATION flags=0x0 tags= bundle=null
02-03 13:28:56.000  2100  2869 D Avrcp_ext: AudioManager isPlaying: false
02-03 13:28:56.001  1073 11398 D NuPlayerDriver: notifyResetComplete(0xe7fe36e0)
02-03 13:28:56.003   741  1033 V AudioFlinger: releasing 697 from 8953 for -1
02-03 13:28:56.003   741  1033 V AudioFlinger:  decremented refcount to 0
02-03 13:28:56.003   741  1033 V AudioFlinger: purging stale effects
02-03 13:28:56.003  8953  8961 V MediaPlayer: resetDrmState:  mDrmInfo=null mDrmProvisioningThread=null mPrepareDrmInProgress=false mActiveDrmScheme=false
02-03 13:28:56.003  8953  8961 V MediaPlayer: cleanDrmObj: mDrmObj=null mDrmSessionId=null
02-03 13:28:56.004  1073  1335 D NuPlayerDriver: reset(0xe7fe42c0) at state 4
02-03 13:28:56.004  2100  2869 D Avrcp_ext: AudioManager Player: ID:743 -- type:android.media.MediaPlayer -- u/pid:10167/8953 -- state:idle -- attr:AudioAttributes: usage=USAGE_NOTIFICATION_RINGTONE content=CONTENT_TYPE_SONIFICATION flags=0x0 tags= bundle=null
02-03 13:28:56.004  2100  2869 D Avrcp_ext: AudioManager Player: ID:15 -- type:android.media.SoundPool -- u/pid:1000/1911 -- state:idle -- attr:AudioAttributes: usage=USAGE_ASSISTANCE_SONIFICATION content=CONTENT_TYPE_SONIFICATION flags=0x0 tags= bundle=null
02-03 13:28:56.004  1073  1335 D NuPlayerDriver: notifyListener_l(0xe7fe42c0), (8, 0, 0, -1), loop setting(0, 0)
02-03 13:28:56.004  2100  2869 D Avrcp_ext: AudioManager Player: ID:719 -- type:android.media.MediaPlayer -- u/pid:10167/8953 -- state:idle -- attr:AudioAttributes: usage=USAGE_NOTIFICATION_RINGTONE content=CONTENT_TYPE_SONIFICATION flags=0x0 tags= bundle=null
02-03 13:28:56.004  2100  2869 D Avrcp_ext: AudioManager Player: ID:751 -- type:android.media.MediaPlayer -- u/pid:10167/8953 -- state:idle -- attr:AudioAttributes: usage=USAGE_NOTIFICATION_RINGTONE content=CONTENT_TYPE_SONIFICATION flags=0x0 tags= bundle=null
02-03 13:28:56.004  2100  2869 D Avrcp_ext: AudioManager Player: ID:23 -- type:android.media.SoundPool -- u/pid:10072/2134 -- state:idle -- attr:AudioAttributes: usage=USAGE_ASSISTANCE_SONIFICATION content=CONTENT_TYPE_SONIFICATION flags=0x0 tags= bundle=null
02-03 13:28:56.004  2100  2869 D Avrcp_ext: AudioManager Player: ID:55 -- type:android.media.SoundPool -- u/pid:10022/6289 -- state:idle -- attr:AudioAttributes: usage=USAGE_ASSISTANCE_SONIFICATION content=CONTENT_TYPE_SONIFICATION flags=0x0 tags= bundle=null
02-03 13:28:56.004  2100  2869 D Avrcp_ext: AudioManager Player: ID:727 -- type:android.media.MediaPlayer -- u/pid:10167/8953 -- state:idle -- attr:AudioAttributes: usage=USAGE_NOTIFICATION_RINGTONE content=CONTENT_TYPE_SONIFICATION flags=0x0 tags= bundle=null
02-03 13:28:56.004  2100  2869 D Avrcp_ext: AudioManager Player: ID:31 -- type:android.media.SoundPool -- u/pid:1027/3139 -- state:idle -- attr:AudioAttributes: usage=USAGE_NOTIFICATION content=CONTENT_TYPE_SONIFICATION flags=0x0 tags= bundle=null
02-03 13:28:56.004  2100  2869 D Avrcp_ext: AudioManager Player: ID:735 -- type:android.media.MediaPlayer -- u/pid:10167/8953 -- state:idle -- attr:AudioAttributes: usage=USAGE_NOTIFICATION_RINGTONE content=CONTENT_TYPE_SONIFICATION flags=0x0 tags= bundle=null
02-03 13:28:56.004  2100  2869 D Avrcp_ext: AudioManager isPlaying: false
02-03 13:28:56.004  1073 11402 W AMessage: failed to post message as target looper for handler 0 is gone.
02-03 13:28:56.005  1073 11402 D NuPlayerDriver: notifyResetComplete(0xe7fe42c0)
02-03 13:28:56.006   741  1033 V AudioFlinger: releasing 705 from 8953 for -1
02-03 13:28:56.006   741  1033 V AudioFlinger:  decremented refcount to 0
02-03 13:28:56.006   741  1033 V AudioFlinger: purging stale effects
02-03 13:28:56.007  8953  8961 V MediaPlayer: resetDrmState:  mDrmInfo=null mDrmProvisioningThread=null mPrepareDrmInProgress=false mActiveDrmScheme=false
02-03 13:28:56.007  8953  8961 V MediaPlayer: cleanDrmObj: mDrmObj=null mDrmSessionId=null
02-03 13:28:56.007  1073  1073 D NuPlayerDriver: reset(0xe7fe3820) at state 4
02-03 13:28:56.007  1073  1073 D NuPlayerDriver: notifyListener_l(0xe7fe3820), (8, 0, 0, -1), loop setting(0, 0)
02-03 13:28:56.008  1073 11406 W AMessage: failed to post message as target looper for handler 0 is gone.
02-03 13:28:56.008  2100  2869 D Avrcp_ext: AudioManager Player: ID:743 -- type:android.media.MediaPlayer -- u/pid:10167/8953 -- state:idle -- attr:AudioAttributes: usage=USAGE_NOTIFICATION_RINGTONE content=CONTENT_TYPE_SONIFICATION flags=0x0 tags= bundle=null
02-03 13:28:56.008  2100  2869 D Avrcp_ext: AudioManager Player: ID:15 -- type:android.media.SoundPool -- u/pid:1000/1911 -- state:idle -- attr:AudioAttributes: usage=USAGE_ASSISTANCE_SONIFICATION content=CONTENT_TYPE_SONIFICATION flags=0x0 tags= bundle=null
02-03 13:28:56.009  2100  2869 D Avrcp_ext: AudioManager Player: ID:751 -- type:android.media.MediaPlayer -- u/pid:10167/8953 -- state:idle -- attr:AudioAttributes: usage=USAGE_NOTIFICATION_RINGTONE content=CONTENT_TYPE_SONIFICATION flags=0x0 tags= bundle=null
02-03 13:28:56.009  2100  2869 D Avrcp_ext: AudioManager Player: ID:23 -- type:android.media.SoundPool -- u/pid:10072/2134 -- state:idle -- attr:AudioAttributes: usage=USAGE_ASSISTANCE_SONIFICATION content=CONTENT_TYPE_SONIFICATION flags=0x0 tags= bundle=null
02-03 13:28:56.009  2100  2869 D Avrcp_ext: AudioManager Player: ID:55 -- type:android.media.SoundPool -- u/pid:10022/6289 -- state:idle -- attr:AudioAttributes: usage=USAGE_ASSISTANCE_SONIFICATION content=CONTENT_TYPE_SONIFICATION flags=0x0 tags= bundle=null
02-03 13:28:56.009  2100  2869 D Avrcp_ext: AudioManager Player: ID:727 -- type:android.media.MediaPlayer -- u/pid:10167/8953 -- state:idle -- attr:AudioAttributes: usage=USAGE_NOTIFICATION_RINGTONE content=CONTENT_TYPE_SONIFICATION flags=0x0 tags= bundle=null
02-03 13:28:56.009  2100  2869 D Avrcp_ext: AudioManager Player: ID:31 -- type:android.media.SoundPool -- u/pid:1027/3139 -- state:idle -- attr:AudioAttributes: usage=USAGE_NOTIFICATION content=CONTENT_TYPE_SONIFICATION flags=0x0 tags= bundle=null
02-03 13:28:56.009  2100  2869 D Avrcp_ext: AudioManager Player: ID:735 -- type:android.media.MediaPlayer -- u/pid:10167/8953 -- state:idle -- attr:AudioAttributes: usage=USAGE_NOTIFICATION_RINGTONE content=CONTENT_TYPE_SONIFICATION flags=0x0 tags= bundle=null
02-03 13:28:56.009  2100  2869 D Avrcp_ext: AudioManager isPlaying: false
02-03 13:28:56.009  1073 11406 D NuPlayerDriver: notifyResetComplete(0xe7fe3820)
02-03 13:28:56.011   741  1033 V AudioFlinger: releasing 713 from 8953 for -1
02-03 13:28:56.011   741  1033 V AudioFlinger:  decremented refcount to 0
02-03 13:28:56.011   741  1033 V AudioFlinger: purging stale effects
02-03 13:28:56.012  8953  8961 V MediaPlayer: resetDrmState:  mDrmInfo=null mDrmProvisioningThread=null mPrepareDrmInProgress=false mActiveDrmScheme=false
02-03 13:28:56.012  8953  8961 V MediaPlayer: cleanDrmObj: mDrmObj=null mDrmSessionId=null
02-03 13:28:56.012  1073  1073 D NuPlayerDriver: reset(0xe6542fa0) at state 4
02-03 13:28:56.012  1073  1073 D NuPlayerDriver: notifyListener_l(0xe6542fa0), (8, 0, 0, -1), loop setting(0, 0)
02-03 13:28:56.012  1073 11410 W AMessage: failed to post message as target looper for handler 0 is gone.
02-03 13:28:56.013  2100  2869 D Avrcp_ext: AudioManager Player: ID:743 -- type:android.media.MediaPlayer -- u/pid:10167/8953 -- state:idle -- attr:AudioAttributes: usage=USAGE_NOTIFICATION_RINGTONE content=CONTENT_TYPE_SONIFICATION flags=0x0 tags= bundle=null
02-03 13:28:56.013  2100  2869 D Avrcp_ext: AudioManager Player: ID:15 -- type:android.media.SoundPool -- u/pid:1000/1911 -- state:idle -- attr:AudioAttributes: usage=USAGE_ASSISTANCE_SONIFICATION content=CONTENT_TYPE_SONIFICATION flags=0x0 tags= bundle=null
02-03 13:28:56.013  2100  2869 D Avrcp_ext: AudioManager Player: ID:751 -- type:android.media.MediaPlayer -- u/pid:10167/8953 -- state:idle -- attr:AudioAttributes: usage=USAGE_NOTIFICATION_RINGTONE content=CONTENT_TYPE_SONIFICATION flags=0x0 tags= bundle=null
02-03 13:28:56.013  2100  2869 D Avrcp_ext: AudioManager Player: ID:23 -- type:android.media.SoundPool -- u/pid:10072/2134 -- state:idle -- attr:AudioAttributes: usage=USAGE_ASSISTANCE_SONIFICATION content=CONTENT_TYPE_SONIFICATION flags=0x0 tags= bundle=null
02-03 13:28:56.013  2100  2869 D Avrcp_ext: AudioManager Player: ID:55 -- type:android.media.SoundPool -- u/pid:10022/6289 -- state:idle -- attr:AudioAttributes: usage=USAGE_ASSISTANCE_SONIFICATION content=CONTENT_TYPE_SONIFICATION flags=0x0 tags= bundle=null
02-03 13:28:56.013  2100  2869 D Avrcp_ext: AudioManager Player: ID:31 -- type:android.media.SoundPool -- u/pid:1027/3139 -- state:idle -- attr:AudioAttributes: usage=USAGE_NOTIFICATION content=CONTENT_TYPE_SONIFICATION flags=0x0 tags= bundle=null
02-03 13:28:56.013  2100  2869 D Avrcp_ext: AudioManager Player: ID:735 -- type:android.media.MediaPlayer -- u/pid:10167/8953 -- state:idle -- attr:AudioAttributes: usage=USAGE_NOTIFICATION_RINGTONE content=CONTENT_TYPE_SONIFICATION flags=0x0 tags= bundle=null
02-03 13:28:56.013  2100  2869 D Avrcp_ext: AudioManager isPlaying: false
02-03 13:28:56.014  1073 11410 D NuPlayerDriver: notifyResetComplete(0xe6542fa0)
02-03 13:28:56.016   741  1033 V AudioFlinger: releasing 721 from 8953 for -1
02-03 13:28:56.016   741  1033 V AudioFlinger:  decremented refcount to 0
02-03 13:28:56.016   741  1033 V AudioFlinger: purging stale effects
02-03 13:28:56.017  8953  8961 V MediaPlayer: resetDrmState:  mDrmInfo=null mDrmProvisioningThread=null mPrepareDrmInProgress=false mActiveDrmScheme=false
02-03 13:28:56.017  8953  8961 V MediaPlayer: cleanDrmObj: mDrmObj=null mDrmSessionId=null
02-03 13:28:56.017  1073  1073 D NuPlayerDriver: reset(0xe6543040) at state 4
02-03 13:28:56.017  2100  2869 D Avrcp_ext: AudioManager Player: ID:743 -- type:android.media.MediaPlayer -- u/pid:10167/8953 -- state:idle -- attr:AudioAttributes: usage=USAGE_NOTIFICATION_RINGTONE content=CONTENT_TYPE_SONIFICATION flags=0x0 tags= bundle=null
02-03 13:28:56.018  2100  2869 D Avrcp_ext: AudioManager Player: ID:15 -- type:android.media.SoundPool -- u/pid:1000/1911 -- state:idle -- attr:AudioAttributes: usage=USAGE_ASSISTANCE_SONIFICATION content=CONTENT_TYPE_SONIFICATION flags=0x0 tags= bundle=null
02-03 13:28:56.018  1073  1073 D NuPlayerDriver: notifyListener_l(0xe6543040), (8, 0, 0, -1), loop setting(0, 0)
02-03 13:28:56.018  2100  2869 D Avrcp_ext: AudioManager Player: ID:751 -- type:android.media.MediaPlayer -- u/pid:10167/8953 -- state:idle -- attr:AudioAttributes: usage=USAGE_NOTIFICATION_RINGTONE content=CONTENT_TYPE_SONIFICATION flags=0x0 tags= bundle=null
02-03 13:28:56.018  2100  2869 D Avrcp_ext: AudioManager Player: ID:23 -- type:android.media.SoundPool -- u/pid:10072/2134 -- state:idle -- attr:AudioAttributes: usage=USAGE_ASSISTANCE_SONIFICATION content=CONTENT_TYPE_SONIFICATION flags=0x0 tags= bundle=null
02-03 13:28:56.018  2100  2869 D Avrcp_ext: AudioManager Player: ID:55 -- type:android.media.SoundPool -- u/pid:10022/6289 -- state:idle -- attr:AudioAttributes: usage=USAGE_ASSISTANCE_SONIFICATION content=CONTENT_TYPE_SONIFICATION flags=0x0 tags= bundle=null
02-03 13:28:56.018  2100  2869 D Avrcp_ext: AudioManager Player: ID:31 -- type:android.media.SoundPool -- u/pid:1027/3139 -- state:idle -- attr:AudioAttributes: usage=USAGE_NOTIFICATION content=CONTENT_TYPE_SONIFICATION flags=0x0 tags= bundle=null
02-03 13:28:56.018  2100  2869 D Avrcp_ext: AudioManager isPlaying: false
02-03 13:28:56.018  1073 11415 W AMessage: failed to post message as target looper for handler 0 is gone.
02-03 13:28:56.019  1073 11415 D NuPlayerDriver: notifyResetComplete(0xe6543040)
02-03 13:28:56.020   741  1033 V AudioFlinger: releasing 729 from 8953 for -1
02-03 13:28:56.020   741  1033 V AudioFlinger:  decremented refcount to 0
02-03 13:28:56.020   741  1033 V AudioFlinger: purging stale effects
02-03 13:28:56.020  8953  8961 V MediaPlayer: resetDrmState:  mDrmInfo=null mDrmProvisioningThread=null mPrepareDrmInProgress=false mActiveDrmScheme=false
02-03 13:28:56.020  8953  8961 V MediaPlayer: cleanDrmObj: mDrmObj=null mDrmSessionId=null
02-03 13:28:56.020  1073  1073 D NuPlayerDriver: reset(0xe65430e0) at state 4
02-03 13:28:56.020  2100  2869 D Avrcp_ext: AudioManager Player: ID:15 -- type:android.media.SoundPool -- u/pid:1000/1911 -- state:idle -- attr:AudioAttributes: usage=USAGE_ASSISTANCE_SONIFICATION content=CONTENT_TYPE_SONIFICATION flags=0x0 tags= bundle=null
02-03 13:28:56.021  2100  2869 D Avrcp_ext: AudioManager Player: ID:751 -- type:android.media.MediaPlayer -- u/pid:10167/8953 -- state:idle -- attr:AudioAttributes: usage=USAGE_NOTIFICATION_RINGTONE content=CONTENT_TYPE_SONIFICATION flags=0x0 tags= bundle=null
02-03 13:28:56.021  2100  2869 D Avrcp_ext: AudioManager Player: ID:23 -- type:android.media.SoundPool -- u/pid:10072/2134 -- state:idle -- attr:AudioAttributes: usage=USAGE_ASSISTANCE_SONIFICATION content=CONTENT_TYPE_SONIFICATION flags=0x0 tags= bundle=null
02-03 13:28:56.021  2100  2869 D Avrcp_ext: AudioManager Player: ID:55 -- type:android.media.SoundPool -- u/pid:10022/6289 -- state:idle -- attr:AudioAttributes: usage=USAGE_ASSISTANCE_SONIFICATION content=CONTENT_TYPE_SONIFICATION flags=0x0 tags= bundle=null
02-03 13:28:56.021  2100  2869 D Avrcp_ext: AudioManager Player: ID:31 -- type:android.media.SoundPool -- u/pid:1027/3139 -- state:idle -- attr:AudioAttributes: usage=USAGE_NOTIFICATION content=CONTENT_TYPE_SONIFICATION flags=0x0 tags= bundle=null
02-03 13:28:56.021  2100  2869 D Avrcp_ext: AudioManager isPlaying: false
02-03 13:28:56.021  1073  1073 D NuPlayerDriver: notifyListener_l(0xe65430e0), (8, 0, 0, -1), loop setting(0, 0)
02-03 13:28:56.021  1073 11421 W AMessage: failed to post message as target looper for handler 0 is gone.
02-03 13:28:56.022  1073 11421 D NuPlayerDriver: notifyResetComplete(0xe65430e0)
02-03 13:28:56.023   741  1033 V AudioFlinger: releasing 737 from 8953 for -1
02-03 13:28:56.023   741  1033 V AudioFlinger:  decremented refcount to 0
02-03 13:28:56.023   741  1033 V AudioFlinger: purging stale effects
02-03 13:28:56.024  8953  8961 V MediaPlayer: resetDrmState:  mDrmInfo=null mDrmProvisioningThread=null mPrepareDrmInProgress=false mActiveDrmScheme=false
02-03 13:28:56.024  8953  8961 V MediaPlayer: cleanDrmObj: mDrmObj=null mDrmSessionId=null
02-03 13:28:56.024  1073  1073 D NuPlayerDriver: reset(0xe6543180) at state 4
02-03 13:28:56.024  2100  2869 D Avrcp_ext: AudioManager Player: ID:15 -- type:android.media.SoundPool -- u/pid:1000/1911 -- state:idle -- attr:AudioAttributes: usage=USAGE_ASSISTANCE_SONIFICATION content=CONTENT_TYPE_SONIFICATION flags=0x0 tags= bundle=null
02-03 13:28:56.024  1073  1073 D NuPlayerDriver: notifyListener_l(0xe6543180), (8, 0, 0, -1), loop setting(0, 0)
02-03 13:28:56.024  2100  2869 D Avrcp_ext: AudioManager Player: ID:23 -- type:android.media.SoundPool -- u/pid:10072/2134 -- state:idle -- attr:AudioAttributes: usage=USAGE_ASSISTANCE_SONIFICATION content=CONTENT_TYPE_SONIFICATION flags=0x0 tags= bundle=null
02-03 13:28:56.024  2100  2869 D Avrcp_ext: AudioManager Player: ID:55 -- type:android.media.SoundPool -- u/pid:10022/6289 -- state:idle -- attr:AudioAttributes: usage=USAGE_ASSISTANCE_SONIFICATION content=CONTENT_TYPE_SONIFICATION flags=0x0 tags= bundle=null
02-03 13:28:56.024  2100  2869 D Avrcp_ext: AudioManager Player: ID:31 -- type:android.media.SoundPool -- u/pid:1027/3139 -- state:idle -- attr:AudioAttributes: usage=USAGE_NOTIFICATION content=CONTENT_TYPE_SONIFICATION flags=0x0 tags= bundle=null
02-03 13:28:56.024  2100  2869 D Avrcp_ext: AudioManager isPlaying: false
02-03 13:28:56.024  1073 11425 W AMessage: failed to post message as target looper for handler 0 is gone.
02-03 13:28:56.025  1073 11425 D NuPlayerDriver: notifyResetComplete(0xe6543180)
02-03 13:28:56.026   741  1033 V AudioFlinger: releasing 745 from 8953 for -1
02-03 13:28:56.026   741  1033 V AudioFlinger:  decremented refcount to 0
02-03 13:28:56.026   741  1033 V AudioFlinger: purging stale effects
02-03 13:28:56.720   743   743 E BufferQueueConsumer: BufferQueueConsumer mLowLatencys=0
02-03 13:28:56.810   705 10305 I SSC_HAL : handle_sns_std_sensor_event:395, [SSC_HAL] ACCEL, X:-0.23 Y:8.08 Z:5.51
02-03 13:28:56.991   720   720 E         : perfHint : 1087, type 1, pl_time -1, android
02-03 13:28:57.028 20755 20755 W KeyboardDef: KeyboardDef.getKeyboardViewDef():739 KeyboardViewDef is not found: keyboardDef=ngj{processedConditions={layout_9key_split=false, language=zz, deprecate_long_press_space_for_ime_picker=false, keyboard_mode=normal, device=phone, expressions=normal, android_software_xr_api_spatial=false}, globalConditions={global_theme_key=theme,BORDERLESS,FLAVOR_DPI=XXHDPI,KEYBOARD_WIDTH_CATEGORY=NORMAL,KEY_BORDER_SHAPE=0,LIGHT_THEME=false,PHYSICAL_DIAGONAL=5.1161747,POPUP,SCREEN_SHORTEST_WIDTH=375,SCREEN_SHORTEST_WIDTH_NO_SCALE=375,XXHDPI,bottom4dp,builtin_google_blue_dark.binarypb,enable_popup_on_keypress=true,non_linear_scale, global_locale=zz, global_density_dpi=460, global_orientation=1}, className=.latin.keyboard.LatinSymbolsKeyboard, resourceIds=[#0x7f17091c], initialStates=0, keyboardViewDefs=[ngx{direction=LOCALE, id=#0x7f0b0225, isScalable=false, layoutId=#0x7f0e0500, type=HEADER, touchable=true, defaultShow=true}, ngx{direction=null, id=#0x7f0b0225, isScalable=true, layoutId=#0x7f0e04e6, type=BODY, touchable=true, defaultShow=true}], persistentStates=0, persistentStatesPrefKey=null, popupBubbleLayoutId=#0x7f0e05ee, recentKeyLayoutId=#0x7f0e0704, recentKeyPopupLayoutId=#0x7f0e05f4, recentKeyType=null, rememberRecentKey=NONE, sessionStates=0}, type=WIDGET, id=2131427877
02-03 13:28:57.028 20755 20755 W Keyboard: Keyboard.getKeyboardViewHelper():604 null helper is returned: keyboardDef=ngj{processedConditions={layout_9key_split=false, language=zz, deprecate_long_press_space_for_ime_picker=false, keyboard_mode=normal, device=phone, expressions=normal, android_software_xr_api_spatial=false}, globalConditions={global_theme_key=theme,BORDERLESS,FLAVOR_DPI=XXHDPI,KEYBOARD_WIDTH_CATEGORY=NORMAL,KEY_BORDER_SHAPE=0,LIGHT_THEME=false,PHYSICAL_DIAGONAL=5.1161747,POPUP,SCREEN_SHORTEST_WIDTH=375,SCREEN_SHORTEST_WIDTH_NO_SCALE=375,XXHDPI,bottom4dp,builtin_google_blue_dark.binarypb,enable_popup_on_keypress=true,non_linear_scale, global_locale=zz, global_density_dpi=460, global_orientation=1}, className=.latin.keyboard.LatinSymbolsKeyboard, resourceIds=[#0x7f17091c], initialStates=0, keyboardViewDefs=[ngx{direction=LOCALE, id=#0x7f0b0225, isScalable=false, layoutId=#0x7f0e0500, type=HEADER, touchable=true, defaultShow=true}, ngx{direction=null, id=#0x7f0b0225, isScalable=true, layoutId=#0x7f0e04e6, type=BODY, touchable=true, defaultShow=true}], persistentStates=0, persistentStatesPrefKey=null, popupBubbleLayoutId=#0x7f0e05ee, recentKeyLayoutId=#0x7f0e0704, recentKeyPopupLayoutId=#0x7f0e05f4, recentKeyType=null, rememberRecentKey=NONE, sessionStates=0}, type=WIDGET, helpersCreated={HEADER=msd@d2f9b0b, BODY=msd@4048de8}, context.getResources().getConfiguration(): {0 1.3 ?mcc?mnc [zz] ldltr sw375dp w375dp h727dp 460dpi nrml long hdr widecg port night finger -keyb/v/h -nav/h winConfig={ mBounds=Rect(0, 0 - 0, 0) mAppBounds=Rect(0, 0 - 1080, 2160) mWindowingMode=fullscreen mActivityType=undefined} s.9}
02-03 13:28:57.028 20755 20755 I MotionEventHandlerManager: MotionEventHandlerManager.newHandlerInstance():562 Created handler instance from HiltMotionEventHandlerFactory com.google.android.libraries.inputmethod.motioneventhandler.BasicMotionEventHandler
02-03 13:28:57.028 20755 20755 I MotionEventHandlerManager: MotionEventHandlerManager.newHandlerInstance():562 Created handler instance from HiltMotionEventHandlerFactory .motioneventhandler.BasicMotionEventHandler
02-03 13:28:57.028 20755 20755 I MotionEventHandlerManager: MotionEventHandlerManager.newHandlerInstance():562 Created handler instance from HiltMotionEventHandlerFactory .motioneventhandler.ScrubDeleteMotionEventHandler
02-03 13:28:57.028 20755 20755 I MotionEventHandlerManager: MotionEventHandlerManager.newHandlerInstance():562 Created handler instance from HiltMotionEventHandlerFactory .inlinesuggestion.InlineSuggestionScrubSpaceMotionEventHandler
02-03 13:28:57.028 20755 20755 I MotionEventHandlerManager: MotionEventHandlerManager.newHandlerInstance():562 Created handler instance from HiltMotionEventHandlerFactory .motioneventhandler.ScrubMoveMotionEventHandler
02-03 13:28:57.028 20755 20755 I BaseKeyboardSizeHelper: BaseKeyboardSizeHelper.calculateMaxKeyboardBodyHeight():73 leave 279 height for app when ime window height:2091, header height:127 and isFullscreenMode:false, so the max keyboard body height is:1685
02-03 13:28:57.036 20755 20755 I KeyboardModeUtils: KeyboardModeUtils.getKeyboardBottomOffset():435 inch: 0.000000 ydpi: 403.411011 adjustKeyboardBottomByDisplaySize: false currentDensityDpi: 460 defaultDensityDpi: 460 keyboardBottomToScreenPx: 0 keyboardBottomToNavBarPx: 0 navBarHeight: 0
02-03 13:28:57.036 20755 20755 I BaseKeyboardSizeHelper: BaseKeyboardSizeHelper.calculateMaxKeyboardBodyHeight():73 leave 279 height for app when ime window height:2091, header height:127 and isFullscreenMode:false, so the max keyboard body height is:1685
02-03 13:28:57.036 20755 20755 I BaseKeyboardSizeHelper: BaseKeyboardSizeHelper.calculateMaxKeyboardBodyHeight():73 leave 279 height for app when ime window height:2091, header height:127 and isFullscreenMode:false, so the max keyboard body height is:1685
02-03 13:28:57.036 20755 20755 W View    : requestLayout() improperly called by com.google.android.libraries.inputmethod.widgets.SoftKeyView{b32ddb2 VFE...C.. ......ID 6,0-127,127 #7f0b04ea app:id/key_pos_header_access_points_menu} during layout: running second layout pass
02-03 13:28:57.036 20755 20755 W View    : requestLayout() improperly called by com.google.android.libraries.inputmethod.widgets.CopyImageSourceView{80cca8e V.ED..... ......ID 6,0-1074,127 #7f0b01e2 app:id/0_resource_name_obfuscated} during layout: running second layout pass
02-03 13:28:57.036 20755 20755 W View    : requestLayout() improperly called by android.widget.LinearLayout{666d75 V.E...... ......ID 127,0-953,127 #7f0b0390 app:id/0_resource_name_obfuscated} during layout: running second layout pass
02-03 13:28:57.036 20755 20755 W View    : requestLayout() improperly called by com.google.android.libraries.inputmethod.widgets.SoftKeyView{20c3905 VFE...C.. ......ID 953,0-1074,127 #7f0b04f2 app:id/key_pos_header_power_key} during layout: running second layout pass
02-03 13:28:57.036 20755 20755 I KeyboardModeUtils: KeyboardModeUtils.getKeyboardBottomOffset():435 inch: 0.000000 ydpi: 403.411011 adjustKeyboardBottomByDisplaySize: false currentDensityDpi: 460 defaultDensityDpi: 460 keyboardBottomToScreenPx: 0 keyboardBottomToNavBarPx: 0 navBarHeight: 0
02-03 13:28:57.036 20755 20755 I BaseKeyboardSizeHelper: BaseKeyboardSizeHelper.calculateMaxKeyboardBodyHeight():73 leave 279 height for app when ime window height:2091, header height:127 and isFullscreenMode:false, so the max keyboard body height is:1685
02-03 13:28:57.036 20755 20755 I BaseKeyboardSizeHelper: BaseKeyboardSizeHelper.calculateMaxKeyboardBodyHeight():73 leave 279 height for app when ime window height:2091, header height:127 and isFullscreenMode:false, so the max keyboard body height is:1685
02-03 13:28:57.040 20755 20755 I GoogleInputMethodService: GoogleInputMethodService$1.onKeyboardViewShown():329 onKeyboardViewShown: keyboardType=symbol, keyboardViewType=HEADER keyboardView=com.google.android.libraries.inputmethod.widgets.SoftKeyboardView{fd9d76f V.E...... ........ 0,0-1080,127 #7f0b038e app:id/0_resource_name_obfuscated}
02-03 13:28:57.040 20755 20755 I BaseKeyboardSizeHelper: BaseKeyboardSizeHelper.calculateMaxKeyboardBodyHeight():73 leave 279 height for app when ime window height:2091, header height:127 and isFullscreenMode:false, so the max keyboard body height is:1685
02-03 13:28:57.040 20755 20755 I GoogleInputMethodService: GoogleInputMethodService$1.onKeyboardViewShown():329 onKeyboardViewShown: keyboardType=symbol, keyboardViewType=BODY keyboardView=com.google.android.libraries.inputmethod.widgets.SoftKeyboardView{8032c79 V.E...... ........ 0,0-1080,607}
02-03 13:28:57.040 20755 20755 I BaseKeyboardSizeHelper: BaseKeyboardSizeHelper.calculateMaxKeyboardBodyHeight():73 leave 279 height for app when ime window height:2091, header height:127 and isFullscreenMode:false, so the max keyboard body height is:1685
02-03 13:28:57.041 20755 20755 I NewLanguagePromptExtension: NewLanguagePromptExtension$1.onKeyboardViewShown():88 Not show new language banner: not prime keyboard, or the extension not activated.
02-03 13:28:57.045 20755 20755 I KeyboardModeUtils: KeyboardModeUtils.getKeyboardBottomOffset():435 inch: 0.000000 ydpi: 403.411011 adjustKeyboardBottomByDisplaySize: false currentDensityDpi: 460 defaultDensityDpi: 460 keyboardBottomToScreenPx: 0 keyboardBottomToNavBarPx: 0 navBarHeight: 0
02-03 13:28:57.046 20755 20755 I BaseKeyboardSizeHelper: BaseKeyboardSizeHelper.calculateMaxKeyboardBodyHeight():73 leave 279 height for app when ime window height:2091, header height:127 and isFullscreenMode:false, so the max keyboard body height is:1685
02-03 13:28:57.149  1911  1943 V WindowOrientationListener: [SensorN] Result: currentRotation=0, proposedRotation=0, oldProposedRotation=0, predictedRotation=0, timeDeltaMS=19.936195, isAccelerating=false, isFlat=false, isSwinging=false, isOverhead=false, isTouched=false, timeUntilSettledMS=0.0, timeUntilAccelerationDelayExpiredMS=0.0, timeUntilFlatDelayExpiredMS=0.0, timeUntilSwingDelayExpiredMS=0.0, timeUntilTouchDelayExpiredMS=425.04428
02-03 13:28:57.046 20755 20755 I BaseKeyboardSizeHelper: BaseKeyboardSizeHelper.calculateMaxKeyboardBodyHeight():73 leave 279 height for app when ime window height:2091, header height:127 and isFullscreenMode:false, so the max keyboard body height is:1685
02-03 13:28:57.192 20755 20770 I putmethod.lati: Background concurrent copying GC freed 39523(2MB) AllocSpace objects, 2(104KB) LOS objects, 49% free, 10MB/20MB, paused 246us total 119.394ms
02-03 13:28:57.827   705 10305 I SSC_HAL : handle_sns_std_sensor_event:395, [SSC_HAL] ACCEL, X:-0.30 Y:8.61 Z:5.27
02-03 13:28:58.542  1074  1391 W Netd    : No subsystem found in netlink event
02-03 13:28:58.543  1911  2031 E NetdConnector: RCV <- {614 Address updated 2407:4d00:9c00:9158:2707:bacc:75c6:f3e0/64 wlan0 0 0}
02-03 13:28:58.543  1911  2031 E NetdConnector: RCV <- {614 Address updated 2407:4d00:9c00:9158:30d1:e396:5072:e0ad/64 wlan0 1 0}
02-03 13:28:58.543  1911  2043 I chatty  : uid=1000(system) WifiStateMachin expire 7 lines
02-03 13:28:58.544  1911  2031 E NetdConnector: RCV <- {615 DnsInfo servers wlan0 86400 2407:4d00:9c00:9158:38ad:2bff:fe39:f0f4,2001:4546:1::1,2001:4546:2::1}
02-03 13:28:58.705  2134  2134 D NavigationGestureService: IsLegalTouchDown on display: 0
02-03 13:28:58.705  2134  2134 D NavigationGestureService: Gesture set function focused: Back(0) on Default display
02-03 13:28:58.707   743   743 E BufferQueueConsumer: BufferQueueConsumer mLowLatencys=0
02-03 13:28:58.730   720   720 E         : perfHint : 1087, type 1, pl_time -1, android
02-03 13:28:58.742  2134  2134 D NavigationGestureView: showGestureView !!
02-03 13:28:58.790  2134  2134 D NavigationGestureController: Trigger function: 0 on 0
02-03 13:28:58.807 20755 20755 I GoogleInputMethodService: GoogleInputMethodService.onFinishInputView():1588 onFinishInputView(false)
02-03 13:28:58.808 20755 20755 I GlobeKeyExtension: GlobeKeyExtension.onDeactivate():144 
02-03 13:28:58.809 20755 20755 I VoiceInputManagerWrapper: VoiceInputManagerWrapper.shutdown():131 shutdown()
02-03 13:28:58.811 20755 20755 I InputBundle: InputBundle.consumeEvent():1037 Skip consuming an event as keyboard status is INACTIVE
02-03 13:28:58.812 20755 20755 I AndroidIME: AbstractIme.onDeactivate():213 LatinIme.onDeactivate()
02-03 13:28:58.813  2134  2134 D NavigationBarView: [updateNavButtonIcons] Home: vis= true alpha: 1.0, Back: vis= true alpha: 1.0, Recent: vis= true alpha: 1.0
02-03 13:28:58.814 20755 20755 I PrimesLoggerHolder: FrameMetricServiceImpl.stopAsFuture():239 Measurement not found: OnConfigurationChanged
02-03 13:28:58.818 20755 20755 W TooltipLifecycleManager: TooltipLifecycleManager.dismissTooltips():153 Tooltip with id undo_access_point_promotion_banner not found in tooltipManager.
02-03 13:28:58.828 20755 20861 I OnDeviceWmrCalculator: OnDeviceWmrCalculator.calculateWmr():94 WMR: -1.0000 (0 / 0)
02-03 13:28:58.833 20755 20755 I KeyboardModeUtils: KeyboardModeUtils.getKeyboardBottomOffset():435 inch: 0.000000 ydpi: 403.411011 adjustKeyboardBottomByDisplaySize: false currentDensityDpi: 460 defaultDensityDpi: 460 keyboardBottomToScreenPx: 0 keyboardBottomToNavBarPx: 0 navBarHeight: 0
02-03 13:28:58.833 20755 20755 I BaseKeyboardSizeHelper: BaseKeyboardSizeHelper.calculateMaxKeyboardBodyHeight():73 leave 279 height for app when ime window height:2091, header height:127 and isFullscreenMode:false, so the max keyboard body height is:1685
02-03 13:28:58.833 20755 20755 I BaseKeyboardSizeHelper: BaseKeyboardSizeHelper.calculateMaxKeyboardBodyHeight():73 leave 279 height for app when ime window height:2091, header height:127 and isFullscreenMode:false, so the max keyboard body height is:1685
02-03 13:28:58.843   705 10305 I SSC_HAL : handle_sns_std_sensor_event:395, [SSC_HAL] ACCEL, X:-0.40 Y:8.48 Z:4.73
02-03 13:28:59.232   720   720 E         : perfHint : 1087, type 1, pl_time -1, android
02-03 13:28:59.280   720   720 E         : perfHint : 1080, type 1, pl_time 501, android
02-03 13:28:59.281   720   720 E         : perfHint : 1080, type 1, pl_time 833, android
02-03 13:28:59.493   743   743 E BufferQueueConsumer: BufferQueueConsumer mLowLatencys=0
02-03 13:28:59.649  1911  3164 I chatty  : uid=1000(system) Binder:1911_D expire 1 line
02-03 13:28:59.654 10232 10232 W wk:do_write_ev: type=1400 audit(0.0:11292): avc: denied { chown } for capability=0 scontext=u:r:kernel:s0 tcontext=u:r:kernel:s0 tclass=capability permissive=0
02-03 13:28:59.663  2543  2543 D ServiceStateProvider: subId=2147483643
02-03 13:28:59.666  2134  2134 D KeyguardUpdateMonitor: received broadcast android.intent.action.SERVICE_STATE
02-03 13:28:59.666  2134  2272 D NetworkController: onReceive: intent=Intent { act=android.intent.action.SERVICE_STATE flg=0x1000010 (has extras) }
02-03 13:28:59.666  2134  2134 V KeyguardUpdateMonitor: action android.intent.action.SERVICE_STATE serviceState={mVoiceRegState=1(OUT_OF_SERVICE), mDataRegState=1(OUT_OF_SERVICE), mChannelNumber=3650, duplexMode()=0, mCellBandwidths=[], mVoiceRoamingType=home, mDataRoamingType=home, mVoiceOperatorAlphaLong=, mVoiceOperatorAlphaShort=, mDataOperatorAlphaLong=, mDataOperatorAlphaShort=, isManualNetworkSelection=false(automatic), mRilVoiceRadioTechnology=14(LTE), mRilDataRadioTechnology=0(Unknown), mCssIndicator=unsupported, mNetworkId=-1, mSystemId=-1, mCdmaRoamingIndicator=-1, mCdmaDefaultRoamingIndicator=-1, mIsEmergencyOnly=true, mIsDataRoamingFromRegistration=false, mIsUsingCarrierAggregation=false, mLteEarfcnRsrpBoost=0, mNetworkRegistrationStates=[]} subId=2147483643
02-03 13:28:59.666  2134  2134 D KeyguardUpdateMonitor: handleServiceStateChange(subId=2147483643, serviceState={mVoiceRegState=1(OUT_OF_SERVICE), mDataRegState=1(OUT_OF_SERVICE), mChannelNumber=3650, duplexMode()=0, mCellBandwidths=[], mVoiceRoamingType=home, mDataRoamingType=home, mVoiceOperatorAlphaLong=, mVoiceOperatorAlphaShort=, mDataOperatorAlphaLong=, mDataOperatorAlphaShort=, isManualNetworkSelection=false(automatic), mRilVoiceRadioTechnology=14(LTE), mRilDataRadioTechnology=0(Unknown), mCssIndicator=unsupported, mNetworkId=-1, mSystemId=-1, mCdmaRoamingIndicator=-1, mCdmaDefaultRoamingIndicator=-1, mIsEmergencyOnly=true, mIsDataRoamingFromRegistration=false, mIsUsingCarrierAggregation=false, mLteEarfcnRsrpBoost=0, mNetworkRegistrationStates=[]}
02-03 13:28:59.666  2134  2134 D CarrierText: updateCarrierText(): 0
02-03 13:28:59.668  2543  2543 D ChangeTimeZoneReceiver: ChangeTimeZoneReceiver onReceive(): action = android.intent.action.NETWORK_SET_TIMEZONE
02-03 13:28:59.668  2543  2543 D ChangeTimeZoneReceiver: ChangeTimeZoneReceiver onReceive(): intent.getAction() == TelephonyIntents.ACTION_NETWORK_SET_TIMEZONE, unregister mAutoTimeZoneObserver and cancel mPendingIntent
02-03 13:28:59.668  2543  2543 D PhoneGlobals: [mPhoneStateListener] onServiceStateChanged, subId[0] = 2147483643, phoneId = 0
02-03 13:28:59.668  2543  2543 D PhoneGlobals: [mPhoneStateListener] onServiceStateChanged, state.getState() = 1
02-03 13:28:59.668  1911  1942 I chatty  : uid=1000(system) ActivityManager expire 3 lines
02-03 13:28:59.668  2543  2543 D [TELESERVICE][AsusPhoneUtils]: tryToNotifyOffDataRoamingOption(), bRoaming = false, slot = 0
02-03 13:28:59.669  2543  2543 D [TELESERVICE][AsusPhoneUtils]: [mPhoneStateListener] onServiceStateChanged, isNonRoamingInService = false
02-03 13:28:59.669  2543  2543 D [TELESERVICE][AsusPhoneUtils]: [mPhoneStateListener] onServiceStateChanged, state.getRoaming() = false, phone.getDataRoamingEnabled() = false
02-03 13:28:59.669  2543  2543 D [TELESERVICE][AsusPhoneUtils]: getMobileSlot(): slotId = 0
02-03 13:28:59.669  2543  2543 D [TELESERVICE][AsusPhoneUtils]: getRoamingNotificationDB: iRoamingNotificationState = 1, ret = true
02-03 13:28:59.669  2543  2543 D [TELESERVICE][AsusPhoneUtils]: [mPhoneStateListener] onServiceStateChanged, mobileDataOn = true
02-03 13:28:59.669  2543  2543 D PhoneGlobals: onServiceStateChanged(): AsusPhoneUtils.sServiceState = 1, AsusPhoneUtils.sServiceState2 = 1
02-03 13:28:59.670  8170  8170 V AsusCellBroadcast: [CellBroadcastReceiver] onReceive Intent { act=android.intent.action.SERVICE_STATE flg=0x1000010 cmp=com.android.cellbroadcastreceiver/.CellBroadcastReceiver (has extras) } , privileged=false
02-03 13:28:59.670  2543  2543 D PhoneGlobals: onReceive(): action = android.intent.action.SERVICE_STATE
02-03 13:28:59.670  2543  2543 D PhoneGlobals: mReceiver: ACTION_SERVICE_STATE_CHANGED
02-03 13:28:59.670  2543  2543 D PhoneGlobals: handleServiceStateChanged: intent = Intent { act=android.intent.action.SERVICE_STATE flg=0x1000010 (has extras) }
02-03 13:28:59.670  2543  2543 V PhoneGlobals: handleServiceStateChanged
02-03 13:28:59.670  2134  2134 D CarrierText: Getting plmn/spn sticky brdcst 僅可撥打緊急電話/
02-03 13:28:59.670  1911  3164 I chatty  : uid=1000(system) Binder:1911_D expire 3 lines
02-03 13:28:59.670  2134  2134 D CarrierText: displayText--沒有 SIM 卡 ╱ 僅可撥打緊急電話
02-03 13:28:59.671  2543  2543 D PhoneGlobals: handleServiceStateChanged: state = 1, ss.getVoiceRoaming() = false
02-03 13:28:59.671  2543  2543 V PhoneGlobals: subId=2147483643,mDefaultDataSubId=2147483643,ss roaming=false
02-03 13:28:59.671  2543  2543 V PhoneGlobals: updateDataRoamingStatus
02-03 13:28:59.671  2134  2134 D CarrierText: updateCarrierText(): 0
02-03 13:28:59.673  2543  2543 V PhoneGlobals: dataAllowed=false, reasons=Data disallowed, reasons: RECORD_NOT_LOADED NOT_ATTACHED
02-03 13:28:59.673  2543  2543 D PhoneGlobals: updateDataRoamingStatus dataAllowed = false, reasons = Data disallowed, reasons: RECORD_NOT_LOADED NOT_ATTACHED, mNoDataDueToRoaming = false
02-03 13:28:59.673  2543  2543 D PhoneGlobals: updateDataRoamingStatus bROAMING_DISABLED_NOT_ATTACHED = false
02-03 13:28:59.673  2543  2543 D PhoneGlobals: updateDataRoamingStatus bNOT_ATTACHED_ROAMING_DISABLED = false
02-03 13:28:59.673  2543  2543 D PhoneGlobals: updateDataRoamingStatus bAsusRoamingDisabled = false
02-03 13:28:59.673  2543  2543 D PhoneGlobals: handleMessage() msg.what: 102
02-03 13:28:59.673  2543  2543 D [TELESERVICE][AsusPhoneUtils]: cancelDataRoamingAccessAllowed(): iSlotId = 0
02-03 13:28:59.675  2134  2134 D CarrierText: Getting plmn/spn sticky brdcst 僅可撥打緊急電話/
02-03 13:28:59.675  2134  2134 D CarrierText: displayText--沒有 SIM 卡 ╱ 僅可撥打緊急電話
02-03 13:28:59.676  4737  4737 D SimCardReceiver: onReceive actioncode: android.intent.action.SERVICE_STATE
02-03 13:28:59.679  1911  6914 D Telecom : TelecomServiceImpl: getCallCapablePhoneAccounts callingPackage = com.asus.contacts
02-03 13:28:59.679  1911  6914 D Telecom : TelecomServiceImpl: canReadPhoneState callingPackage = com.asus.contacts: TSI.gCCPA@CFE
02-03 13:28:59.679  1911  6914 D Telecom : TelecomServiceImpl: isPrivilegedDialerCalling = com.asus.contacts: TSI.gCCPA@CFE
02-03 13:28:59.679  4737 11501 D AsusContactsTelephonyManager: [getSimCardPhoneAccountHandle] accountHandles size = 0, slotId = 0
02-03 13:28:59.679  4737 11501 D AsusContactsTelephonyManager: [getSimCardPhoneAccountHandle] Can't find PhoneAccountHandle for slot:0
02-03 13:28:59.679  4737 11501 D PhoneCapabilityTester: sim1 isActive = false
02-03 13:28:59.680  1911  6914 D Telecom : TelecomServiceImpl: getCallCapablePhoneAccounts callingPackage = com.asus.contacts
02-03 13:28:59.680  1911  6914 D Telecom : TelecomServiceImpl: canReadPhoneState callingPackage = com.asus.contacts: TSI.gCCPA@CFM
02-03 13:28:59.680  1911  6914 D Telecom : TelecomServiceImpl: isPrivilegedDialerCalling = com.asus.contacts: TSI.gCCPA@CFM
02-03 13:28:59.681  4737 11501 D AsusContactsTelephonyManager: [getSimCardPhoneAccountHandle] accountHandles size = 0, slotId = 1
02-03 13:28:59.681  4737 11501 D AsusContactsTelephonyManager: [getSimCardPhoneAccountHandle] Can't find PhoneAccountHandle for slot:1
02-03 13:28:59.681  4737 11501 D PhoneCapabilityTester: sim2 isActive = false
02-03 13:28:59.826   743   743 E BufferQueueConsumer: BufferQueueConsumer mLowLatencys=0
02-03 13:28:59.860   705 10305 I SSC_HAL : handle_sns_std_sensor_event:395, [SSC_HAL] ACCEL, X:0.06 Y:8.10 Z:4.91
02-03 13:28:59.912 20755 20755 I GoogleInputMethodService: GoogleInputMethodService.onStartInput():1371 onStartInput(EditorInfo{EditorInfo{packageName=com.example.wakeonlanhomephone, inputType=0, inputTypeString=NULL, enableLearning=false, autoCorrection=false, autoComplete=false, imeOptions=0, privateImeOptions=null, actionName=UNSPECIFIED, actionLabel=null, initialSelStart=-1, initialSelEnd=-1, initialCapsMode=0, label=null, fieldId=-1, fieldName=null, extras=null, hintText=null, hintLocales=[]}}, true)
02-03 13:28:59.912 20755 20755 W SessionManager: SessionManager.beginSession():53 Try to begin an already begun session [INPUT_SESSION], end it first
02-03 13:28:59.914 20755 20755 I Module  : DeviceLockedStatusModuleProvider$Module.updateDeviceLockedStatus():103 repeatCheckTimes = 1, locked = false
02-03 13:29:00.005  1911  1942 I chatty  : uid=1000(system) ActivityManager expire 3 lines
02-03 13:29:00.007  2134  2134 D KeyguardUpdateMonitor: received broadcast android.intent.action.TIME_TICK
02-03 13:29:00.007  2134  2134 D KeyguardUpdateMonitor: handleTimeUpdate
02-03 13:29:00.021  2134  2328 D StatusBarClock: Received:android.intent.action.TIME_TICK|mAmPmStyle: 1
02-03 13:29:00.021  2134  2134 D StatusBarClock: getSmallTime: 下午1:29
02-03 13:29:00.108  1911  2430 I chatty  : uid=1000(system) Binder:1911_7 expire 3 lines
02-03 13:29:00.121  3274  3876 I AnimationIconReceiver: Get animation icon from Method 4= [com.asus.deskclock] 207 x 207
02-03 13:29:00.121  3274  3876 D AnimationIconReceiver: get app package name: com.asus.deskclock class name: com.asus.deskclock.DeskClock size: 207
02-03 13:29:00.193   743   743 E BufferQueueConsumer: BufferQueueConsumer mLowLatencys=0
02-03 13:29:00.220  3274  3876 D AnimationIconReceiver: update icon to DB - componentName: com.asus.deskclock/com.asus.deskclock.DeskClock isEnable: true
02-03 13:29:00.220  3274  3876 D AnimationIconReceiver: get animation icon but doesn't flush immediately because mUseInstallQueue: true launcherNotLoaded: false
02-03 13:29:00.526   743   743 E BufferQueueConsumer: BufferQueueConsumer mLowLatencys=0
02-03 13:29:00.583  1074  1391 W Netd    : No subsystem found in netlink event
02-03 13:29:00.584  1911  2043 I chatty  : uid=1000(system) WifiStateMachin expire 18 lines
02-03 13:29:00.584  1911  2031 E NetdConnector: RCV <- {614 Address updated 2407:4d00:9c00:9158:2707:bacc:75c6:f3e0/64 wlan0 0 0}
02-03 13:29:00.585  1911  2031 E NetdConnector: RCV <- {614 Address updated 2407:4d00:9c00:9158:30d1:e396:5072:e0ad/64 wlan0 1 0}
02-03 13:29:00.585  1911  2031 E NetdConnector: RCV <- {615 DnsInfo servers wlan0 86400 2407:4d00:9c00:9158:38ad:2bff:fe39:f0f4,2001:4546:1::1,2001:4546:2::1}
02-03 13:29:00.859   743   743 E BufferQueueConsumer: BufferQueueConsumer mLowLatencys=0
02-03 13:29:00.877   705 10305 I SSC_HAL : handle_sns_std_sensor_event:395, [SSC_HAL] ACCEL, X:0.16 Y:8.59 Z:4.46
02-03 13:29:01.192   743   743 E BufferQueueConsumer: BufferQueueConsumer mLowLatencys=0
02-03 13:29:01.507  1074  1391 W Netd    : No subsystem found in netlink event
02-03 13:29:01.508  1911  2031 E NetdConnector: RCV <- {614 Address updated 2407:4d00:9c00:9158:2707:bacc:75c6:f3e0/64 wlan0 0 0}
